Archive member included because of file (symbol)

../helloworld_bsp/\libhal_bsp.a(alt_load.o)
                              ../helloworld_bsp//obj/HAL/src/crt0.o (alt_load)
../helloworld_bsp/\libhal_bsp.a(alt_main.o)
                              ../helloworld_bsp//obj/HAL/src/crt0.o (alt_main)
../helloworld_bsp/\libhal_bsp.a(alt_printf.o)
                              obj/default/main.o (alt_printf)
../helloworld_bsp/\libhal_bsp.a(alt_putchar.o)
                              ../helloworld_bsp/\libhal_bsp.a(alt_printf.o) (alt_putchar)
../helloworld_bsp/\libhal_bsp.a(alt_putstr.o)
                              obj/default/main.o (alt_putstr)
../helloworld_bsp/\libhal_bsp.a(alt_sys_init.o)
                              ../helloworld_bsp/\libhal_bsp.a(alt_main.o) (alt_sys_init)
../helloworld_bsp/\libhal_bsp.a(altera_avalon_jtag_uart_write.o)
                              ../helloworld_bsp/\libhal_bsp.a(alt_putchar.o) (altera_avalon_jtag_uart_write)
../helloworld_bsp/\libhal_bsp.a(alt_dcache_flush_all.o)
                              ../helloworld_bsp/\libhal_bsp.a(alt_load.o) (alt_dcache_flush_all)
../helloworld_bsp/\libhal_bsp.a(alt_icache_flush_all.o)
                              ../helloworld_bsp/\libhal_bsp.a(alt_load.o) (alt_icache_flush_all)
../helloworld_bsp/\libhal_bsp.a(altera_nios2_irq.o)
                              ../helloworld_bsp/\libhal_bsp.a(alt_sys_init.o) (altera_nios2_irq_init)
c:/altera/11.1sp1/nios2eds/bin/gnu/h-i686-mingw32/bin/../lib/gcc/nios2-elf/4.1.2/../../../../nios2-elf/lib/mno-hw-mul\libsmallc.a(lib_a-strlen.o)
                              ../helloworld_bsp/\libhal_bsp.a(alt_putstr.o) (strlen)

Memory Configuration

Name             Origin             Length             Attributes
reset            0x00002000         0x00000020
sram             0x00002020         0x00001fe0
*default*        0x00000000         0xffffffff

Linker script and memory map

LOAD ../helloworld_bsp//obj/HAL/src/crt0.o
                0x0000200c                exit = _exit
LOAD obj/default/main.o
LOAD c:/altera/11.1sp1/nios2eds/bin/gnu/h-i686-mingw32/bin/../lib/gcc/nios2-elf/4.1.2/../../../../nios2-elf/lib/mno-hw-mul\libstdc++.a
LOAD c:/altera/11.1sp1/nios2eds/bin/gnu/h-i686-mingw32/bin/../lib/gcc/nios2-elf/4.1.2/../../../../nios2-elf/lib/mno-hw-mul\libm.a
LOAD c:/altera/11.1sp1/nios2eds/bin/gnu/h-i686-mingw32/bin/../lib/gcc/nios2-elf/4.1.2/mno-hw-mul\libgcc.a
START GROUP
LOAD c:/altera/11.1sp1/nios2eds/bin/gnu/h-i686-mingw32/bin/../lib/gcc/nios2-elf/4.1.2/../../../../nios2-elf/lib/mno-hw-mul\libsmallc.a
LOAD c:/altera/11.1sp1/nios2eds/bin/gnu/h-i686-mingw32/bin/../lib/gcc/nios2-elf/4.1.2/mno-hw-mul\libgcc.a
LOAD ../helloworld_bsp/\libhal_bsp.a
END GROUP
LOAD c:/altera/11.1sp1/nios2eds/bin/gnu/h-i686-mingw32/bin/../lib/gcc/nios2-elf/4.1.2/mno-hw-mul\libgcc.a
                0x00002000                __alt_mem_sram = 0x2000

.entry          0x00002000       0x20
 *(.entry)
 .entry         0x00002000       0x20 ../helloworld_bsp//obj/HAL/src/crt0.o
                0x00002000                __reset
                0x0000200c                _exit

.exceptions     0x00002020        0x0
                0x00002020                PROVIDE (__ram_exceptions_start, ABSOLUTE (.))
                0x00002020                . = ALIGN (0x20)
 *(.irq)
 *(.exceptions.entry.label)
 *(.exceptions.entry.user)
 *(.exceptions.entry)
 *(.exceptions.irqtest.user)
 *(.exceptions.irqtest)
 *(.exceptions.irqhandler.user)
 *(.exceptions.irqhandler)
 *(.exceptions.irqreturn.user)
 *(.exceptions.irqreturn)
 *(.exceptions.notirq.label)
 *(.exceptions.notirq.user)
 *(.exceptions.notirq)
 *(.exceptions.soft.user)
 *(.exceptions.soft)
 *(.exceptions.unknown.user)
 *(.exceptions.unknown)
 *(.exceptions.exit.label)
 *(.exceptions.exit.user)
 *(.exceptions.exit)
 *(.exceptions)
                0x00002020                PROVIDE (__ram_exceptions_end, ABSOLUTE (.))
                0x00002020                PROVIDE (__flash_exceptions_start, LOADADDR (.exceptions))

.text           0x00002020      0x548
                0x00002020                PROVIDE (stext, ABSOLUTE (.))
 *(.interp)
 *(.hash)
 *(.dynsym)
 *(.dynstr)
 *(.gnu.version)
 *(.gnu.version_d)
 *(.gnu.version_r)
 *(.rel.init)
 *(.rela.init)
 *(.rel.text .rel.text.* .rel.gnu.linkonce.t.*)
 *(.rela.text .rela.text.* .rela.gnu.linkonce.t.*)
 *(.rel.fini)
 *(.rela.fini)
 *(.rel.rodata .rel.rodata.* .rel.gnu.linkonce.r.*)
 *(.rela.rodata .rela.rodata.* .rela.gnu.linkonce.r.*)
 *(.rel.data .rel.data.* .rel.gnu.linkonce.d.*)
 *(.rela.data .rela.data.* .rela.gnu.linkonce.d.*)
 *(.rel.tdata .rel.tdata.* .rel.gnu.linkonce.td.*)
 *(.rela.tdata .rela.tdata.* .rela.gnu.linkonce.td.*)
 *(.rel.tbss .rel.tbss.* .rel.gnu.linkonce.tb.*)
 *(.rela.tbss .rela.tbss.* .rela.gnu.linkonce.tb.*)
 *(.rel.ctors)
 *(.rela.ctors)
 *(.rel.dtors)
 *(.rela.dtors)
 *(.rel.got)
 *(.rela.got)
 *(.rel.sdata .rel.sdata.* .rel.gnu.linkonce.s.*)
 *(.rela.sdata .rela.sdata.* .rela.gnu.linkonce.s.*)
 *(.rel.sbss .rel.sbss.* .rel.gnu.linkonce.sb.*)
 *(.rela.sbss .rela.sbss.* .rela.gnu.linkonce.sb.*)
 *(.rel.sdata2 .rel.sdata2.* .rel.gnu.linkonce.s2.*)
 *(.rela.sdata2 .rela.sdata2.* .rela.gnu.linkonce.s2.*)
 *(.rel.sbss2 .rel.sbss2.* .rel.gnu.linkonce.sb2.*)
 *(.rela.sbss2 .rela.sbss2.* .rela.gnu.linkonce.sb2.*)
 *(.rel.bss .rel.bss.* .rel.gnu.linkonce.b.*)
 *(.rela.bss .rela.bss.* .rela.gnu.linkonce.b.*)
 *(.rel.plt)
 *(.rela.plt)
 *(.rel.dyn)
 *(.init)
 *(.plt)
 *(.text .stub .text.* .gnu.linkonce.t.*)
 .text          0x00002020       0x3c ../helloworld_bsp//obj/HAL/src/crt0.o
                0x00002020                _start
 .text          0x0000205c      0x200 obj/default/main.o
                0x0000205c                main
 .text          0x0000225c       0x8c ../helloworld_bsp/\libhal_bsp.a(alt_load.o)
                0x0000227c                alt_load
 .text          0x000022e8       0x2c ../helloworld_bsp/\libhal_bsp.a(alt_main.o)
                0x000022e8                alt_main
 .text          0x00002314      0x144 ../helloworld_bsp/\libhal_bsp.a(alt_printf.o)
                0x00002314                alt_printf
 .text          0x00002458       0x50 ../helloworld_bsp/\libhal_bsp.a(alt_putchar.o)
                0x00002458                alt_putchar
 .text          0x000024a8       0x38 ../helloworld_bsp/\libhal_bsp.a(alt_putstr.o)
                0x000024a8                alt_putstr
 .text          0x000024e0       0x24 ../helloworld_bsp/\libhal_bsp.a(alt_sys_init.o)
                0x000024e0                alt_sys_init
                0x000024e4                alt_irq_init
 .text          0x00002504       0x34 ../helloworld_bsp/\libhal_bsp.a(altera_avalon_jtag_uart_write.o)
                0x00002504                altera_avalon_jtag_uart_write
 .text          0x00002538        0x4 ../helloworld_bsp/\libhal_bsp.a(alt_dcache_flush_all.o)
                0x00002538                alt_dcache_flush_all
 .text          0x0000253c        0x4 ../helloworld_bsp/\libhal_bsp.a(alt_icache_flush_all.o)
                0x0000253c                alt_icache_flush_all
 .text          0x00002540        0x8 ../helloworld_bsp/\libhal_bsp.a(altera_nios2_irq.o)
                0x00002540                altera_nios2_irq_init
 .text          0x00002548       0x20 c:/altera/11.1sp1/nios2eds/bin/gnu/h-i686-mingw32/bin/../lib/gcc/nios2-elf/4.1.2/../../../../nios2-elf/lib/mno-hw-mul\libsmallc.a(lib_a-strlen.o)
                0x00002548                strlen
 *(.gnu.warning.*)
 *(.fini)
                0x00002568                PROVIDE (__etext, ABSOLUTE (.))
                0x00002568                PROVIDE (_etext, ABSOLUTE (.))
                0x00002568                PROVIDE (etext, ABSOLUTE (.))
 *(.eh_frame_hdr)
                0x00002568                . = ALIGN (0x4)
                0x00002568                PROVIDE (__preinit_array_start, ABSOLUTE (.))
 *(.preinit_array)
                0x00002568                PROVIDE (__preinit_array_end, ABSOLUTE (.))
                0x00002568                PROVIDE (__init_array_start, ABSOLUTE (.))
 *(.init_array)
                0x00002568                PROVIDE (__init_array_end, ABSOLUTE (.))
                0x00002568                PROVIDE (__fini_array_start, ABSOLUTE (.))
 *(.fini_array)
                0x00002568                PROVIDE (__fini_array_end, ABSOLUTE (.))
 *(.eh_frame)
 *(.gcc_except_table)
 *(.dynamic)
                0x00002568                PROVIDE (__CTOR_LIST__, ABSOLUTE (.))
 *(.ctors)
 *(SORT(.ctors.*))
                0x00002568                PROVIDE (__CTOR_END__, ABSOLUTE (.))
                0x00002568                PROVIDE (__DTOR_LIST__, ABSOLUTE (.))
 *(.dtors)
 *(SORT(.dtors.*))
                0x00002568                PROVIDE (__DTOR_END__, ABSOLUTE (.))
 *(.jcr)
                0x00002568                . = ALIGN (0x4)

.rodata         0x00002568       0x54
                0x00002568                PROVIDE (__ram_rodata_start, ABSOLUTE (.))
                0x00002568                . = ALIGN (0x4)
 *(.rodata .rodata.* .gnu.linkonce.r.*)
 .rodata        0x00002568       0x54 obj/default/main.o
 *(.rodata1)
                0x000025bc                . = ALIGN (0x4)
                0x000025bc                PROVIDE (__ram_rodata_end, ABSOLUTE (.))
                0x00002568                PROVIDE (__flash_rodata_start, LOADADDR (.rodata))

.rwdata         0x000025bc       0x30 load address 0x000025ec
                0x000025bc                PROVIDE (__ram_rwdata_start, ABSOLUTE (.))
                0x000025bc                . = ALIGN (0x4)
 *(.got.plt)
 *(.got)
 *(.data1)
 *(.data .data.* .gnu.linkonce.d.*)
 .data          0x000025bc        0x0 ../helloworld_bsp//obj/HAL/src/crt0.o
 .data          0x000025bc       0x2a obj/default/main.o
 .data          0x000025e6        0x0 ../helloworld_bsp/\libhal_bsp.a(alt_load.o)
 .data          0x000025e6        0x0 ../helloworld_bsp/\libhal_bsp.a(alt_main.o)
 .data          0x000025e6        0x0 ../helloworld_bsp/\libhal_bsp.a(alt_printf.o)
 .data          0x000025e6        0x0 ../helloworld_bsp/\libhal_bsp.a(alt_putchar.o)
 .data          0x000025e6        0x0 ../helloworld_bsp/\libhal_bsp.a(alt_putstr.o)
 .data          0x000025e6        0x0 ../helloworld_bsp/\libhal_bsp.a(alt_sys_init.o)
 .data          0x000025e6        0x0 ../helloworld_bsp/\libhal_bsp.a(altera_avalon_jtag_uart_write.o)
 .data          0x000025e6        0x0 ../helloworld_bsp/\libhal_bsp.a(alt_dcache_flush_all.o)
 .data          0x000025e6        0x0 ../helloworld_bsp/\libhal_bsp.a(alt_icache_flush_all.o)
 .data          0x000025e6        0x0 ../helloworld_bsp/\libhal_bsp.a(altera_nios2_irq.o)
 .data          0x000025e6        0x0 c:/altera/11.1sp1/nios2eds/bin/gnu/h-i686-mingw32/bin/../lib/gcc/nios2-elf/4.1.2/../../../../nios2-elf/lib/mno-hw-mul\libsmallc.a(lib_a-strlen.o)
                0x0000a5e6                _gp = ABSOLUTE ((. + 0x8000))
                0x0000a5e6                PROVIDE (gp, _gp)
 *(.rwdata .rwdata.*)
 *(.sdata .sdata.* .gnu.linkonce.s.*)
 *fill*         0x000025e6        0x2 00
 .sdata         0x000025e8        0x4 ../helloworld_bsp/\libhal_bsp.a(alt_sys_init.o)
                0x000025e8                jtag_uart
 *(.sdata2 .sdata2.* .gnu.linkonce.s2.*)
                0x000025ec                . = ALIGN (0x4)
                0x000025ec                _edata = ABSOLUTE (.)
                0x000025ec                PROVIDE (edata, ABSOLUTE (.))
                0x000025ec                PROVIDE (__ram_rwdata_end, ABSOLUTE (.))
                0x000025ec                PROVIDE (__flash_rwdata_start, LOADADDR (.rwdata))

.bss            0x0000261c       0x10
                0x0000261c                __bss_start = ABSOLUTE (.)
                0x0000261c                PROVIDE (__sbss_start, ABSOLUTE (.))
                0x0000261c                PROVIDE (___sbss_start, ABSOLUTE (.))
 *(.dynsbss)
 *(.sbss .sbss.* .gnu.linkonce.sb.*)
 .sbss          0x0000261c        0x1 obj/default/main.o
 *fill*         0x0000261d        0x3 00
 .sbss          0x00002620        0xc ../helloworld_bsp/\libhal_bsp.a(alt_main.o)
                0x00002620                alt_argc
                0x00002624                alt_argv
                0x00002628                alt_envp
 *(.sbss2 .sbss2.* .gnu.linkonce.sb2.*)
 *(.scommon)
                0x0000262c                PROVIDE (__sbss_end, ABSOLUTE (.))
                0x0000262c                PROVIDE (___sbss_end, ABSOLUTE (.))
 *(.dynbss)
 *(.bss .bss.* .gnu.linkonce.b.*)
 .bss           0x0000262c        0x0 ../helloworld_bsp//obj/HAL/src/crt0.o
 .bss           0x0000262c        0x0 obj/default/main.o
 .bss           0x0000262c        0x0 ../helloworld_bsp/\libhal_bsp.a(alt_load.o)
 .bss           0x0000262c        0x0 ../helloworld_bsp/\libhal_bsp.a(alt_main.o)
 .bss           0x0000262c        0x0 ../helloworld_bsp/\libhal_bsp.a(alt_printf.o)
 .bss           0x0000262c        0x0 ../helloworld_bsp/\libhal_bsp.a(alt_putchar.o)
 .bss           0x0000262c        0x0 ../helloworld_bsp/\libhal_bsp.a(alt_putstr.o)
 .bss           0x0000262c        0x0 ../helloworld_bsp/\libhal_bsp.a(alt_sys_init.o)
 .bss           0x0000262c        0x0 ../helloworld_bsp/\libhal_bsp.a(altera_avalon_jtag_uart_write.o)
 .bss           0x0000262c        0x0 ../helloworld_bsp/\libhal_bsp.a(alt_dcache_flush_all.o)
 .bss           0x0000262c        0x0 ../helloworld_bsp/\libhal_bsp.a(alt_icache_flush_all.o)
 .bss           0x0000262c        0x0 ../helloworld_bsp/\libhal_bsp.a(altera_nios2_irq.o)
 .bss           0x0000262c        0x0 c:/altera/11.1sp1/nios2eds/bin/gnu/h-i686-mingw32/bin/../lib/gcc/nios2-elf/4.1.2/../../../../nios2-elf/lib/mno-hw-mul\libsmallc.a(lib_a-strlen.o)
 *(COMMON)
                0x0000262c                . = ALIGN (0x4)
                0x0000262c                __bss_end = ABSOLUTE (.)

.sram           0x0000262c        0x0
                0x0000262c                PROVIDE (_alt_partition_sram_start, ABSOLUTE (.))
 *(.sram. sram.*)
                0x0000262c                . = ALIGN (0x4)
                0x0000262c                PROVIDE (_alt_partition_sram_end, ABSOLUTE (.))
                0x0000262c                _end = ABSOLUTE (.)
                0x0000262c                end = ABSOLUTE (.)
                0x0000262c                __alt_stack_base = ABSOLUTE (.)
                0x0000262c                PROVIDE (_alt_partition_sram_load_addr, LOADADDR (.sram))

.stab
 *(.stab)

.stabstr
 *(.stabstr)

.stab.excl
 *(.stab.excl)

.stab.exclstr
 *(.stab.exclstr)

.stab.index
 *(.stab.index)

.stab.indexstr
 *(.stab.indexstr)

.comment        0x00000000       0x26
 *(.comment)
 .comment       0x00000000       0x26 obj/default/main.o
                                 0x27 (size before relaxing)
 .comment       0x00000000       0x27 ../helloworld_bsp/\libhal_bsp.a(alt_load.o)
 .comment       0x00000000       0x27 ../helloworld_bsp/\libhal_bsp.a(alt_main.o)
 .comment       0x00000000       0x27 ../helloworld_bsp/\libhal_bsp.a(alt_printf.o)
 .comment       0x00000000       0x27 ../helloworld_bsp/\libhal_bsp.a(alt_putchar.o)
 .comment       0x00000000       0x27 ../helloworld_bsp/\libhal_bsp.a(alt_putstr.o)
 .comment       0x00000000       0x27 ../helloworld_bsp/\libhal_bsp.a(alt_sys_init.o)
 .comment       0x00000000       0x27 ../helloworld_bsp/\libhal_bsp.a(altera_avalon_jtag_uart_write.o)
 .comment       0x00000000       0x27 ../helloworld_bsp/\libhal_bsp.a(alt_dcache_flush_all.o)
 .comment       0x00000000       0x27 ../helloworld_bsp/\libhal_bsp.a(alt_icache_flush_all.o)
 .comment       0x00000000       0x27 ../helloworld_bsp/\libhal_bsp.a(altera_nios2_irq.o)
 .comment       0x00000000       0x27 c:/altera/11.1sp1/nios2eds/bin/gnu/h-i686-mingw32/bin/../lib/gcc/nios2-elf/4.1.2/../../../../nios2-elf/lib/mno-hw-mul\libsmallc.a(lib_a-strlen.o)

.debug
 *(.debug)

.line
 *(.line)

.debug_srcinfo
 *(.debug_srcinfo)

.debug_sfnames
 *(.debug_sfnames)

.debug_aranges  0x00000000      0x1a8
 *(.debug_aranges)
 .debug_aranges
                0x00000000       0x28 ../helloworld_bsp//obj/HAL/src/crt0.o
 .debug_aranges
                0x00000028       0x20 obj/default/main.o
 .debug_aranges
                0x00000048       0x20 ../helloworld_bsp/\libhal_bsp.a(alt_load.o)
 .debug_aranges
                0x00000068       0x20 ../helloworld_bsp/\libhal_bsp.a(alt_main.o)
 .debug_aranges
                0x00000088       0x20 ../helloworld_bsp/\libhal_bsp.a(alt_printf.o)
 .debug_aranges
                0x000000a8       0x20 ../helloworld_bsp/\libhal_bsp.a(alt_putchar.o)
 .debug_aranges
                0x000000c8       0x20 ../helloworld_bsp/\libhal_bsp.a(alt_putstr.o)
 .debug_aranges
                0x000000e8       0x20 ../helloworld_bsp/\libhal_bsp.a(alt_sys_init.o)
 .debug_aranges
                0x00000108       0x20 ../helloworld_bsp/\libhal_bsp.a(altera_avalon_jtag_uart_write.o)
 .debug_aranges
                0x00000128       0x20 ../helloworld_bsp/\libhal_bsp.a(alt_dcache_flush_all.o)
 .debug_aranges
                0x00000148       0x20 ../helloworld_bsp/\libhal_bsp.a(alt_icache_flush_all.o)
 .debug_aranges
                0x00000168       0x20 ../helloworld_bsp/\libhal_bsp.a(altera_nios2_irq.o)
 .debug_aranges
                0x00000188       0x20 c:/altera/11.1sp1/nios2eds/bin/gnu/h-i686-mingw32/bin/../lib/gcc/nios2-elf/4.1.2/../../../../nios2-elf/lib/mno-hw-mul\libsmallc.a(lib_a-strlen.o)

.debug_pubnames
                0x00000000      0x1f9
 *(.debug_pubnames)
 .debug_pubnames
                0x00000000       0x1b obj/default/main.o
 .debug_pubnames
                0x0000001b       0x1f ../helloworld_bsp/\libhal_bsp.a(alt_load.o)
 .debug_pubnames
                0x0000003a       0x46 ../helloworld_bsp/\libhal_bsp.a(alt_main.o)
 .debug_pubnames
                0x00000080       0x21 ../helloworld_bsp/\libhal_bsp.a(alt_printf.o)
 .debug_pubnames
                0x000000a1       0x22 ../helloworld_bsp/\libhal_bsp.a(alt_putchar.o)
 .debug_pubnames
                0x000000c3       0x21 ../helloworld_bsp/\libhal_bsp.a(alt_putstr.o)
 .debug_pubnames
                0x000000e4       0x42 ../helloworld_bsp/\libhal_bsp.a(alt_sys_init.o)
 .debug_pubnames
                0x00000126       0x34 ../helloworld_bsp/\libhal_bsp.a(altera_avalon_jtag_uart_write.o)
 .debug_pubnames
                0x0000015a       0x2b ../helloworld_bsp/\libhal_bsp.a(alt_dcache_flush_all.o)
 .debug_pubnames
                0x00000185       0x2b ../helloworld_bsp/\libhal_bsp.a(alt_icache_flush_all.o)
 .debug_pubnames
                0x000001b0       0x2c ../helloworld_bsp/\libhal_bsp.a(altera_nios2_irq.o)
 .debug_pubnames
                0x000001dc       0x1d c:/altera/11.1sp1/nios2eds/bin/gnu/h-i686-mingw32/bin/../lib/gcc/nios2-elf/4.1.2/../../../../nios2-elf/lib/mno-hw-mul\libsmallc.a(lib_a-strlen.o)

.debug_info     0x00000000      0xc6a
 *(.debug_info .gnu.linkonce.wi.*)
 .debug_info    0x00000000       0x86 ../helloworld_bsp//obj/HAL/src/crt0.o
 .debug_info    0x00000086      0x175 obj/default/main.o
 .debug_info    0x000001fb      0x12e ../helloworld_bsp/\libhal_bsp.a(alt_load.o)
 .debug_info    0x00000329      0x125 ../helloworld_bsp/\libhal_bsp.a(alt_main.o)
 .debug_info    0x0000044e      0x11d ../helloworld_bsp/\libhal_bsp.a(alt_printf.o)
 .debug_info    0x0000056b       0xc5 ../helloworld_bsp/\libhal_bsp.a(alt_putchar.o)
 .debug_info    0x00000630       0xc5 ../helloworld_bsp/\libhal_bsp.a(alt_putstr.o)
 .debug_info    0x000006f5      0x17d ../helloworld_bsp/\libhal_bsp.a(alt_sys_init.o)
 .debug_info    0x00000872      0x18f ../helloworld_bsp/\libhal_bsp.a(altera_avalon_jtag_uart_write.o)
 .debug_info    0x00000a01       0x8d ../helloworld_bsp/\libhal_bsp.a(alt_dcache_flush_all.o)
 .debug_info    0x00000a8e       0x8d ../helloworld_bsp/\libhal_bsp.a(alt_icache_flush_all.o)
 .debug_info    0x00000b1b       0x8d ../helloworld_bsp/\libhal_bsp.a(altera_nios2_irq.o)
 .debug_info    0x00000ba8       0xc2 c:/altera/11.1sp1/nios2eds/bin/gnu/h-i686-mingw32/bin/../lib/gcc/nios2-elf/4.1.2/../../../../nios2-elf/lib/mno-hw-mul\libsmallc.a(lib_a-strlen.o)

.debug_abbrev   0x00000000      0x679
 *(.debug_abbrev)
 .debug_abbrev  0x00000000       0x12 ../helloworld_bsp//obj/HAL/src/crt0.o
 .debug_abbrev  0x00000012       0x62 obj/default/main.o
 .debug_abbrev  0x00000074       0x97 ../helloworld_bsp/\libhal_bsp.a(alt_load.o)
 .debug_abbrev  0x0000010b       0xa6 ../helloworld_bsp/\libhal_bsp.a(alt_main.o)
 .debug_abbrev  0x000001b1       0xc7 ../helloworld_bsp/\libhal_bsp.a(alt_printf.o)
 .debug_abbrev  0x00000278       0x7b ../helloworld_bsp/\libhal_bsp.a(alt_putchar.o)
 .debug_abbrev  0x000002f3       0x7c ../helloworld_bsp/\libhal_bsp.a(alt_putstr.o)
 .debug_abbrev  0x0000036f       0xe3 ../helloworld_bsp/\libhal_bsp.a(alt_sys_init.o)
 .debug_abbrev  0x00000452       0xf0 ../helloworld_bsp/\libhal_bsp.a(altera_avalon_jtag_uart_write.o)
 .debug_abbrev  0x00000542       0x3f ../helloworld_bsp/\libhal_bsp.a(alt_dcache_flush_all.o)
 .debug_abbrev  0x00000581       0x3f ../helloworld_bsp/\libhal_bsp.a(alt_icache_flush_all.o)
 .debug_abbrev  0x000005c0       0x3f ../helloworld_bsp/\libhal_bsp.a(altera_nios2_irq.o)
 .debug_abbrev  0x000005ff       0x7a c:/altera/11.1sp1/nios2eds/bin/gnu/h-i686-mingw32/bin/../lib/gcc/nios2-elf/4.1.2/../../../../nios2-elf/lib/mno-hw-mul\libsmallc.a(lib_a-strlen.o)

.debug_line     0x00000000     0x19a5
 *(.debug_line)
 .debug_line    0x00000000       0x66 ../helloworld_bsp//obj/HAL/src/crt0.o
 .debug_line    0x00000066      0x1ac obj/default/main.o
 .debug_line    0x00000212      0x217 ../helloworld_bsp/\libhal_bsp.a(alt_load.o)
 .debug_line    0x00000429      0x2c2 ../helloworld_bsp/\libhal_bsp.a(alt_main.o)
 .debug_line    0x000006eb      0x1f2 ../helloworld_bsp/\libhal_bsp.a(alt_printf.o)
 .debug_line    0x000008dd      0x1f2 ../helloworld_bsp/\libhal_bsp.a(alt_putchar.o)
 .debug_line    0x00000acf      0x1d9 ../helloworld_bsp/\libhal_bsp.a(alt_putstr.o)
 .debug_line    0x00000ca8      0x286 ../helloworld_bsp/\libhal_bsp.a(alt_sys_init.o)
 .debug_line    0x00000f2e      0x2f4 ../helloworld_bsp/\libhal_bsp.a(altera_avalon_jtag_uart_write.o)
 .debug_line    0x00001222      0x1b5 ../helloworld_bsp/\libhal_bsp.a(alt_dcache_flush_all.o)
 .debug_line    0x000013d7      0x1b5 ../helloworld_bsp/\libhal_bsp.a(alt_icache_flush_all.o)
 .debug_line    0x0000158c      0x1c9 ../helloworld_bsp/\libhal_bsp.a(altera_nios2_irq.o)
 .debug_line    0x00001755      0x250 c:/altera/11.1sp1/nios2eds/bin/gnu/h-i686-mingw32/bin/../lib/gcc/nios2-elf/4.1.2/../../../../nios2-elf/lib/mno-hw-mul\libsmallc.a(lib_a-strlen.o)

.debug_frame    0x00000000      0x1e4
 *(.debug_frame)
 .debug_frame   0x00000000       0x2c obj/default/main.o
 .debug_frame   0x0000002c       0x38 ../helloworld_bsp/\libhal_bsp.a(alt_load.o)
 .debug_frame   0x00000064       0x28 ../helloworld_bsp/\libhal_bsp.a(alt_main.o)
 .debug_frame   0x0000008c       0x2c ../helloworld_bsp/\libhal_bsp.a(alt_printf.o)
 .debug_frame   0x000000b8       0x2c ../helloworld_bsp/\libhal_bsp.a(alt_putchar.o)
 .debug_frame   0x000000e4       0x28 ../helloworld_bsp/\libhal_bsp.a(alt_putstr.o)
 .debug_frame   0x0000010c       0x38 ../helloworld_bsp/\libhal_bsp.a(alt_sys_init.o)
 .debug_frame   0x00000144       0x20 ../helloworld_bsp/\libhal_bsp.a(altera_avalon_jtag_uart_write.o)
 .debug_frame   0x00000164       0x20 ../helloworld_bsp/\libhal_bsp.a(alt_dcache_flush_all.o)
 .debug_frame   0x00000184       0x20 ../helloworld_bsp/\libhal_bsp.a(alt_icache_flush_all.o)
 .debug_frame   0x000001a4       0x20 ../helloworld_bsp/\libhal_bsp.a(altera_nios2_irq.o)
 .debug_frame   0x000001c4       0x20 c:/altera/11.1sp1/nios2eds/bin/gnu/h-i686-mingw32/bin/../lib/gcc/nios2-elf/4.1.2/../../../../nios2-elf/lib/mno-hw-mul\libsmallc.a(lib_a-strlen.o)

.debug_str      0x00000000      0x538
 *(.debug_str)
 .debug_str     0x00000000       0x12 obj/default/main.o
 .debug_str     0x00000012      0x1a2 ../helloworld_bsp/\libhal_bsp.a(alt_load.o)
                                0x1db (size before relaxing)
 .debug_str     0x000001b4       0x75 ../helloworld_bsp/\libhal_bsp.a(alt_main.o)
                                0x15f (size before relaxing)
 .debug_str     0x00000229       0x46 ../helloworld_bsp/\libhal_bsp.a(alt_printf.o)
                                 0xc6 (size before relaxing)
 .debug_str     0x0000026f       0x4c ../helloworld_bsp/\libhal_bsp.a(alt_putchar.o)
                                0x136 (size before relaxing)
 .debug_str     0x000002bb       0x20 ../helloworld_bsp/\libhal_bsp.a(alt_putstr.o)
                                0x134 (size before relaxing)
 .debug_str     0x000002db       0x85 ../helloworld_bsp/\libhal_bsp.a(alt_sys_init.o)
                                0x1d2 (size before relaxing)
 .debug_str     0x00000360       0x56 ../helloworld_bsp/\libhal_bsp.a(altera_avalon_jtag_uart_write.o)
                                0x1d7 (size before relaxing)
 .debug_str     0x000003b6       0x34 ../helloworld_bsp/\libhal_bsp.a(alt_dcache_flush_all.o)
                                0x11e (size before relaxing)
 .debug_str     0x000003ea       0x34 ../helloworld_bsp/\libhal_bsp.a(alt_icache_flush_all.o)
                                0x11e (size before relaxing)
 .debug_str     0x0000041e       0x31 ../helloworld_bsp/\libhal_bsp.a(altera_nios2_irq.o)
                                0x11b (size before relaxing)
 .debug_str     0x0000044f       0xe9 c:/altera/11.1sp1/nios2eds/bin/gnu/h-i686-mingw32/bin/../lib/gcc/nios2-elf/4.1.2/../../../../nios2-elf/lib/mno-hw-mul\libsmallc.a(lib_a-strlen.o)
                                0x184 (size before relaxing)

.debug_loc      0x00000000      0x2d9
 *(.debug_loc)
 .debug_loc     0x00000000       0x2b obj/default/main.o
 .debug_loc     0x0000002b       0x1f ../helloworld_bsp/\libhal_bsp.a(alt_load.o)
 .debug_loc     0x0000004a       0x1f ../helloworld_bsp/\libhal_bsp.a(alt_main.o)
 .debug_loc     0x00000069      0x175 ../helloworld_bsp/\libhal_bsp.a(alt_printf.o)
 .debug_loc     0x000001de       0x3d ../helloworld_bsp/\libhal_bsp.a(alt_putchar.o)
 .debug_loc     0x0000021b       0x48 ../helloworld_bsp/\libhal_bsp.a(alt_putstr.o)
 .debug_loc     0x00000263       0x32 ../helloworld_bsp/\libhal_bsp.a(alt_sys_init.o)
 .debug_loc     0x00000295       0x26 ../helloworld_bsp/\libhal_bsp.a(altera_avalon_jtag_uart_write.o)
 .debug_loc     0x000002bb       0x1e c:/altera/11.1sp1/nios2eds/bin/gnu/h-i686-mingw32/bin/../lib/gcc/nios2-elf/4.1.2/../../../../nios2-elf/lib/mno-hw-mul\libsmallc.a(lib_a-strlen.o)

.debug_macinfo
 *(.debug_macinfo)

.debug_weaknames
 *(.debug_weaknames)

.debug_funcnames
 *(.debug_funcnames)

.debug_typenames
 *(.debug_typenames)

.debug_varnames
 *(.debug_varnames)

.debug_alt_sim_info
                0x00000000       0x10
 *(.debug_alt_sim_info)
 .debug_alt_sim_info
                0x00000000       0x10 ../helloworld_bsp//obj/HAL/src/crt0.o
                0x00004000                __alt_data_end = 0x4000
                0x00004000                PROVIDE (__alt_stack_pointer, __alt_data_end)
                0x0000262c                PROVIDE (__alt_stack_limit, __alt_stack_base)
                0x0000262c                PROVIDE (__alt_heap_start, end)
                0x00004000                PROVIDE (__alt_heap_limit, 0x4000)
OUTPUT(helloworld.elf elf32-littlenios2)

.debug_ranges   0x00000000       0x20
 .debug_ranges  0x00000000       0x20 ../helloworld_bsp//obj/HAL/src/crt0.o
