Archive member included because of file (symbol)

c:/altera/11.1sp1/nios2eds/bin/gnu/h-i686-mingw32/bin/../lib/gcc/nios2-elf/4.1.2/mno-hw-mul\libgcc.a(lib2-divmod.o)
                              obj/default/src/mmcfs/fatfs/ff.o (__divsi3)
c:/altera/11.1sp1/nios2eds/bin/gnu/h-i686-mingw32/bin/../lib/gcc/nios2-elf/4.1.2/mno-hw-mul\libgcc.a(lib2-mul.o)
                              obj/default/src/mmcfs/fatfs/ff.o (__mulsi3)
c:/altera/11.1sp1/nios2eds/bin/gnu/h-i686-mingw32/bin/../lib/gcc/nios2-elf/4.1.2/../../../../nios2-elf/lib/mno-hw-mul\libc.a(lib_a-fclose.o)
                              obj/default/src/main.o (fclose)
c:/altera/11.1sp1/nios2eds/bin/gnu/h-i686-mingw32/bin/../lib/gcc/nios2-elf/4.1.2/../../../../nios2-elf/lib/mno-hw-mul\libc.a(lib_a-fflush.o)
                              c:/altera/11.1sp1/nios2eds/bin/gnu/h-i686-mingw32/bin/../lib/gcc/nios2-elf/4.1.2/../../../../nios2-elf/lib/mno-hw-mul\libc.a(lib_a-fclose.o) (_fflush_r)
c:/altera/11.1sp1/nios2eds/bin/gnu/h-i686-mingw32/bin/../lib/gcc/nios2-elf/4.1.2/../../../../nios2-elf/lib/mno-hw-mul\libc.a(lib_a-fgetc.o)
                              obj/default/src/main.o (fgetc)
c:/altera/11.1sp1/nios2eds/bin/gnu/h-i686-mingw32/bin/../lib/gcc/nios2-elf/4.1.2/../../../../nios2-elf/lib/mno-hw-mul\libc.a(lib_a-findfp.o)
                              c:/altera/11.1sp1/nios2eds/bin/gnu/h-i686-mingw32/bin/../lib/gcc/nios2-elf/4.1.2/../../../../nios2-elf/lib/mno-hw-mul\libc.a(lib_a-fclose.o) (__sfp_lock_acquire)
c:/altera/11.1sp1/nios2eds/bin/gnu/h-i686-mingw32/bin/../lib/gcc/nios2-elf/4.1.2/../../../../nios2-elf/lib/mno-hw-mul\libc.a(lib_a-fopen.o)
                              obj/default/src/main.o (fopen)
c:/altera/11.1sp1/nios2eds/bin/gnu/h-i686-mingw32/bin/../lib/gcc/nios2-elf/4.1.2/../../../../nios2-elf/lib/mno-hw-mul\libc.a(lib_a-freer.o)
                              c:/altera/11.1sp1/nios2eds/bin/gnu/h-i686-mingw32/bin/../lib/gcc/nios2-elf/4.1.2/../../../../nios2-elf/lib/mno-hw-mul\libc.a(lib_a-fclose.o) (_free_r)
c:/altera/11.1sp1/nios2eds/bin/gnu/h-i686-mingw32/bin/../lib/gcc/nios2-elf/4.1.2/../../../../nios2-elf/lib/mno-hw-mul\libc.a(lib_a-fseek.o)
                              c:/altera/11.1sp1/nios2eds/bin/gnu/h-i686-mingw32/bin/../lib/gcc/nios2-elf/4.1.2/../../../../nios2-elf/lib/mno-hw-mul\libc.a(lib_a-fopen.o) (_fseek_r)
c:/altera/11.1sp1/nios2eds/bin/gnu/h-i686-mingw32/bin/../lib/gcc/nios2-elf/4.1.2/../../../../nios2-elf/lib/mno-hw-mul\libc.a(lib_a-fstatr.o)
                              c:/altera/11.1sp1/nios2eds/bin/gnu/h-i686-mingw32/bin/../lib/gcc/nios2-elf/4.1.2/../../../../nios2-elf/lib/mno-hw-mul\libc.a(lib_a-fseek.o) (_fstat_r)
c:/altera/11.1sp1/nios2eds/bin/gnu/h-i686-mingw32/bin/../lib/gcc/nios2-elf/4.1.2/../../../../nios2-elf/lib/mno-hw-mul\libc.a(lib_a-ftell.o)
                              obj/default/src/main.o (ftell)
c:/altera/11.1sp1/nios2eds/bin/gnu/h-i686-mingw32/bin/../lib/gcc/nios2-elf/4.1.2/../../../../nios2-elf/lib/mno-hw-mul\libc.a(lib_a-fwalk.o)
                              c:/altera/11.1sp1/nios2eds/bin/gnu/h-i686-mingw32/bin/../lib/gcc/nios2-elf/4.1.2/../../../../nios2-elf/lib/mno-hw-mul\libc.a(lib_a-fflush.o) (_fwalk_reent)
c:/altera/11.1sp1/nios2eds/bin/gnu/h-i686-mingw32/bin/../lib/gcc/nios2-elf/4.1.2/../../../../nios2-elf/lib/mno-hw-mul\libc.a(lib_a-impure.o)
                              c:/altera/11.1sp1/nios2eds/bin/gnu/h-i686-mingw32/bin/../lib/gcc/nios2-elf/4.1.2/../../../../nios2-elf/lib/mno-hw-mul\libc.a(lib_a-fclose.o) (_impure_ptr)
c:/altera/11.1sp1/nios2eds/bin/gnu/h-i686-mingw32/bin/../lib/gcc/nios2-elf/4.1.2/../../../../nios2-elf/lib/mno-hw-mul\libc.a(lib_a-int_errno.o)
                              c:/altera/11.1sp1/nios2eds/bin/gnu/h-i686-mingw32/bin/../lib/gcc/nios2-elf/4.1.2/../../../../nios2-elf/lib/mno-hw-mul\libc.a(lib_a-fstatr.o) (errno)
c:/altera/11.1sp1/nios2eds/bin/gnu/h-i686-mingw32/bin/../lib/gcc/nios2-elf/4.1.2/../../../../nios2-elf/lib/mno-hw-mul\libc.a(lib_a-makebuf.o)
                              c:/altera/11.1sp1/nios2eds/bin/gnu/h-i686-mingw32/bin/../lib/gcc/nios2-elf/4.1.2/../../../../nios2-elf/lib/mno-hw-mul\libc.a(lib_a-fseek.o) (__smakebuf_r)
c:/altera/11.1sp1/nios2eds/bin/gnu/h-i686-mingw32/bin/../lib/gcc/nios2-elf/4.1.2/../../../../nios2-elf/lib/mno-hw-mul\libc.a(lib_a-mallocr.o)
                              c:/altera/11.1sp1/nios2eds/bin/gnu/h-i686-mingw32/bin/../lib/gcc/nios2-elf/4.1.2/../../../../nios2-elf/lib/mno-hw-mul\libc.a(lib_a-findfp.o) (_malloc_r)
c:/altera/11.1sp1/nios2eds/bin/gnu/h-i686-mingw32/bin/../lib/gcc/nios2-elf/4.1.2/../../../../nios2-elf/lib/mno-hw-mul\libc.a(lib_a-memcpy.o)
                              obj/default/src/mmcfs/mmcfs.o (memcpy)
c:/altera/11.1sp1/nios2eds/bin/gnu/h-i686-mingw32/bin/../lib/gcc/nios2-elf/4.1.2/../../../../nios2-elf/lib/mno-hw-mul\libc.a(lib_a-memset.o)
                              obj/default/src/mmcfs/mmcfs.o (memset)
[...]
Memory Configuration

Name             Origin             Length             Attributes
epcs_flash_controller 0x00001800         0x00000800
reset            0x02000000         0x00000020
sdram            0x02000020         0x007fffe0
*default*        0x00000000         0xffffffff

Linker script and memory map

LOAD ../pc8001onDE0_subsystem_bsp//obj/HAL/src/crt0.o
LOAD obj/default/src/main.o
LOAD obj/default/src/mmcfs/fatfs/ff.o
LOAD obj/default/src/mmcfs/fatfs/mmcbb.o
LOAD obj/default/src/mmcfs/fatfs/option/cc932.o
LOAD obj/default/src/mmcfs/gettime.o
LOAD obj/default/src/mmcfs/mmc_spi.o
LOAD obj/default/src/mmcfs/mmcfs.o
LOAD c:/altera/11.1sp1/nios2eds/bin/gnu/h-i686-mingw32/bin/../lib/gcc/nios2-elf/4.1.2/../../../../nios2-elf/lib/mno-hw-mul\libstdc++.a
LOAD c:/altera/11.1sp1/nios2eds/bin/gnu/h-i686-mingw32/bin/../lib/gcc/nios2-elf/4.1.2/../../../../nios2-elf/lib/mno-hw-mul\libm.a
LOAD c:/altera/11.1sp1/nios2eds/bin/gnu/h-i686-mingw32/bin/../lib/gcc/nios2-elf/4.1.2/mno-hw-mul\libgcc.a
START GROUP
LOAD c:/altera/11.1sp1/nios2eds/bin/gnu/h-i686-mingw32/bin/../lib/gcc/nios2-elf/4.1.2/../../../../nios2-elf/lib/mno-hw-mul\libc.a
LOAD c:/altera/11.1sp1/nios2eds/bin/gnu/h-i686-mingw32/bin/../lib/gcc/nios2-elf/4.1.2/mno-hw-mul\libgcc.a
LOAD ../pc8001onDE0_subsystem_bsp/\libhal_bsp.a
END GROUP
LOAD c:/altera/11.1sp1/nios2eds/bin/gnu/h-i686-mingw32/bin/../lib/gcc/nios2-elf/4.1.2/mno-hw-mul\libgcc.a
                0x00001800                __alt_mem_epcs_flash_controller = 0x1800
                0x02000000                __alt_mem_sdram = 0x2000000

.entry          0x02000000       0x20
 *(.entry)
 .entry         0x02000000       0x20 ../pc8001onDE0_subsystem_bsp//obj/HAL/src/crt0.o
                0x02000000                __reset

.exceptions     0x02000020      0x194
                0x02000020                PROVIDE (__ram_exceptions_start, ABSOLUTE (.))
                0x02000020                . = ALIGN (0x20)
 *(.irq)
 *(.exceptions.entry.label)
 .exceptions.entry.label
                0x02000020        0x0 ../pc8001onDE0_subsystem_bsp/\libhal_bsp.a(alt_irq_entry.o)
                0x02000020                alt_irq_entry
 .exceptions.entry.label
                0x02000020        0x0 ../pc8001onDE0_subsystem_bsp/\libhal_bsp.a(alt_exception_entry.o)
                0x02000020                alt_exception
 *(.exceptions.entry.user)
 *(.exceptions.entry)
 .exceptions.entry
                0x02000020       0x54 ../pc8001onDE0_subsystem_bsp/\libhal_bsp.a(alt_exception_entry.o)
 *(.exceptions.irqtest.user)
 *(.exceptions.irqtest)
 .exceptions.irqtest
                0x02000074       0x10 ../pc8001onDE0_subsystem_bsp/\libhal_bsp.a(alt_irq_entry.o)
 *(.exceptions.irqhandler.user)
 *(.exceptions.irqhandler)
 .exceptions.irqhandler
                0x02000084        0x4 ../pc8001onDE0_subsystem_bsp/\libhal_bsp.a(alt_irq_entry.o)
 *(.exceptions.irqreturn.user)
 *(.exceptions.irqreturn)
 .exceptions.irqreturn
                0x02000088        0x4 ../pc8001onDE0_subsystem_bsp/\libhal_bsp.a(alt_irq_entry.o)
 *(.exceptions.notirq.label)
 .exceptions.notirq.label
                0x0200008c        0x0 ../pc8001onDE0_subsystem_bsp/\libhal_bsp.a(alt_irq_entry.o)
 *(.exceptions.notirq.user)
 *(.exceptions.notirq)
 .exceptions.notirq
                0x0200008c        0x8 ../pc8001onDE0_subsystem_bsp/\libhal_bsp.a(alt_exception_entry.o)
 *(.exceptions.soft.user)
 *(.exceptions.soft)
 *(.exceptions.unknown.user)
 *(.exceptions.unknown)
 .exceptions.unknown
                0x02000094        0x4 ../pc8001onDE0_subsystem_bsp/\libhal_bsp.a(alt_exception_entry.o)
 *(.exceptions.exit.label)
 .exceptions.exit.label
                0x02000098        0x0 ../pc8001onDE0_subsystem_bsp/\libhal_bsp.a(alt_irq_entry.o)
 .exceptions.exit.label
                0x02000098        0x0 ../pc8001onDE0_subsystem_bsp/\libhal_bsp.a(alt_exception_entry.o)
 *(.exceptions.exit.user)
 *(.exceptions.exit)
 .exceptions.exit
                0x02000098       0x54 ../pc8001onDE0_subsystem_bsp/\libhal_bsp.a(alt_exception_entry.o)
 *(.exceptions)
 .exceptions    0x020000ec       0xc8 ../pc8001onDE0_subsystem_bsp/\libhal_bsp.a(alt_irq_handler.o)
                0x020000ec                alt_irq_handler
                0x020001b4                PROVIDE (__ram_exceptions_end, ABSOLUTE (.))
                0x02000020                PROVIDE (__flash_exceptions_start, LOADADDR (.exceptions))

.text           0x020001b4    0x1695c
                0x020001b4                PROVIDE (stext, ABSOLUTE (.))
 *(.interp)
 *(.hash)
 *(.dynsym)
 *(.dynstr)
 *(.gnu.version)
 *(.gnu.version_d)
 *(.gnu.version_r)
 *(.rel.init)
 *(.rela.init)
 *(.rel.text .rel.text.* .rel.gnu.linkonce.t.*)
 *(.rela.text .rela.text.* .rela.gnu.linkonce.t.*)
 *(.rel.fini)
 *(.rela.fini)
 *(.rel.rodata .rel.rodata.* .rel.gnu.linkonce.r.*)
 *(.rela.rodata .rela.rodata.* .rela.gnu.linkonce.r.*)
 *(.rel.data .rel.data.* .rel.gnu.linkonce.d.*)
 *(.rela.data .rela.data.* .rela.gnu.linkonce.d.*)
 *(.rel.tdata .rel.tdata.* .rel.gnu.linkonce.td.*)
 *(.rela.tdata .rela.tdata.* .rela.gnu.linkonce.td.*)
 *(.rel.tbss .rel.tbss.* .rel.gnu.linkonce.tb.*)
 *(.rela.tbss .rela.tbss.* .rela.gnu.linkonce.tb.*)
 *(.rel.ctors)
 *(.rela.ctors)
 *(.rel.dtors)
 *(.rela.dtors)
 *(.rel.got)
 *(.rela.got)
 *(.rel.sdata .rel.sdata.* .rel.gnu.linkonce.s.*)
 *(.rela.sdata .rela.sdata.* .rela.gnu.linkonce.s.*)
 *(.rel.sbss .rel.sbss.* .rel.gnu.linkonce.sb.*)
 *(.rela.sbss .rela.sbss.* .rela.gnu.linkonce.sb.*)
 *(.rel.sdata2 .rel.sdata2.* .rel.gnu.linkonce.s2.*)
 *(.rela.sdata2 .rela.sdata2.* .rela.gnu.linkonce.s2.*)
 *(.rel.sbss2 .rel.sbss2.* .rel.gnu.linkonce.sb2.*)
 *(.rela.sbss2 .rela.sbss2.* .rela.gnu.linkonce.sb2.*)
 *(.rel.bss .rel.bss.* .rel.gnu.linkonce.b.*)
 *(.rela.bss .rela.bss.* .rela.gnu.linkonce.b.*)
 *(.rel.plt)
 *(.rela.plt)
 *(.rel.dyn)
 *(.init)
 *(.plt)
 *(.text .stub .text.* .gnu.linkonce.t.*)
 .text          0x020001b4       0x3c ../pc8001onDE0_subsystem_bsp//obj/HAL/src/crt0.o
                0x020001b4                _start
 .text          0x020001f0      0x23c obj/default/src/main.o
                0x02000264                main
 .text          0x0200042c     0x6bb4 obj/default/src/mmcfs/fatfs/ff.o
                0x02000a18                clust2sect
                0x02000a98                get_fat
                0x02000d4c                put_fat
                0x02001dec                gen_numname
                0x02004440                f_mount
                0x020044e4                f_open
                0x0200499c                f_read
                0x02004ea8                f_write
                0x0200544c                f_sync
                0x020056d8                f_close
                0x02005724                f_lseek
                0x02005c48                f_opendir
                0x02005dd0                f_readdir
                0x02005ec8                f_stat
                0x02005f6c                f_getfree
                0x02006264                f_truncate
                0x02006448                f_unlink
                0x02006674                f_mkdir
                0x02006ab4                f_chmod
                0x02006bb4                f_utime
                0x02006ccc                f_rename
 .text          0x02006fe0      0xcf0 obj/default/src/mmcfs/fatfs/mmcbb.o
                0x02007478                disk_status
                0x02007558                disk_initialize
                0x02007808                disk_read
                0x02007950                disk_write
                0x02007ae4                disk_ioctl
 .text          0x02007cd0      0x23c obj/default/src/mmcfs/fatfs/option/cc932.o
                0x02007cd0                ff_convert
                0x02007e3c                ff_wtoupper
 .text          0x02007f0c       0x20 obj/default/src/mmcfs/gettime.o
                0x02007f0c                get_fattime
 .text          0x02007f2c      0x35c obj/default/src/mmcfs/mmc_spi.o
                0x02007f2c                mmc_spi_SetCardSelect
                0x02007f68                mmc_spi_SetCardDeselect
                0x02007fa8                mmc_spi_Sendbyte
                0x02007ffc                mmc_spi_Recvbyte
                0x0200806c                mmc_spi_CheckCardDetect
                0x020080b0                mmc_spi_CheckWritePortect
                0x02008108                mmc_spi_SetIdentClock
                0x02008138                mmc_spi_SetTransClock
                0x02008168                mmc_spi_SetTimer
                0x020081b8                mmc_spi_CheckTimer
                0x020081fc                mmc_spi_Wait100us
                0x02008240                mmc_spi_InitSocket
 .text          0x02008288      0x580 obj/default/src/mmcfs/mmcfs.o
                0x02008288                dev_mmcfs_open
                0x02008470                dev_mmcfs_close
                0x0200851c                dev_mmcfs_read
                0x02008594                dev_mmcfs_write
                0x0200860c                dev_mmcfs_lseek
                0x020086f8                dev_mmcfs_fstat
                0x0200876c                mmcfs_setup
 .text          0x02008808      0x14c c:/altera/11.1sp1/nios2eds/bin/gnu/h-i686-mingw32/bin/../lib/gcc/nios2-elf/4.1.2/mno-hw-mul\libgcc.a(lib2-divmod.o)
                0x02008884                __divsi3
                0x020088e4                __modsi3
                0x02008944                __udivsi3
                0x0200894c                __umodsi3
 .text          0x02008954       0x38 c:/altera/11.1sp1/nios2eds/bin/gnu/h-i686-mingw32/bin/../lib/gcc/nios2-elf/4.1.2/mno-hw-mul\libgcc.a(lib2-mul.o)
                0x02008954                __mulsi3
 .text          0x0200898c      0x124 c:/altera/11.1sp1/nios2eds/bin/gnu/h-i686-mingw32/bin/../lib/gcc/nios2-elf/4.1.2/../../../../nios2-elf/lib/mno-hw-mul\libc.a(lib_a-fclose.o)
                0x0200898c                _fclose_r
                0x02008a9c                fclose
 .text          0x02008ab0      0x230 c:/altera/11.1sp1/nios2eds/bin/gnu/h-i686-mingw32/bin/../lib/gcc/nios2-elf/4.1.2/../../../../nios2-elf/lib/mno-hw-mul\libc.a(lib_a-fflush.o)
                0x02008ab0                _fflush_r
                0x02008cac                fflush
 .text          0x02008ce0      0x128 c:/altera/11.1sp1/nios2eds/bin/gnu/h-i686-mingw32/bin/../lib/gcc/nios2-elf/4.1.2/../../../../nios2-elf/lib/mno-hw-mul\libc.a(lib_a-fgetc.o)
                0x02008ce0                fgetc
                0x02008d78                _fgetc_r
 .text          0x02008e08      0x2f4 c:/altera/11.1sp1/nios2eds/bin/gnu/h-i686-mingw32/bin/../lib/gcc/nios2-elf/4.1.2/../../../../nios2-elf/lib/mno-hw-mul\libc.a(lib_a-findfp.o)
                0x02008e60                __sfp_lock_acquire
                0x02008e64                __sfp_lock_release
                0x02008e68                __sinit_lock_acquire
                0x02008e6c                __sinit_lock_release
                0x02008e70                __sinit
                0x02008f24                __fp_unlock_all
                0x02008f3c                __fp_lock_all
                0x02008f54                _cleanup_r
                0x02008f60                _cleanup
                0x02008f70                __sfmoreglue
                0x0200900c                __sfp
 .text          0x020090fc      0x110 c:/altera/11.1sp1/nios2eds/bin/gnu/h-i686-mingw32/bin/../lib/gcc/nios2-elf/4.1.2/../../../../nios2-elf/lib/mno-hw-mul\libc.a(lib_a-fopen.o)
                0x020090fc                _fopen_r
                0x020091f0                fopen
 .text          0x0200920c      0x440 c:/altera/11.1sp1/nios2eds/bin/gnu/h-i686-mingw32/bin/../lib/gcc/nios2-elf/4.1.2/../../../../nios2-elf/lib/mno-hw-mul\libc.a(lib_a-freer.o)
                0x0200920c                _malloc_trim_r
                0x02009338                _free_r
 .text          0x0200964c      0x460 c:/altera/11.1sp1/nios2eds/bin/gnu/h-i686-mingw32/bin/../lib/gcc/nios2-elf/4.1.2/../../../../nios2-elf/lib/mno-hw-mul\libc.a(lib_a-fseek.o)
                0x0200964c                _fseek_r
                0x02009a88                fseek
 .text          0x02009aac       0x74 c:/altera/11.1sp1/nios2eds/bin/gnu/h-i686-mingw32/bin/../lib/gcc/nios2-elf/4.1.2/../../../../nios2-elf/lib/mno-hw-mul\libc.a(lib_a-fstatr.o)
                0x02009aac                _fstat_r
 .text          0x02009b20      0x10c c:/altera/11.1sp1/nios2eds/bin/gnu/h-i686-mingw32/bin/../lib/gcc/nios2-elf/4.1.2/../../../../nios2-elf/lib/mno-hw-mul\libc.a(lib_a-ftell.o)
                0x02009b20                _ftell_r
                0x02009c18                ftell
 .text          0x02009c2c      0x180 c:/altera/11.1sp1/nios2eds/bin/gnu/h-i686-mingw32/bin/../lib/gcc/nios2-elf/4.1.2/../../../../nios2-elf/lib/mno-hw-mul\libc.a(lib_a-fwalk.o)
                0x02009c2c                _fwalk_reent
                0x02009cf4                _fwalk
 .text          0x02009dac        0x0 c:/altera/11.1sp1/nios2eds/bin/gnu/h-i686-mingw32/bin/../lib/gcc/nios2-elf/4.1.2/../../../../nios2-elf/lib/mno-hw-mul\libc.a(lib_a-impure.o)
 .text          0x02009dac        0x0 c:/altera/11.1sp1/nios2eds/bin/gnu/h-i686-mingw32/bin/../lib/gcc/nios2-elf/4.1.2/../../../../nios2-elf/lib/mno-hw-mul\libc.a(lib_a-int_errno.o)
 .text          0x02009dac      0x194 c:/altera/11.1sp1/nios2eds/bin/gnu/h-i686-mingw32/bin/../lib/gcc/nios2-elf/4.1.2/../../../../nios2-elf/lib/mno-hw-mul\libc.a(lib_a-makebuf.o)
                0x02009dac                __smakebuf_r
 .text          0x02009f40      0x740 c:/altera/11.1sp1/nios2eds/bin/gnu/h-i686-mingw32/bin/../lib/gcc/nios2-elf/4.1.2/../../../../nios2-elf/lib/mno-hw-mul\libc.a(lib_a-mallocr.o)
                0x02009f40                _malloc_r
 .text          0x0200a680       0xa0 c:/altera/11.1sp1/nios2eds/bin/gnu/h-i686-mingw32/bin/../lib/gcc/nios2-elf/4.1.2/../../../../nios2-elf/lib/mno-hw-mul\libc.a(lib_a-memcpy.o)
                0x0200a680                memcpy
 .text          0x0200a720       0x98 c:/altera/11.1sp1/nios2eds/bin/gnu/h-i686-mingw32/bin/../lib/gcc/nios2-elf/4.1.2/../../../../nios2-elf/lib/mno-hw-mul\libc.a(lib_a-memset.o)
                0x0200a720                memset
 .text          0x0200a7b8       0x78 c:/altera/11.1sp1/nios2eds/bin/gnu/h-i686-mingw32/bin/../lib/gcc/nios2-elf/4.1.2/../../../../nios2-elf/lib/mno-hw-mul\libc.a(lib_a-openr.o)
                0x0200a7b8                _open_r
 .text          0x0200a830       0x78 c:/altera/11.1sp1/nios2eds/bin/gnu/h-i686-mingw32/bin/../lib/gcc/nios2-elf/4.1.2/../../../../nios2-elf/lib/mno-hw-mul\libc.a(lib_a-printf.o)
                0x0200a830                printf
                0x0200a874                _printf_r
 .text          0x0200a8a8       0xb4 c:/altera/11.1sp1/nios2eds/bin/gnu/h-i686-mingw32/bin/../lib/gcc/nios2-elf/4.1.2/../../../../nios2-elf/lib/mno-hw-mul\libc.a(lib_a-puts.o)
                0x0200a8a8                _puts_r
                0x0200a948                puts
 .text          0x0200a95c      0x1e0 c:/altera/11.1sp1/nios2eds/bin/gnu/h-i686-mingw32/bin/../lib/gcc/nios2-elf/4.1.2/../../../../nios2-elf/lib/mno-hw-mul\libc.a(lib_a-refill.o)
                0x0200a95c                __srefill_r
 .text          0x0200ab3c       0x60 c:/altera/11.1sp1/nios2eds/bin/gnu/h-i686-mingw32/bin/../lib/gcc/nios2-elf/4.1.2/../../../../nios2-elf/lib/mno-hw-mul\libc.a(lib_a-rget.o)
                0x0200ab3c                __srget_r
                0x0200ab88                __srget
 .text          0x0200ab9c       0x70 c:/altera/11.1sp1/nios2eds/bin/gnu/h-i686-mingw32/bin/../lib/gcc/nios2-elf/4.1.2/../../../../nios2-elf/lib/mno-hw-mul\libc.a(lib_a-sbrkr.o)
                0x0200ab9c                _sbrk_r
 .text          0x0200ac0c      0x14c c:/altera/11.1sp1/nios2eds/bin/gnu/h-i686-mingw32/bin/../lib/gcc/nios2-elf/4.1.2/../../../../nios2-elf/lib/mno-hw-mul\libc.a(lib_a-stdio.o)
                0x0200ac0c                __sclose
                0x0200ac14                __sseek
                0x0200ac7c                __swrite
                0x0200acf8                __sread
 .text          0x0200ad58       0x74 c:/altera/11.1sp1/nios2eds/bin/gnu/h-i686-mingw32/bin/../lib/gcc/nios2-elf/4.1.2/../../../../nios2-elf/lib/mno-hw-mul\libc.a(lib_a-strlen.o)
                0x0200ad58                strlen
 .text          0x0200adcc     0x1f40 c:/altera/11.1sp1/nios2eds/bin/gnu/h-i686-mingw32/bin/../lib/gcc/nios2-elf/4.1.2/../../../../nios2-elf/lib/mno-hw-mul\libc.a(lib_a-vfprintf.o)
                0x0200ae24                ___vfprintf_internal_r
                0x0200cce8                __vfprintf_internal
 .text          0x0200cd0c       0x78 c:/altera/11.1sp1/nios2eds/bin/gnu/h-i686-mingw32/bin/../lib/gcc/nios2-elf/4.1.2/../../../../nios2-elf/lib/mno-hw-mul\libc.a(lib_a-writer.o)
                0x0200cd0c                _write_r
 .text          0x0200cd84      0x13c c:/altera/11.1sp1/nios2eds/bin/gnu/h-i686-mingw32/bin/../lib/gcc/nios2-elf/4.1.2/../../../../nios2-elf/lib/mno-hw-mul\libc.a(lib_a-wsetup.o)
                0x0200cd84                __swsetup_r
 .text          0x0200cec0       0x70 c:/altera/11.1sp1/nios2eds/bin/gnu/h-i686-mingw32/bin/../lib/gcc/nios2-elf/4.1.2/../../../../nios2-elf/lib/mno-hw-mul\libc.a(lib_a-closer.o)
                0x0200cec0                _close_r
 .text          0x0200cf30     0x17f8 c:/altera/11.1sp1/nios2eds/bin/gnu/h-i686-mingw32/bin/../lib/gcc/nios2-elf/4.1.2/../../../../nios2-elf/lib/mno-hw-mul\libc.a(lib_a-dtoa.o)
                0x0200d174                _dtoa_r
 .text          0x0200e728       0xa0 c:/altera/11.1sp1/nios2eds/bin/gnu/h-i686-mingw32/bin/../lib/gcc/nios2-elf/4.1.2/../../../../nios2-elf/lib/mno-hw-mul\libc.a(lib_a-flags.o)
                0x0200e728                __sflags
 .text          0x0200e7c8      0x49c c:/altera/11.1sp1/nios2eds/bin/gnu/h-i686-mingw32/bin/../lib/gcc/nios2-elf/4.1.2/../../../../nios2-elf/lib/mno-hw-mul\libc.a(lib_a-fvwrite.o)
                0x0200e7c8                __sfvwrite_r
 .text          0x0200ec64       0x70 c:/altera/11.1sp1/nios2eds/bin/gnu/h-i686-mingw32/bin/../lib/gcc/nios2-elf/4.1.2/../../../../nios2-elf/lib/mno-hw-mul\libc.a(lib_a-isattyr.o)
                0x0200ec64                _isatty_r
 .text          0x0200ecd4       0xc4 c:/altera/11.1sp1/nios2eds/bin/gnu/h-i686-mingw32/bin/../lib/gcc/nios2-elf/4.1.2/../../../../nios2-elf/lib/mno-hw-mul\libc.a(lib_a-locale.o)
                0x0200ecd4                __locale_charset
                0x0200ecdc                _localeconv_r
                0x0200ece8                localeconv
                0x0200ecf8                _setlocale_r
                0x0200ed7c                setlocale
 .text          0x0200ed98       0x78 c:/altera/11.1sp1/nios2eds/bin/gnu/h-i686-mingw32/bin/../lib/gcc/nios2-elf/4.1.2/../../../../nios2-elf/lib/mno-hw-mul\libc.a(lib_a-lseekr.o)
                0x0200ed98                _lseek_r
 .text          0x0200ee10       0xe4 c:/altera/11.1sp1/nios2eds/bin/gnu/h-i686-mingw32/bin/../lib/gcc/nios2-elf/4.1.2/../../../../nios2-elf/lib/mno-hw-mul\libc.a(lib_a-memchr.o)
                0x0200ee10                memchr
 .text          0x0200eef4       0xe0 c:/altera/11.1sp1/nios2eds/bin/gnu/h-i686-mingw32/bin/../lib/gcc/nios2-elf/4.1.2/../../../../nios2-elf/lib/mno-hw-mul\libc.a(lib_a-memmove.o)
                0x0200eef4                memmove
 .text          0x0200efd4     0x108c c:/altera/11.1sp1/nios2eds/bin/gnu/h-i686-mingw32/bin/../lib/gcc/nios2-elf/4.1.2/../../../../nios2-elf/lib/mno-hw-mul\libc.a(lib_a-mprec.o)
                0x0200efd4                _Bfree
                0x0200effc                __hi0bits
                0x0200f06c                __lo0bits
                0x0200f130                __mcmp
                0x0200f190                __ulp
                0x0200f210                __b2d
                0x0200f330                __ratio
                0x0200f3e0                _mprec_log10
                0x0200f474                __copybits
                0x0200f4cc                __any_on
                0x0200f554                _Balloc
                0x0200f610                __d2b
                0x0200f78c                __mdiff
                0x0200f918                __lshift
                0x0200fa64                __multiply
                0x0200fcb8                __i2b
                0x0200fcf4                __multadd
                0x0200fe20                __pow5mult
                0x0200ff40                __s2b
 .text          0x02010060       0x78 c:/altera/11.1sp1/nios2eds/bin/gnu/h-i686-mingw32/bin/../lib/gcc/nios2-elf/4.1.2/../../../../nios2-elf/lib/mno-hw-mul\libc.a(lib_a-readr.o)
                0x02010060                _read_r
 .text          0x020100d8      0x5f4 c:/altera/11.1sp1/nios2eds/bin/gnu/h-i686-mingw32/bin/../lib/gcc/nios2-elf/4.1.2/../../../../nios2-elf/lib/mno-hw-mul\libc.a(lib_a-reallocr.o)
                0x020100d8                _realloc_r
 .text          0x020106cc       0x40 c:/altera/11.1sp1/nios2eds/bin/gnu/h-i686-mingw32/bin/../lib/gcc/nios2-elf/4.1.2/../../../../nios2-elf/lib/mno-hw-mul\libc.a(lib_a-s_isinfd.o)
                0x020106cc                __isinfd
 .text          0x0201070c       0x30 c:/altera/11.1sp1/nios2eds/bin/gnu/h-i686-mingw32/bin/../lib/gcc/nios2-elf/4.1.2/../../../../nios2-elf/lib/mno-hw-mul\libc.a(lib_a-s_isnand.o)
                0x0201070c                __isnand
 .text          0x0201073c       0xbc c:/altera/11.1sp1/nios2eds/bin/gnu/h-i686-mingw32/bin/../lib/gcc/nios2-elf/4.1.2/../../../../nios2-elf/lib/mno-hw-mul\libc.a(lib_a-strcmp.o)
                0x0201073c                strcmp
 .text          0x020107f8       0xc8 c:/altera/11.1sp1/nios2eds/bin/gnu/h-i686-mingw32/bin/../lib/gcc/nios2-elf/4.1.2/../../../../nios2-elf/lib/mno-hw-mul\libc.a(lib_a-callocr.o)
                0x020107f8                _calloc_r
 .text          0x020108c0      0x66c c:/altera/11.1sp1/nios2eds/bin/gnu/h-i686-mingw32/bin/../lib/gcc/nios2-elf/4.1.2/mno-hw-mul\libgcc.a(_udivdi3.o)
                0x020108c0                __udivdi3
 .text          0x02010f2c      0x660 c:/altera/11.1sp1/nios2eds/bin/gnu/h-i686-mingw32/bin/../lib/gcc/nios2-elf/4.1.2/mno-hw-mul\libgcc.a(_umoddi3.o)
                0x02010f2c                __umoddi3
 .text          0x0201158c      0x504 c:/altera/11.1sp1/nios2eds/bin/gnu/h-i686-mingw32/bin/../lib/gcc/nios2-elf/4.1.2/mno-hw-mul\libgcc.a(_addsub_df.o)
                0x0201199c                __subdf3
                0x02011a1c                __adddf3
 .text          0x02011a90      0x3c4 c:/altera/11.1sp1/nios2eds/bin/gnu/h-i686-mingw32/bin/../lib/gcc/nios2-elf/4.1.2/mno-hw-mul\libgcc.a(_mul_df.o)
                0x02011a90                __muldf3
 .text          0x02011e54      0x258 c:/altera/11.1sp1/nios2eds/bin/gnu/h-i686-mingw32/bin/../lib/gcc/nios2-elf/4.1.2/mno-hw-mul\libgcc.a(_div_df.o)
                0x02011e54                __divdf3
 .text          0x020120ac       0x88 c:/altera/11.1sp1/nios2eds/bin/gnu/h-i686-mingw32/bin/../lib/gcc/nios2-elf/4.1.2/mno-hw-mul\libgcc.a(_eq_df.o)
                0x020120ac                __eqdf2
 .text          0x02012134       0x88 c:/altera/11.1sp1/nios2eds/bin/gnu/h-i686-mingw32/bin/../lib/gcc/nios2-elf/4.1.2/mno-hw-mul\libgcc.a(_ne_df.o)
                0x02012134                __nedf2
 .text          0x020121bc       0x88 c:/altera/11.1sp1/nios2eds/bin/gnu/h-i686-mingw32/bin/../lib/gcc/nios2-elf/4.1.2/mno-hw-mul\libgcc.a(_gt_df.o)
                0x020121bc                __gtdf2
 .text          0x02012244       0x88 c:/altera/11.1sp1/nios2eds/bin/gnu/h-i686-mingw32/bin/../lib/gcc/nios2-elf/4.1.2/mno-hw-mul\libgcc.a(_ge_df.o)
                0x02012244                __gedf2
 .text          0x020122cc       0x88 c:/altera/11.1sp1/nios2eds/bin/gnu/h-i686-mingw32/bin/../lib/gcc/nios2-elf/4.1.2/mno-hw-mul\libgcc.a(_lt_df.o)
                0x020122cc                __ltdf2
 .text          0x02012354       0xf8 c:/altera/11.1sp1/nios2eds/bin/gnu/h-i686-mingw32/bin/../lib/gcc/nios2-elf/4.1.2/mno-hw-mul\libgcc.a(_si_to_df.o)
                0x02012354                __floatsidf
 .text          0x0201244c       0xd8 c:/altera/11.1sp1/nios2eds/bin/gnu/h-i686-mingw32/bin/../lib/gcc/nios2-elf/4.1.2/mno-hw-mul\libgcc.a(_df_to_si.o)
                0x0201244c                __fixdfsi
 .text          0x02012524        0x0 c:/altera/11.1sp1/nios2eds/bin/gnu/h-i686-mingw32/bin/../lib/gcc/nios2-elf/4.1.2/mno-hw-mul\libgcc.a(_thenan_df.o)
 .text          0x02012524      0x194 c:/altera/11.1sp1/nios2eds/bin/gnu/h-i686-mingw32/bin/../lib/gcc/nios2-elf/4.1.2/mno-hw-mul\libgcc.a(_usi_to_df.o)
                0x02012524                __floatunsidf
 .text          0x020126b8      0x124 c:/altera/11.1sp1/nios2eds/bin/gnu/h-i686-mingw32/bin/../lib/gcc/nios2-elf/4.1.2/mno-hw-mul\libgcc.a(_muldi3.o)
                0x020126b8                __muldi3
 .text          0x020127dc        0x0 c:/altera/11.1sp1/nios2eds/bin/gnu/h-i686-mingw32/bin/../lib/gcc/nios2-elf/4.1.2/mno-hw-mul\libgcc.a(_clz.o)
 .text          0x020127dc       0x80 c:/altera/11.1sp1/nios2eds/bin/gnu/h-i686-mingw32/bin/../lib/gcc/nios2-elf/4.1.2/mno-hw-mul\libgcc.a(_clzsi2.o)
                0x020127dc                __clzsi2
 .text          0x0201285c      0x314 c:/altera/11.1sp1/nios2eds/bin/gnu/h-i686-mingw32/bin/../lib/gcc/nios2-elf/4.1.2/mno-hw-mul\libgcc.a(_pack_df.o)
                0x0201285c                __pack_d
 .text          0x02012b70      0x138 c:/altera/11.1sp1/nios2eds/bin/gnu/h-i686-mingw32/bin/../lib/gcc/nios2-elf/4.1.2/mno-hw-mul\libgcc.a(_unpack_df.o)
                0x02012b70                __unpack_d
 .text          0x02012ca8       0xc8 c:/altera/11.1sp1/nios2eds/bin/gnu/h-i686-mingw32/bin/../lib/gcc/nios2-elf/4.1.2/mno-hw-mul\libgcc.a(_fpcmp_parts_df.o)
                0x02012ca8                __fpcmp_parts_d
 .text          0x02012d70      0x160 ../pc8001onDE0_subsystem_bsp/\libhal_bsp.a(alt_close.o)
                0x02012d70                close
 .text          0x02012ed0       0x2c ../pc8001onDE0_subsystem_bsp/\libhal_bsp.a(alt_dev.o)
 .text          0x02012efc        0x0 ../pc8001onDE0_subsystem_bsp/\libhal_bsp.a(alt_errno.o)
 .text          0x02012efc       0x90 ../pc8001onDE0_subsystem_bsp/\libhal_bsp.a(alt_fs_reg.o)
                0x02012efc                alt_fs_reg
 .text          0x02012f8c      0x138 ../pc8001onDE0_subsystem_bsp/\libhal_bsp.a(alt_fstat.o)
                0x02012f8c                fstat
 .text          0x020130c4      0x1c0 ../pc8001onDE0_subsystem_bsp/\libhal_bsp.a(alt_irq_register.o)
                0x020130c4                alt_irq_register
 .text          0x02013284        0x0 ../pc8001onDE0_subsystem_bsp/\libhal_bsp.a(alt_irq_vars.o)
 .text          0x02013284      0x124 ../pc8001onDE0_subsystem_bsp/\libhal_bsp.a(alt_isatty.o)
                0x02013284                isatty
 .text          0x020133a8       0xec ../pc8001onDE0_subsystem_bsp/\libhal_bsp.a(alt_load.o)
                0x020133a8                alt_load
 .text          0x02013494      0x154 ../pc8001onDE0_subsystem_bsp/\libhal_bsp.a(alt_lseek.o)
                0x02013494                lseek
 .text          0x020135e8       0x6c ../pc8001onDE0_subsystem_bsp/\libhal_bsp.a(alt_main.o)
                0x020135e8                alt_main
 .text          0x02013654       0x40 ../pc8001onDE0_subsystem_bsp/\libhal_bsp.a(alt_malloc_lock.o)
                0x02013654                __malloc_lock
                0x02013674                __malloc_unlock
 .text          0x02013694      0x2e4 ../pc8001onDE0_subsystem_bsp/\libhal_bsp.a(alt_open.o)
                0x0201378c                open
 .text          0x02013978      0x184 ../pc8001onDE0_subsystem_bsp/\libhal_bsp.a(alt_read.o)
                0x02013978                read
 .text          0x02013afc       0x78 ../pc8001onDE0_subsystem_bsp/\libhal_bsp.a(alt_release_fd.o)
                0x02013afc                alt_release_fd
 .text          0x02013b74       0xbc ../pc8001onDE0_subsystem_bsp/\libhal_bsp.a(alt_sbrk.o)
                0x02013b74                sbrk
 .text          0x02013c30      0x184 ../pc8001onDE0_subsystem_bsp/\libhal_bsp.a(alt_write.o)
                0x02013c30                write
 .text          0x02013db4       0xd0 ../pc8001onDE0_subsystem_bsp/\libhal_bsp.a(alt_sys_init.o)
                0x02013db4                alt_irq_init
                0x02013de8                alt_sys_init
 .text          0x02013e84      0x934 ../pc8001onDE0_subsystem_bsp/\libhal_bsp.a(altera_avalon_epcs_flash_controller.o)
                0x02013e84                alt_epcs_flash_init
                0x02014204                alt_epcs_flash_write
                0x02014484                alt_epcs_flash_get_info
                0x02014514                alt_epcs_flash_erase_block
                0x0201461c                alt_epcs_flash_write_block
                0x0201472c                alt_epcs_flash_read
 .text          0x020147b8      0x148 ../pc8001onDE0_subsystem_bsp/\libhal_bsp.a(altera_avalon_jtag_uart_fd.o)
                0x020147b8                altera_avalon_jtag_uart_read_fd
                0x02014810                altera_avalon_jtag_uart_write_fd
                0x02014868                altera_avalon_jtag_uart_close_fd
                0x020148b0                altera_avalon_jtag_uart_ioctl_fd
 .text          0x02014900      0x40c ../pc8001onDE0_subsystem_bsp/\libhal_bsp.a(altera_avalon_jtag_uart_init.o)
                0x02014900                altera_avalon_jtag_uart_init
                0x02014c98                altera_avalon_jtag_uart_close
 .text          0x02014d0c       0xf4 ../pc8001onDE0_subsystem_bsp/\libhal_bsp.a(altera_avalon_jtag_uart_ioctl.o)
                0x02014d0c                altera_avalon_jtag_uart_ioctl
 .text          0x02014e00      0x224 ../pc8001onDE0_subsystem_bsp/\libhal_bsp.a(altera_avalon_jtag_uart_read.o)
                0x02014e00                altera_avalon_jtag_uart_read
 .text          0x02015024      0x240 ../pc8001onDE0_subsystem_bsp/\libhal_bsp.a(altera_avalon_jtag_uart_write.o)
                0x02015024                altera_avalon_jtag_uart_write
 .text          0x02015264      0x100 ../pc8001onDE0_subsystem_bsp/\libhal_bsp.a(altera_avalon_timer_sc.o)
                0x020152d4                alt_avalon_timer_sc_init
 .text          0x02015364      0x460 ../pc8001onDE0_subsystem_bsp/\libhal_bsp.a(epcs_commands.o)
                0x02015364                epcs_read_status_register
                0x020153c4                epcs_sector_erase
                0x020154b0                epcs_read_buffer
                0x02015564                epcs_write_enable
                0x020155b4                epcs_write_status_register
                0x02015618                epcs_write_buffer
                0x020156f0                epcs_read_electronic_signature
                0x0201575c                epcs_read_device_id
 .text          0x020157c4      0x154 ../pc8001onDE0_subsystem_bsp/\libhal_bsp.a(alt_alarm_start.o)
                0x020157c4                alt_alarm_start
 .text          0x02015918       0x1c ../pc8001onDE0_subsystem_bsp/\libhal_bsp.a(alt_dcache_flush_all.o)
                0x02015918                alt_dcache_flush_all
 .text          0x02015934      0x114 ../pc8001onDE0_subsystem_bsp/\libhal_bsp.a(alt_dev_llist_insert.o)
                0x02015934                alt_dev_llist_insert
 .text          0x02015a48       0x64 ../pc8001onDE0_subsystem_bsp/\libhal_bsp.a(alt_do_ctors.o)
                0x02015a48                _do_ctors
 .text          0x02015aac       0x64 ../pc8001onDE0_subsystem_bsp/\libhal_bsp.a(alt_do_dtors.o)
                0x02015aac                _do_dtors
 .text          0x02015b10       0x94 ../pc8001onDE0_subsystem_bsp/\libhal_bsp.a(alt_find_dev.o)
                0x02015b10                alt_find_dev
 .text          0x02015ba4      0x120 ../pc8001onDE0_subsystem_bsp/\libhal_bsp.a(alt_find_file.o)
                0x02015ba4                alt_find_file
 .text          0x02015cc4       0xd0 ../pc8001onDE0_subsystem_bsp/\libhal_bsp.a(alt_flash_dev.o)
                0x02015cc4                alt_flash_open_dev
                0x02015d40                alt_flash_close_dev
 .text          0x02015d94       0xd0 ../pc8001onDE0_subsystem_bsp/\libhal_bsp.a(alt_get_fd.o)
                0x02015d94                alt_get_fd
 .text          0x02015e64       0x1c ../pc8001onDE0_subsystem_bsp/\libhal_bsp.a(alt_icache_flush_all.o)
                0x02015e64                alt_icache_flush_all
 .text          0x02015e80      0x1d4 ../pc8001onDE0_subsystem_bsp/\libhal_bsp.a(alt_iic.o)
                0x02015e80                alt_ic_isr_register
                0x02015ed0                alt_ic_irq_enable
                0x02015f6c                alt_ic_irq_disable
                0x0201600c                alt_ic_irq_enabled
 .text          0x02016054       0xf8 ../pc8001onDE0_subsystem_bsp/\libhal_bsp.a(alt_iic_isr_register.o)
                0x02016054                alt_iic_isr_register
 .text          0x0201614c      0x150 ../pc8001onDE0_subsystem_bsp/\libhal_bsp.a(alt_io_redirect.o)
                0x02016224                alt_io_redirect
 .text          0x0201629c        0x0 ../pc8001onDE0_subsystem_bsp/\libhal_bsp.a(alt_irq_entry.o)
 .text          0x0201629c        0x0 ../pc8001onDE0_subsystem_bsp/\libhal_bsp.a(alt_irq_handler.o)
 .text          0x0201629c      0x1a4 ../pc8001onDE0_subsystem_bsp/\libhal_bsp.a(alt_tick.o)
                0x0201629c                alt_alarm_stop
                0x02016334                alt_tick
 .text          0x02016440       0x20 ../pc8001onDE0_subsystem_bsp/\libhal_bsp.a(altera_nios2_irq.o)
                0x02016440                altera_nios2_irq_init
 .text          0x02016460      0x238 ../pc8001onDE0_subsystem_bsp/\libhal_bsp.a(altera_avalon_spi.o)
                0x02016460                alt_avalon_spi_command
 .text          0x02016698        0x0 ../pc8001onDE0_subsystem_bsp/\libhal_bsp.a(alt_exception_entry.o)
 .text          0x02016698       0x14 c:/altera/11.1sp1/nios2eds/bin/gnu/h-i686-mingw32/bin/../lib/gcc/nios2-elf/4.1.2/../../../../nios2-elf/lib/mno-hw-mul\libc.a(lib_a-atexit.o)
                0x02016698                atexit
 .text          0x020166ac       0x38 c:/altera/11.1sp1/nios2eds/bin/gnu/h-i686-mingw32/bin/../lib/gcc/nios2-elf/4.1.2/../../../../nios2-elf/lib/mno-hw-mul\libc.a(lib_a-exit.o)
                0x020166ac                exit
 .text          0x020166e4       0x74 c:/altera/11.1sp1/nios2eds/bin/gnu/h-i686-mingw32/bin/../lib/gcc/nios2-elf/4.1.2/../../../../nios2-elf/lib/mno-hw-mul\libc.a(lib_a-memcmp.o)
                0x020166e4                memcmp
 .text          0x02016758      0x134 c:/altera/11.1sp1/nios2eds/bin/gnu/h-i686-mingw32/bin/../lib/gcc/nios2-elf/4.1.2/../../../../nios2-elf/lib/mno-hw-mul\libc.a(lib_a-__atexit.o)
                0x02016758                __register_exitproc
 .text          0x0201688c      0x1b4 c:/altera/11.1sp1/nios2eds/bin/gnu/h-i686-mingw32/bin/../lib/gcc/nios2-elf/4.1.2/../../../../nios2-elf/lib/mno-hw-mul\libc.a(lib_a-__call_atexit.o)
                0x02016890                __call_exitprocs
 .text          0x02016a40       0x60 ../pc8001onDE0_subsystem_bsp/\libhal_bsp.a(alt_exit.o)
                0x02016a80                _exit
 *(.gnu.warning.*)
 *(.fini)
                0x02016aa0                PROVIDE (__etext, ABSOLUTE (.))
                0x02016aa0                PROVIDE (_etext, ABSOLUTE (.))
                0x02016aa0                PROVIDE (etext, ABSOLUTE (.))
 *(.eh_frame_hdr)
                0x02016aa0                . = ALIGN (0x4)
                0x02016aa0                PROVIDE (__preinit_array_start, ABSOLUTE (.))
 *(.preinit_array)
                0x02016aa0                PROVIDE (__preinit_array_end, ABSOLUTE (.))
                0x02016aa0                PROVIDE (__init_array_start, ABSOLUTE (.))
 *(.init_array)
                0x02016aa0                PROVIDE (__init_array_end, ABSOLUTE (.))
                0x02016aa0                PROVIDE (__fini_array_start, ABSOLUTE (.))
 *(.fini_array)
                0x02016aa0                PROVIDE (__fini_array_end, ABSOLUTE (.))
 *(.eh_frame)
 .eh_frame      0x02016aa0       0x40 c:/altera/11.1sp1/nios2eds/bin/gnu/h-i686-mingw32/bin/../lib/gcc/nios2-elf/4.1.2/mno-hw-mul\libgcc.a(_udivdi3.o)
 .eh_frame      0x02016ae0       0x2c c:/altera/11.1sp1/nios2eds/bin/gnu/h-i686-mingw32/bin/../lib/gcc/nios2-elf/4.1.2/mno-hw-mul\libgcc.a(_umoddi3.o)
                                 0x40 (size before relaxing)
 *(.gcc_except_table)
 *(.dynamic)
                0x02016b0c                PROVIDE (__CTOR_LIST__, ABSOLUTE (.))
 *(.ctors)
 *(SORT(.ctors.*))
 .ctors.65535   0x02016b0c        0x4 c:/altera/11.1sp1/nios2eds/bin/gnu/h-i686-mingw32/bin/../lib/gcc/nios2-elf/4.1.2/../../../../nios2-elf/lib/mno-hw-mul\libc.a(lib_a-__call_atexit.o)
                0x02016b10                PROVIDE (__CTOR_END__, ABSOLUTE (.))
                0x02016b10                PROVIDE (__DTOR_LIST__, ABSOLUTE (.))
 *(.dtors)
 *(SORT(.dtors.*))
                0x02016b10                PROVIDE (__DTOR_END__, ABSOLUTE (.))
 *(.jcr)
                0x02016b10                . = ALIGN (0x4)

.rodata         0x02016b10     0xeed4
                0x02016b10                PROVIDE (__ram_rodata_start, ABSOLUTE (.))
                0x02016b10                . = ALIGN (0x4)
 *(.rodata .rodata.* .gnu.linkonce.r.*)
 .rodata        0x02016b10       0xa0 obj/default/src/main.o
 .rodata        0x02016bb0       0x24 obj/default/src/mmcfs/fatfs/ff.o
 .rodata        0x02016bd4     0xeab0 obj/default/src/mmcfs/fatfs/option/cc932.o
 .rodata        0x02025684        0x8 obj/default/src/mmcfs/mmcfs.o
 .rodata.str1.4
                0x0202568c        0x2 c:/altera/11.1sp1/nios2eds/bin/gnu/h-i686-mingw32/bin/../lib/gcc/nios2-elf/4.1.2/../../../../nios2-elf/lib/mno-hw-mul\libc.a(lib_a-impure.o)
                                  0x4 (size before relaxing)
 *fill*         0x0202568e        0x2 00
 .rodata.str1.4
                0x02025690        0x2 c:/altera/11.1sp1/nios2eds/bin/gnu/h-i686-mingw32/bin/../lib/gcc/nios2-elf/4.1.2/../../../../nios2-elf/lib/mno-hw-mul\libc.a(lib_a-puts.o)
                                  0x4 (size before relaxing)
 *fill*         0x02025692        0x2 00
 .rodata.str1.4
                0x02025694       0x5e c:/altera/11.1sp1/nios2eds/bin/gnu/h-i686-mingw32/bin/../lib/gcc/nios2-elf/4.1.2/../../../../nios2-elf/lib/mno-hw-mul\libc.a(lib_a-vfprintf.o)
                                 0x60 (size before relaxing)
 .rodata        0x020256f2       0x20 c:/altera/11.1sp1/nios2eds/bin/gnu/h-i686-mingw32/bin/../lib/gcc/nios2-elf/4.1.2/../../../../nios2-elf/lib/mno-hw-mul\libc.a(lib_a-vfprintf.o)
 *fill*         0x02025712        0x2 00
 .rodata.str1.4
                0x02025714       0x10 c:/altera/11.1sp1/nios2eds/bin/gnu/h-i686-mingw32/bin/../lib/gcc/nios2-elf/4.1.2/../../../../nios2-elf/lib/mno-hw-mul\libc.a(lib_a-dtoa.o)
                                 0x14 (size before relaxing)
 .rodata.str1.4
                0x02025724       0x10 c:/altera/11.1sp1/nios2eds/bin/gnu/h-i686-mingw32/bin/../lib/gcc/nios2-elf/4.1.2/../../../../nios2-elf/lib/mno-hw-mul\libc.a(lib_a-locale.o)
                                 0x18 (size before relaxing)
 .rodata        0x02025734       0x30 c:/altera/11.1sp1/nios2eds/bin/gnu/h-i686-mingw32/bin/../lib/gcc/nios2-elf/4.1.2/../../../../nios2-elf/lib/mno-hw-mul\libc.a(lib_a-locale.o)
 .rodata        0x02025764      0x124 c:/altera/11.1sp1/nios2eds/bin/gnu/h-i686-mingw32/bin/../lib/gcc/nios2-elf/4.1.2/../../../../nios2-elf/lib/mno-hw-mul\libc.a(lib_a-mprec.o)
                0x02025764                __mprec_tens
                0x0202582c                __mprec_bigtens
                0x02025854                __mprec_tinytens
 .rodata        0x02025888       0x14 c:/altera/11.1sp1/nios2eds/bin/gnu/h-i686-mingw32/bin/../lib/gcc/nios2-elf/4.1.2/mno-hw-mul\libgcc.a(_thenan_df.o)
                0x02025888                __thenan_df
 .rodata        0x0202589c      0x100 c:/altera/11.1sp1/nios2eds/bin/gnu/h-i686-mingw32/bin/../lib/gcc/nios2-elf/4.1.2/mno-hw-mul\libgcc.a(_clz.o)
                0x0202589c                __clz_tab
 .rodata        0x0202599c        0xc ../pc8001onDE0_subsystem_bsp/\libhal_bsp.a(alt_dev.o)
 .rodata        0x020259a8       0x10 ../pc8001onDE0_subsystem_bsp/\libhal_bsp.a(alt_main.o)
 .rodata        0x020259b8       0x2c ../pc8001onDE0_subsystem_bsp/\libhal_bsp.a(alt_sys_init.o)
 *(.rodata1)
                0x020259e4                . = ALIGN (0x4)
                0x020259e4                PROVIDE (__ram_rodata_end, ABSOLUTE (.))
                0x02016b10                PROVIDE (__flash_rodata_start, LOADADDR (.rodata))

.rwdata         0x020259e4     0x1b80 load address 0x02027564
                0x020259e4                PROVIDE (__ram_rwdata_start, ABSOLUTE (.))
                0x020259e4                . = ALIGN (0x4)
 *(.got.plt)
 *(.got)
 *(.data1)
 *(.data .data.* .gnu.linkonce.d.*)
 .data          0x020259e4        0x0 ../pc8001onDE0_subsystem_bsp//obj/HAL/src/crt0.o
 .data          0x020259e4       0x2a obj/default/src/main.o
 .data          0x02025a0e        0x0 obj/default/src/mmcfs/fatfs/ff.o
 .data          0x02025a0e        0x0 obj/default/src/mmcfs/fatfs/mmcbb.o
 .data          0x02025a0e        0x0 obj/default/src/mmcfs/fatfs/option/cc932.o
 .data          0x02025a0e        0x0 obj/default/src/mmcfs/gettime.o
 .data          0x02025a0e        0x0 obj/default/src/mmcfs/mmc_spi.o
 *fill*         0x02025a0e        0x2 00
 .data          0x02025a10       0x28 obj/default/src/mmcfs/mmcfs.o
 .data          0x02025a38        0x0 c:/altera/11.1sp1/nios2eds/bin/gnu/h-i686-mingw32/bin/../lib/gcc/nios2-elf/4.1.2/mno-hw-mul\libgcc.a(lib2-divmod.o)
 .data          0x02025a38        0x0 c:/altera/11.1sp1/nios2eds/bin/gnu/h-i686-mingw32/bin/../lib/gcc/nios2-elf/4.1.2/mno-hw-mul\libgcc.a(lib2-mul.o)
 .data          0x02025a38        0x0 c:/altera/11.1sp1/nios2eds/bin/gnu/h-i686-mingw32/bin/../lib/gcc/nios2-elf/4.1.2/../../../../nios2-elf/lib/mno-hw-mul\libc.a(lib_a-fclose.o)
 .data          0x02025a38        0x0 c:/altera/11.1sp1/nios2eds/bin/gnu/h-i686-mingw32/bin/../lib/gcc/nios2-elf/4.1.2/../../../../nios2-elf/lib/mno-hw-mul\libc.a(lib_a-fflush.o)
 .data          0x02025a38        0x0 c:/altera/11.1sp1/nios2eds/bin/gnu/h-i686-mingw32/bin/../lib/gcc/nios2-elf/4.1.2/../../../../nios2-elf/lib/mno-hw-mul\libc.a(lib_a-fgetc.o)
 .data          0x02025a38        0x0 c:/altera/11.1sp1/nios2eds/bin/gnu/h-i686-mingw32/bin/../lib/gcc/nios2-elf/4.1.2/../../../../nios2-elf/lib/mno-hw-mul\libc.a(lib_a-findfp.o)
 .data          0x02025a38        0x0 c:/altera/11.1sp1/nios2eds/bin/gnu/h-i686-mingw32/bin/../lib/gcc/nios2-elf/4.1.2/../../../../nios2-elf/lib/mno-hw-mul\libc.a(lib_a-fopen.o)
 .data          0x02025a38        0x0 c:/altera/11.1sp1/nios2eds/bin/gnu/h-i686-mingw32/bin/../lib/gcc/nios2-elf/4.1.2/../../../../nios2-elf/lib/mno-hw-mul\libc.a(lib_a-freer.o)
 .data          0x02025a38        0x0 c:/altera/11.1sp1/nios2eds/bin/gnu/h-i686-mingw32/bin/../lib/gcc/nios2-elf/4.1.2/../../../../nios2-elf/lib/mno-hw-mul\libc.a(lib_a-fseek.o)
 .data          0x02025a38        0x0 c:/altera/11.1sp1/nios2eds/bin/gnu/h-i686-mingw32/bin/../lib/gcc/nios2-elf/4.1.2/../../../../nios2-elf/lib/mno-hw-mul\libc.a(lib_a-fstatr.o)
 .data          0x02025a38        0x0 c:/altera/11.1sp1/nios2eds/bin/gnu/h-i686-mingw32/bin/../lib/gcc/nios2-elf/4.1.2/../../../../nios2-elf/lib/mno-hw-mul\libc.a(lib_a-ftell.o)
 .data          0x02025a38        0x0 c:/altera/11.1sp1/nios2eds/bin/gnu/h-i686-mingw32/bin/../lib/gcc/nios2-elf/4.1.2/../../../../nios2-elf/lib/mno-hw-mul\libc.a(lib_a-fwalk.o)
 .data          0x02025a38      0x400 c:/altera/11.1sp1/nios2eds/bin/gnu/h-i686-mingw32/bin/../lib/gcc/nios2-elf/4.1.2/../../../../nios2-elf/lib/mno-hw-mul\libc.a(lib_a-impure.o)
 .data          0x02025e38        0x0 c:/altera/11.1sp1/nios2eds/bin/gnu/h-i686-mingw32/bin/../lib/gcc/nios2-elf/4.1.2/../../../../nios2-elf/lib/mno-hw-mul\libc.a(lib_a-int_errno.o)
 .data          0x02025e38        0x0 c:/altera/11.1sp1/nios2eds/bin/gnu/h-i686-mingw32/bin/../lib/gcc/nios2-elf/4.1.2/../../../../nios2-elf/lib/mno-hw-mul\libc.a(lib_a-makebuf.o)
 .data          0x02025e38      0x408 c:/altera/11.1sp1/nios2eds/bin/gnu/h-i686-mingw32/bin/../lib/gcc/nios2-elf/4.1.2/../../../../nios2-elf/lib/mno-hw-mul\libc.a(lib_a-mallocr.o)
                0x02025e38                __malloc_av_
 .data          0x02026240        0x0 c:/altera/11.1sp1/nios2eds/bin/gnu/h-i686-mingw32/bin/../lib/gcc/nios2-elf/4.1.2/../../../../nios2-elf/lib/mno-hw-mul\libc.a(lib_a-memcpy.o)
 .data          0x02026240        0x0 c:/altera/11.1sp1/nios2eds/bin/gnu/h-i686-mingw32/bin/../lib/gcc/nios2-elf/4.1.2/../../../../nios2-elf/lib/mno-hw-mul\libc.a(lib_a-memset.o)
 .data          0x02026240        0x0 c:/altera/11.1sp1/nios2eds/bin/gnu/h-i686-mingw32/bin/../lib/gcc/nios2-elf/4.1.2/../../../../nios2-elf/lib/mno-hw-mul\libc.a(lib_a-openr.o)
 .data          0x02026240        0x0 c:/altera/11.1sp1/nios2eds/bin/gnu/h-i686-mingw32/bin/../lib/gcc/nios2-elf/4.1.2/../../../../nios2-elf/lib/mno-hw-mul\libc.a(lib_a-printf.o)
 .data          0x02026240        0x0 c:/altera/11.1sp1/nios2eds/bin/gnu/h-i686-mingw32/bin/../lib/gcc/nios2-elf/4.1.2/../../../../nios2-elf/lib/mno-hw-mul\libc.a(lib_a-puts.o)
 .data          0x02026240        0x0 c:/altera/11.1sp1/nios2eds/bin/gnu/h-i686-mingw32/bin/../lib/gcc/nios2-elf/4.1.2/../../../../nios2-elf/lib/mno-hw-mul\libc.a(lib_a-refill.o)
 .data          0x02026240        0x0 c:/altera/11.1sp1/nios2eds/bin/gnu/h-i686-mingw32/bin/../lib/gcc/nios2-elf/4.1.2/../../../../nios2-elf/lib/mno-hw-mul\libc.a(lib_a-rget.o)
 .data          0x02026240        0x0 c:/altera/11.1sp1/nios2eds/bin/gnu/h-i686-mingw32/bin/../lib/gcc/nios2-elf/4.1.2/../../../../nios2-elf/lib/mno-hw-mul\libc.a(lib_a-sbrkr.o)
 .data          0x02026240        0x0 c:/altera/11.1sp1/nios2eds/bin/gnu/h-i686-mingw32/bin/../lib/gcc/nios2-elf/4.1.2/../../../../nios2-elf/lib/mno-hw-mul\libc.a(lib_a-stdio.o)
 .data          0x02026240        0x0 c:/altera/11.1sp1/nios2eds/bin/gnu/h-i686-mingw32/bin/../lib/gcc/nios2-elf/4.1.2/../../../../nios2-elf/lib/mno-hw-mul\libc.a(lib_a-strlen.o)
 .data          0x02026240        0x0 c:/altera/11.1sp1/nios2eds/bin/gnu/h-i686-mingw32/bin/../lib/gcc/nios2-elf/4.1.2/../../../../nios2-elf/lib/mno-hw-mul\libc.a(lib_a-vfprintf.o)
 .data          0x02026240        0x0 c:/altera/11.1sp1/nios2eds/bin/gnu/h-i686-mingw32/bin/../lib/gcc/nios2-elf/4.1.2/../../../../nios2-elf/lib/mno-hw-mul\libc.a(lib_a-writer.o)
 .data          0x02026240        0x0 c:/altera/11.1sp1/nios2eds/bin/gnu/h-i686-mingw32/bin/../lib/gcc/nios2-elf/4.1.2/../../../../nios2-elf/lib/mno-hw-mul\libc.a(lib_a-wsetup.o)
 .data          0x02026240        0x0 c:/altera/11.1sp1/nios2eds/bin/gnu/h-i686-mingw32/bin/../lib/gcc/nios2-elf/4.1.2/../../../../nios2-elf/lib/mno-hw-mul\libc.a(lib_a-closer.o)
 .data          0x02026240        0x0 c:/altera/11.1sp1/nios2eds/bin/gnu/h-i686-mingw32/bin/../lib/gcc/nios2-elf/4.1.2/../../../../nios2-elf/lib/mno-hw-mul\libc.a(lib_a-dtoa.o)
 .data          0x02026240        0x0 c:/altera/11.1sp1/nios2eds/bin/gnu/h-i686-mingw32/bin/../lib/gcc/nios2-elf/4.1.2/../../../../nios2-elf/lib/mno-hw-mul\libc.a(lib_a-flags.o)
 .data          0x02026240        0x0 c:/altera/11.1sp1/nios2eds/bin/gnu/h-i686-mingw32/bin/../lib/gcc/nios2-elf/4.1.2/../../../../nios2-elf/lib/mno-hw-mul\libc.a(lib_a-fvwrite.o)
 .data          0x02026240        0x0 c:/altera/11.1sp1/nios2eds/bin/gnu/h-i686-mingw32/bin/../lib/gcc/nios2-elf/4.1.2/../../../../nios2-elf/lib/mno-hw-mul\libc.a(lib_a-isattyr.o)
 .data          0x02026240        0xc c:/altera/11.1sp1/nios2eds/bin/gnu/h-i686-mingw32/bin/../lib/gcc/nios2-elf/4.1.2/../../../../nios2-elf/lib/mno-hw-mul\libc.a(lib_a-locale.o)
                0x02026240                __lc_ctype
 .data          0x0202624c        0x0 c:/altera/11.1sp1/nios2eds/bin/gnu/h-i686-mingw32/bin/../lib/gcc/nios2-elf/4.1.2/../../../../nios2-elf/lib/mno-hw-mul\libc.a(lib_a-lseekr.o)
 .data          0x0202624c        0x0 c:/altera/11.1sp1/nios2eds/bin/gnu/h-i686-mingw32/bin/../lib/gcc/nios2-elf/4.1.2/../../../../nios2-elf/lib/mno-hw-mul\libc.a(lib_a-memchr.o)
 .data          0x0202624c        0x0 c:/altera/11.1sp1/nios2eds/bin/gnu/h-i686-mingw32/bin/../lib/gcc/nios2-elf/4.1.2/../../../../nios2-elf/lib/mno-hw-mul\libc.a(lib_a-memmove.o)
 .data          0x0202624c        0x0 c:/altera/11.1sp1/nios2eds/bin/gnu/h-i686-mingw32/bin/../lib/gcc/nios2-elf/4.1.2/../../../../nios2-elf/lib/mno-hw-mul\libc.a(lib_a-mprec.o)
 .data          0x0202624c        0x0 c:/altera/11.1sp1/nios2eds/bin/gnu/h-i686-mingw32/bin/../lib/gcc/nios2-elf/4.1.2/../../../../nios2-elf/lib/mno-hw-mul\libc.a(lib_a-readr.o)
 .data          0x0202624c        0x0 c:/altera/11.1sp1/nios2eds/bin/gnu/h-i686-mingw32/bin/../lib/gcc/nios2-elf/4.1.2/../../../../nios2-elf/lib/mno-hw-mul\libc.a(lib_a-reallocr.o)
 .data          0x0202624c        0x0 c:/altera/11.1sp1/nios2eds/bin/gnu/h-i686-mingw32/bin/../lib/gcc/nios2-elf/4.1.2/../../../../nios2-elf/lib/mno-hw-mul\libc.a(lib_a-s_isinfd.o)
 .data          0x0202624c        0x0 c:/altera/11.1sp1/nios2eds/bin/gnu/h-i686-mingw32/bin/../lib/gcc/nios2-elf/4.1.2/../../../../nios2-elf/lib/mno-hw-mul\libc.a(lib_a-s_isnand.o)
 .data          0x0202624c        0x0 c:/altera/11.1sp1/nios2eds/bin/gnu/h-i686-mingw32/bin/../lib/gcc/nios2-elf/4.1.2/../../../../nios2-elf/lib/mno-hw-mul\libc.a(lib_a-strcmp.o)
 .data          0x0202624c        0x0 c:/altera/11.1sp1/nios2eds/bin/gnu/h-i686-mingw32/bin/../lib/gcc/nios2-elf/4.1.2/../../../../nios2-elf/lib/mno-hw-mul\libc.a(lib_a-callocr.o)
 .data          0x0202624c        0x0 c:/altera/11.1sp1/nios2eds/bin/gnu/h-i686-mingw32/bin/../lib/gcc/nios2-elf/4.1.2/mno-hw-mul\libgcc.a(_udivdi3.o)
 .data          0x0202624c        0x0 c:/altera/11.1sp1/nios2eds/bin/gnu/h-i686-mingw32/bin/../lib/gcc/nios2-elf/4.1.2/mno-hw-mul\libgcc.a(_umoddi3.o)
 .data          0x0202624c        0x0 c:/altera/11.1sp1/nios2eds/bin/gnu/h-i686-mingw32/bin/../lib/gcc/nios2-elf/4.1.2/mno-hw-mul\libgcc.a(_addsub_df.o)
 .data          0x0202624c        0x0 c:/altera/11.1sp1/nios2eds/bin/gnu/h-i686-mingw32/bin/../lib/gcc/nios2-elf/4.1.2/mno-hw-mul\libgcc.a(_mul_df.o)
 .data          0x0202624c        0x0 c:/altera/11.1sp1/nios2eds/bin/gnu/h-i686-mingw32/bin/../lib/gcc/nios2-elf/4.1.2/mno-hw-mul\libgcc.a(_div_df.o)
 .data          0x0202624c        0x0 c:/altera/11.1sp1/nios2eds/bin/gnu/h-i686-mingw32/bin/../lib/gcc/nios2-elf/4.1.2/mno-hw-mul\libgcc.a(_eq_df.o)
 .data          0x0202624c        0x0 c:/altera/11.1sp1/nios2eds/bin/gnu/h-i686-mingw32/bin/../lib/gcc/nios2-elf/4.1.2/mno-hw-mul\libgcc.a(_ne_df.o)
 .data          0x0202624c        0x0 c:/altera/11.1sp1/nios2eds/bin/gnu/h-i686-mingw32/bin/../lib/gcc/nios2-elf/4.1.2/mno-hw-mul\libgcc.a(_gt_df.o)
 .data          0x0202624c        0x0 c:/altera/11.1sp1/nios2eds/bin/gnu/h-i686-mingw32/bin/../lib/gcc/nios2-elf/4.1.2/mno-hw-mul\libgcc.a(_ge_df.o)
 .data          0x0202624c        0x0 c:/altera/11.1sp1/nios2eds/bin/gnu/h-i686-mingw32/bin/../lib/gcc/nios2-elf/4.1.2/mno-hw-mul\libgcc.a(_lt_df.o)
 .data          0x0202624c        0x0 c:/altera/11.1sp1/nios2eds/bin/gnu/h-i686-mingw32/bin/../lib/gcc/nios2-elf/4.1.2/mno-hw-mul\libgcc.a(_si_to_df.o)
 .data          0x0202624c        0x0 c:/altera/11.1sp1/nios2eds/bin/gnu/h-i686-mingw32/bin/../lib/gcc/nios2-elf/4.1.2/mno-hw-mul\libgcc.a(_df_to_si.o)
 .data          0x0202624c        0x0 c:/altera/11.1sp1/nios2eds/bin/gnu/h-i686-mingw32/bin/../lib/gcc/nios2-elf/4.1.2/mno-hw-mul\libgcc.a(_thenan_df.o)
 .data          0x0202624c        0x0 c:/altera/11.1sp1/nios2eds/bin/gnu/h-i686-mingw32/bin/../lib/gcc/nios2-elf/4.1.2/mno-hw-mul\libgcc.a(_usi_to_df.o)
 .data          0x0202624c        0x0 c:/altera/11.1sp1/nios2eds/bin/gnu/h-i686-mingw32/bin/../lib/gcc/nios2-elf/4.1.2/mno-hw-mul\libgcc.a(_muldi3.o)
 .data          0x0202624c        0x0 c:/altera/11.1sp1/nios2eds/bin/gnu/h-i686-mingw32/bin/../lib/gcc/nios2-elf/4.1.2/mno-hw-mul\libgcc.a(_clz.o)
 .data          0x0202624c        0x0 c:/altera/11.1sp1/nios2eds/bin/gnu/h-i686-mingw32/bin/../lib/gcc/nios2-elf/4.1.2/mno-hw-mul\libgcc.a(_clzsi2.o)
 .data          0x0202624c        0x0 c:/altera/11.1sp1/nios2eds/bin/gnu/h-i686-mingw32/bin/../lib/gcc/nios2-elf/4.1.2/mno-hw-mul\libgcc.a(_pack_df.o)
 .data          0x0202624c        0x0 c:/altera/11.1sp1/nios2eds/bin/gnu/h-i686-mingw32/bin/../lib/gcc/nios2-elf/4.1.2/mno-hw-mul\libgcc.a(_unpack_df.o)
 .data          0x0202624c        0x0 c:/altera/11.1sp1/nios2eds/bin/gnu/h-i686-mingw32/bin/../lib/gcc/nios2-elf/4.1.2/mno-hw-mul\libgcc.a(_fpcmp_parts_df.o)
 .data          0x0202624c        0x0 ../pc8001onDE0_subsystem_bsp/\libhal_bsp.a(alt_close.o)
 .data          0x0202624c      0x1a8 ../pc8001onDE0_subsystem_bsp/\libhal_bsp.a(alt_dev.o)
                0x0202624c                alt_dev_null
                0x02026274                alt_fd_list
 .data          0x020263f4        0x0 ../pc8001onDE0_subsystem_bsp/\libhal_bsp.a(alt_errno.o)
 .data          0x020263f4        0x0 ../pc8001onDE0_subsystem_bsp/\libhal_bsp.a(alt_fs_reg.o)
 .data          0x020263f4        0x0 ../pc8001onDE0_subsystem_bsp/\libhal_bsp.a(alt_fstat.o)
 .data          0x020263f4        0x0 ../pc8001onDE0_subsystem_bsp/\libhal_bsp.a(alt_irq_register.o)
 .data          0x020263f4        0x0 ../pc8001onDE0_subsystem_bsp/\libhal_bsp.a(alt_irq_vars.o)
 .data          0x020263f4        0x0 ../pc8001onDE0_subsystem_bsp/\libhal_bsp.a(alt_isatty.o)
 .data          0x020263f4        0x0 ../pc8001onDE0_subsystem_bsp/\libhal_bsp.a(alt_load.o)
 .data          0x020263f4        0x0 ../pc8001onDE0_subsystem_bsp/\libhal_bsp.a(alt_lseek.o)
 .data          0x020263f4        0x0 ../pc8001onDE0_subsystem_bsp/\libhal_bsp.a(alt_main.o)
 .data          0x020263f4        0x0 ../pc8001onDE0_subsystem_bsp/\libhal_bsp.a(alt_malloc_lock.o)
 .data          0x020263f4        0x0 ../pc8001onDE0_subsystem_bsp/\libhal_bsp.a(alt_open.o)
 .data          0x020263f4        0x0 ../pc8001onDE0_subsystem_bsp/\libhal_bsp.a(alt_read.o)
 .data          0x020263f4        0x0 ../pc8001onDE0_subsystem_bsp/\libhal_bsp.a(alt_release_fd.o)
 .data          0x020263f4        0x0 ../pc8001onDE0_subsystem_bsp/\libhal_bsp.a(alt_sbrk.o)
 .data          0x020263f4        0x0 ../pc8001onDE0_subsystem_bsp/\libhal_bsp.a(alt_write.o)
 .data          0x020263f4     0x1124 ../pc8001onDE0_subsystem_bsp/\libhal_bsp.a(alt_sys_init.o)
 .data          0x02027518        0x0 ../pc8001onDE0_subsystem_bsp/\libhal_bsp.a(altera_avalon_epcs_flash_controller.o)
 .data          0x02027518        0x0 ../pc8001onDE0_subsystem_bsp/\libhal_bsp.a(altera_avalon_jtag_uart_fd.o)
 .data          0x02027518        0x0 ../pc8001onDE0_subsystem_bsp/\libhal_bsp.a(altera_avalon_jtag_uart_init.o)
 .data          0x02027518        0x0 ../pc8001onDE0_subsystem_bsp/\libhal_bsp.a(altera_avalon_jtag_uart_ioctl.o)
 .data          0x02027518        0x0 ../pc8001onDE0_subsystem_bsp/\libhal_bsp.a(altera_avalon_jtag_uart_read.o)
 .data          0x02027518        0x0 ../pc8001onDE0_subsystem_bsp/\libhal_bsp.a(altera_avalon_jtag_uart_write.o)
 .data          0x02027518        0x0 ../pc8001onDE0_subsystem_bsp/\libhal_bsp.a(altera_avalon_timer_sc.o)
 .data          0x02027518        0x0 ../pc8001onDE0_subsystem_bsp/\libhal_bsp.a(epcs_commands.o)
 .data          0x02027518        0x0 ../pc8001onDE0_subsystem_bsp/\libhal_bsp.a(alt_alarm_start.o)
 .data          0x02027518        0x0 ../pc8001onDE0_subsystem_bsp/\libhal_bsp.a(alt_dcache_flush_all.o)
 .data          0x02027518        0x0 ../pc8001onDE0_subsystem_bsp/\libhal_bsp.a(alt_dev_llist_insert.o)
 .data          0x02027518        0x0 ../pc8001onDE0_subsystem_bsp/\libhal_bsp.a(alt_do_ctors.o)
 .data          0x02027518        0x0 ../pc8001onDE0_subsystem_bsp/\libhal_bsp.a(alt_do_dtors.o)
 .data          0x02027518        0x0 ../pc8001onDE0_subsystem_bsp/\libhal_bsp.a(alt_find_dev.o)
 .data          0x02027518        0x0 ../pc8001onDE0_subsystem_bsp/\libhal_bsp.a(alt_find_file.o)
 .data          0x02027518        0x0 ../pc8001onDE0_subsystem_bsp/\libhal_bsp.a(alt_flash_dev.o)
 .data          0x02027518        0x0 ../pc8001onDE0_subsystem_bsp/\libhal_bsp.a(alt_get_fd.o)
 .data          0x02027518        0x0 ../pc8001onDE0_subsystem_bsp/\libhal_bsp.a(alt_icache_flush_all.o)
 .data          0x02027518        0x0 ../pc8001onDE0_subsystem_bsp/\libhal_bsp.a(alt_iic.o)
 .data          0x02027518        0x0 ../pc8001onDE0_subsystem_bsp/\libhal_bsp.a(alt_iic_isr_register.o)
 .data          0x02027518        0x0 ../pc8001onDE0_subsystem_bsp/\libhal_bsp.a(alt_io_redirect.o)
 .data          0x02027518        0x0 ../pc8001onDE0_subsystem_bsp/\libhal_bsp.a(alt_irq_entry.o)
 .data          0x02027518        0x0 ../pc8001onDE0_subsystem_bsp/\libhal_bsp.a(alt_irq_handler.o)
 .data          0x02027518        0x0 ../pc8001onDE0_subsystem_bsp/\libhal_bsp.a(alt_tick.o)
 .data          0x02027518        0x0 ../pc8001onDE0_subsystem_bsp/\libhal_bsp.a(altera_nios2_irq.o)
 .data          0x02027518        0x0 ../pc8001onDE0_subsystem_bsp/\libhal_bsp.a(altera_avalon_spi.o)
 .data          0x02027518        0x0 ../pc8001onDE0_subsystem_bsp/\libhal_bsp.a(alt_exception_entry.o)
 .data          0x02027518        0x0 c:/altera/11.1sp1/nios2eds/bin/gnu/h-i686-mingw32/bin/../lib/gcc/nios2-elf/4.1.2/../../../../nios2-elf/lib/mno-hw-mul\libc.a(lib_a-atexit.o)
 .data          0x02027518        0x0 c:/altera/11.1sp1/nios2eds/bin/gnu/h-i686-mingw32/bin/../lib/gcc/nios2-elf/4.1.2/../../../../nios2-elf/lib/mno-hw-mul\libc.a(lib_a-exit.o)
 .data          0x02027518        0x0 c:/altera/11.1sp1/nios2eds/bin/gnu/h-i686-mingw32/bin/../lib/gcc/nios2-elf/4.1.2/../../../../nios2-elf/lib/mno-hw-mul\libc.a(lib_a-memcmp.o)
 .data          0x02027518        0x0 c:/altera/11.1sp1/nios2eds/bin/gnu/h-i686-mingw32/bin/../lib/gcc/nios2-elf/4.1.2/../../../../nios2-elf/lib/mno-hw-mul\libc.a(lib_a-__atexit.o)
 .data          0x02027518        0x0 c:/altera/11.1sp1/nios2eds/bin/gnu/h-i686-mingw32/bin/../lib/gcc/nios2-elf/4.1.2/../../../../nios2-elf/lib/mno-hw-mul\libc.a(lib_a-__call_atexit.o)
 .data          0x02027518        0x0 ../pc8001onDE0_subsystem_bsp/\libhal_bsp.a(alt_exit.o)
                0x0202f518                _gp = ABSOLUTE ((. + 0x8000))
                0x0202f518                PROVIDE (gp, _gp)
 *(.rwdata .rwdata.*)
 *(.sdata .sdata.* .gnu.linkonce.s.*)
 .sdata         0x02027518        0x1 obj/default/src/mmcfs/fatfs/mmcbb.o
 *fill*         0x02027519        0x3 00
 .sdata         0x0202751c        0x8 c:/altera/11.1sp1/nios2eds/bin/gnu/h-i686-mingw32/bin/../lib/gcc/nios2-elf/4.1.2/../../../../nios2-elf/lib/mno-hw-mul\libc.a(lib_a-impure.o)
                0x0202751c                _impure_ptr
                0x02027520                _global_impure_ptr
 .sdata         0x02027524        0x8 c:/altera/11.1sp1/nios2eds/bin/gnu/h-i686-mingw32/bin/../lib/gcc/nios2-elf/4.1.2/../../../../nios2-elf/lib/mno-hw-mul\libc.a(lib_a-mallocr.o)
                0x02027524                __malloc_trim_threshold
                0x02027528                __malloc_sbrk_base
 .sdata         0x0202752c        0x8 c:/altera/11.1sp1/nios2eds/bin/gnu/h-i686-mingw32/bin/../lib/gcc/nios2-elf/4.1.2/../../../../nios2-elf/lib/mno-hw-mul\libc.a(lib_a-locale.o)
                0x0202752c                __mb_cur_max
 .sdata         0x02027534       0x14 ../pc8001onDE0_subsystem_bsp/\libhal_bsp.a(alt_dev.o)
                0x02027534                alt_fs_list
                0x0202753c                alt_dev_list
                0x02027544                alt_max_fd
 .sdata         0x02027548        0x4 ../pc8001onDE0_subsystem_bsp/\libhal_bsp.a(alt_errno.o)
                0x02027548                alt_errno
 .sdata         0x0202754c        0x4 ../pc8001onDE0_subsystem_bsp/\libhal_bsp.a(alt_irq_vars.o)
                0x0202754c                alt_priority_mask
 .sdata         0x02027550        0x4 ../pc8001onDE0_subsystem_bsp/\libhal_bsp.a(alt_sbrk.o)
 .sdata         0x02027554        0x8 ../pc8001onDE0_subsystem_bsp/\libhal_bsp.a(alt_flash_dev.o)
                0x02027554                alt_flash_dev_list
 .sdata         0x0202755c        0x8 ../pc8001onDE0_subsystem_bsp/\libhal_bsp.a(alt_tick.o)
                0x0202755c                alt_alarm_list
 *(.sdata2 .sdata2.* .gnu.linkonce.s2.*)
                0x02027564                . = ALIGN (0x4)
                0x02027564                _edata = ABSOLUTE (.)
                0x02027564                PROVIDE (edata, ABSOLUTE (.))
                0x02027564                PROVIDE (__ram_rwdata_end, ABSOLUTE (.))
                0x02027564                PROVIDE (__flash_rwdata_start, LOADADDR (.rwdata))

.bss            0x020290e4     0x29bc
                0x020290e4                __bss_start = ABSOLUTE (.)
                0x020290e4                PROVIDE (__sbss_start, ABSOLUTE (.))
                0x020290e4                PROVIDE (___sbss_start, ABSOLUTE (.))
 *(.dynsbss)
 *(.sbss .sbss.* .gnu.linkonce.sb.*)
 .sbss          0x020290e4        0x1 obj/default/src/main.o
 *fill*         0x020290e5        0x3 00
 .sbss          0x020290e8        0x4 obj/default/src/main.o
                0x020290e8                edge_capture_timer
 .sbss          0x020290ec        0x8 obj/default/src/mmcfs/fatfs/ff.o
 .sbss          0x020290f4        0x1 obj/default/src/mmcfs/fatfs/mmcbb.o
 *fill*         0x020290f5        0x3 00
 .sbss          0x020290f8        0x8 obj/default/src/mmcfs/mmc_spi.o
 .sbss          0x02029100        0x4 obj/default/src/mmcfs/mmcfs.o
 .sbss          0x02029104        0x4 c:/altera/11.1sp1/nios2eds/bin/gnu/h-i686-mingw32/bin/../lib/gcc/nios2-elf/4.1.2/../../../../nios2-elf/lib/mno-hw-mul\libc.a(lib_a-int_errno.o)
                0x02029104                errno
 .sbss          0x02029108        0xc c:/altera/11.1sp1/nios2eds/bin/gnu/h-i686-mingw32/bin/../lib/gcc/nios2-elf/4.1.2/../../../../nios2-elf/lib/mno-hw-mul\libc.a(lib_a-mallocr.o)
                0x02029108                __malloc_top_pad
                0x0202910c                __malloc_max_sbrked_mem
                0x02029110                __malloc_max_total_mem
 .sbss          0x02029114        0xc c:/altera/11.1sp1/nios2eds/bin/gnu/h-i686-mingw32/bin/../lib/gcc/nios2-elf/4.1.2/../../../../nios2-elf/lib/mno-hw-mul\libc.a(lib_a-locale.o)
                0x02029114                __nlocale_changed
                0x02029118                __mlocale_changed
                0x0202911c                _PathLocale
 .sbss          0x02029120        0x4 ../pc8001onDE0_subsystem_bsp/\libhal_bsp.a(alt_irq_vars.o)
                0x02029120                alt_irq_active
 .sbss          0x02029124        0xc ../pc8001onDE0_subsystem_bsp/\libhal_bsp.a(alt_main.o)
                0x02029124                alt_argc
                0x02029128                alt_argv
                0x0202912c                alt_envp
 .sbss          0x02029130        0x8 ../pc8001onDE0_subsystem_bsp/\libhal_bsp.a(alt_tick.o)
                0x02029130                _alt_tick_rate
                0x02029134                _alt_nticks
 *(.sbss2 .sbss2.* .gnu.linkonce.sb2.*)
 *(.scommon)
                0x02029138                PROVIDE (__sbss_end, ABSOLUTE (.))
                0x02029138                PROVIDE (___sbss_end, ABSOLUTE (.))
 *(.dynbss)
 *(.bss .bss.* .gnu.linkonce.b.*)
 .bss           0x02029138        0x0 ../pc8001onDE0_subsystem_bsp//obj/HAL/src/crt0.o
 .bss           0x02029138        0x0 obj/default/src/main.o
 .bss           0x02029138      0x200 obj/default/src/mmcfs/fatfs/ff.o
 .bss           0x02029338        0x0 obj/default/src/mmcfs/fatfs/mmcbb.o
 .bss           0x02029338        0x0 obj/default/src/mmcfs/fatfs/option/cc932.o
 .bss           0x02029338        0x0 obj/default/src/mmcfs/gettime.o
 .bss           0x02029338        0x0 obj/default/src/mmcfs/mmc_spi.o
 .bss           0x02029338     0x24b0 obj/default/src/mmcfs/mmcfs.o
 .bss           0x0202b7e8        0x0 c:/altera/11.1sp1/nios2eds/bin/gnu/h-i686-mingw32/bin/../lib/gcc/nios2-elf/4.1.2/mno-hw-mul\libgcc.a(lib2-divmod.o)
 .bss           0x0202b7e8        0x0 c:/altera/11.1sp1/nios2eds/bin/gnu/h-i686-mingw32/bin/../lib/gcc/nios2-elf/4.1.2/mno-hw-mul\libgcc.a(lib2-mul.o)
 .bss           0x0202b7e8        0x0 c:/altera/11.1sp1/nios2eds/bin/gnu/h-i686-mingw32/bin/../lib/gcc/nios2-elf/4.1.2/../../../../nios2-elf/lib/mno-hw-mul\libc.a(lib_a-fclose.o)
 .bss           0x0202b7e8        0x0 c:/altera/11.1sp1/nios2eds/bin/gnu/h-i686-mingw32/bin/../lib/gcc/nios2-elf/4.1.2/../../../../nios2-elf/lib/mno-hw-mul\libc.a(lib_a-fflush.o)
 .bss           0x0202b7e8        0x0 c:/altera/11.1sp1/nios2eds/bin/gnu/h-i686-mingw32/bin/../lib/gcc/nios2-elf/4.1.2/../../../../nios2-elf/lib/mno-hw-mul\libc.a(lib_a-fgetc.o)
 .bss           0x0202b7e8        0x0 c:/altera/11.1sp1/nios2eds/bin/gnu/h-i686-mingw32/bin/../lib/gcc/nios2-elf/4.1.2/../../../../nios2-elf/lib/mno-hw-mul\libc.a(lib_a-findfp.o)
 .bss           0x0202b7e8        0x0 c:/altera/11.1sp1/nios2eds/bin/gnu/h-i686-mingw32/bin/../lib/gcc/nios2-elf/4.1.2/../../../../nios2-elf/lib/mno-hw-mul\libc.a(lib_a-fopen.o)
 .bss           0x0202b7e8        0x0 c:/altera/11.1sp1/nios2eds/bin/gnu/h-i686-mingw32/bin/../lib/gcc/nios2-elf/4.1.2/../../../../nios2-elf/lib/mno-hw-mul\libc.a(lib_a-freer.o)
 .bss           0x0202b7e8        0x0 c:/altera/11.1sp1/nios2eds/bin/gnu/h-i686-mingw32/bin/../lib/gcc/nios2-elf/4.1.2/../../../../nios2-elf/lib/mno-hw-mul\libc.a(lib_a-fseek.o)
 .bss           0x0202b7e8        0x0 c:/altera/11.1sp1/nios2eds/bin/gnu/h-i686-mingw32/bin/../lib/gcc/nios2-elf/4.1.2/../../../../nios2-elf/lib/mno-hw-mul\libc.a(lib_a-fstatr.o)
 .bss           0x0202b7e8        0x0 c:/altera/11.1sp1/nios2eds/bin/gnu/h-i686-mingw32/bin/../lib/gcc/nios2-elf/4.1.2/../../../../nios2-elf/lib/mno-hw-mul\libc.a(lib_a-ftell.o)
 .bss           0x0202b7e8        0x0 c:/altera/11.1sp1/nios2eds/bin/gnu/h-i686-mingw32/bin/../lib/gcc/nios2-elf/4.1.2/../../../../nios2-elf/lib/mno-hw-mul\libc.a(lib_a-fwalk.o)
 .bss           0x0202b7e8        0x0 c:/altera/11.1sp1/nios2eds/bin/gnu/h-i686-mingw32/bin/../lib/gcc/nios2-elf/4.1.2/../../../../nios2-elf/lib/mno-hw-mul\libc.a(lib_a-impure.o)
 .bss           0x0202b7e8        0x0 c:/altera/11.1sp1/nios2eds/bin/gnu/h-i686-mingw32/bin/../lib/gcc/nios2-elf/4.1.2/../../../../nios2-elf/lib/mno-hw-mul\libc.a(lib_a-int_errno.o)
 .bss           0x0202b7e8        0x0 c:/altera/11.1sp1/nios2eds/bin/gnu/h-i686-mingw32/bin/../lib/gcc/nios2-elf/4.1.2/../../../../nios2-elf/lib/mno-hw-mul\libc.a(lib_a-makebuf.o)
 .bss           0x0202b7e8       0x28 c:/altera/11.1sp1/nios2eds/bin/gnu/h-i686-mingw32/bin/../lib/gcc/nios2-elf/4.1.2/../../../../nios2-elf/lib/mno-hw-mul\libc.a(lib_a-mallocr.o)
                0x0202b7e8                __malloc_current_mallinfo
 .bss           0x0202b810        0x0 c:/altera/11.1sp1/nios2eds/bin/gnu/h-i686-mingw32/bin/../lib/gcc/nios2-elf/4.1.2/../../../../nios2-elf/lib/mno-hw-mul\libc.a(lib_a-memcpy.o)
 .bss           0x0202b810        0x0 c:/altera/11.1sp1/nios2eds/bin/gnu/h-i686-mingw32/bin/../lib/gcc/nios2-elf/4.1.2/../../../../nios2-elf/lib/mno-hw-mul\libc.a(lib_a-memset.o)
 .bss           0x0202b810        0x0 c:/altera/11.1sp1/nios2eds/bin/gnu/h-i686-mingw32/bin/../lib/gcc/nios2-elf/4.1.2/../../../../nios2-elf/lib/mno-hw-mul\libc.a(lib_a-openr.o)
 .bss           0x0202b810        0x0 c:/altera/11.1sp1/nios2eds/bin/gnu/h-i686-mingw32/bin/../lib/gcc/nios2-elf/4.1.2/../../../../nios2-elf/lib/mno-hw-mul\libc.a(lib_a-printf.o)
 .bss           0x0202b810        0x0 c:/altera/11.1sp1/nios2eds/bin/gnu/h-i686-mingw32/bin/../lib/gcc/nios2-elf/4.1.2/../../../../nios2-elf/lib/mno-hw-mul\libc.a(lib_a-puts.o)
 .bss           0x0202b810        0x0 c:/altera/11.1sp1/nios2eds/bin/gnu/h-i686-mingw32/bin/../lib/gcc/nios2-elf/4.1.2/../../../../nios2-elf/lib/mno-hw-mul\libc.a(lib_a-refill.o)
 .bss           0x0202b810        0x0 c:/altera/11.1sp1/nios2eds/bin/gnu/h-i686-mingw32/bin/../lib/gcc/nios2-elf/4.1.2/../../../../nios2-elf/lib/mno-hw-mul\libc.a(lib_a-rget.o)
 .bss           0x0202b810        0x0 c:/altera/11.1sp1/nios2eds/bin/gnu/h-i686-mingw32/bin/../lib/gcc/nios2-elf/4.1.2/../../../../nios2-elf/lib/mno-hw-mul\libc.a(lib_a-sbrkr.o)
 .bss           0x0202b810        0x0 c:/altera/11.1sp1/nios2eds/bin/gnu/h-i686-mingw32/bin/../lib/gcc/nios2-elf/4.1.2/../../../../nios2-elf/lib/mno-hw-mul\libc.a(lib_a-stdio.o)
 .bss           0x0202b810        0x0 c:/altera/11.1sp1/nios2eds/bin/gnu/h-i686-mingw32/bin/../lib/gcc/nios2-elf/4.1.2/../../../../nios2-elf/lib/mno-hw-mul\libc.a(lib_a-strlen.o)
 .bss           0x0202b810        0x0 c:/altera/11.1sp1/nios2eds/bin/gnu/h-i686-mingw32/bin/../lib/gcc/nios2-elf/4.1.2/../../../../nios2-elf/lib/mno-hw-mul\libc.a(lib_a-vfprintf.o)
 .bss           0x0202b810        0x0 c:/altera/11.1sp1/nios2eds/bin/gnu/h-i686-mingw32/bin/../lib/gcc/nios2-elf/4.1.2/../../../../nios2-elf/lib/mno-hw-mul\libc.a(lib_a-writer.o)
 .bss           0x0202b810        0x0 c:/altera/11.1sp1/nios2eds/bin/gnu/h-i686-mingw32/bin/../lib/gcc/nios2-elf/4.1.2/../../../../nios2-elf/lib/mno-hw-mul\libc.a(lib_a-wsetup.o)
 .bss           0x0202b810        0x0 c:/altera/11.1sp1/nios2eds/bin/gnu/h-i686-mingw32/bin/../lib/gcc/nios2-elf/4.1.2/../../../../nios2-elf/lib/mno-hw-mul\libc.a(lib_a-closer.o)
 .bss           0x0202b810        0x0 c:/altera/11.1sp1/nios2eds/bin/gnu/h-i686-mingw32/bin/../lib/gcc/nios2-elf/4.1.2/../../../../nios2-elf/lib/mno-hw-mul\libc.a(lib_a-dtoa.o)
 .bss           0x0202b810        0x0 c:/altera/11.1sp1/nios2eds/bin/gnu/h-i686-mingw32/bin/../lib/gcc/nios2-elf/4.1.2/../../../../nios2-elf/lib/mno-hw-mul\libc.a(lib_a-flags.o)
 .bss           0x0202b810        0x0 c:/altera/11.1sp1/nios2eds/bin/gnu/h-i686-mingw32/bin/../lib/gcc/nios2-elf/4.1.2/../../../../nios2-elf/lib/mno-hw-mul\libc.a(lib_a-fvwrite.o)
 .bss           0x0202b810        0x0 c:/altera/11.1sp1/nios2eds/bin/gnu/h-i686-mingw32/bin/../lib/gcc/nios2-elf/4.1.2/../../../../nios2-elf/lib/mno-hw-mul\libc.a(lib_a-isattyr.o)
 .bss           0x0202b810        0x0 c:/altera/11.1sp1/nios2eds/bin/gnu/h-i686-mingw32/bin/../lib/gcc/nios2-elf/4.1.2/../../../../nios2-elf/lib/mno-hw-mul\libc.a(lib_a-locale.o)
 .bss           0x0202b810        0x0 c:/altera/11.1sp1/nios2eds/bin/gnu/h-i686-mingw32/bin/../lib/gcc/nios2-elf/4.1.2/../../../../nios2-elf/lib/mno-hw-mul\libc.a(lib_a-lseekr.o)
 .bss           0x0202b810        0x0 c:/altera/11.1sp1/nios2eds/bin/gnu/h-i686-mingw32/bin/../lib/gcc/nios2-elf/4.1.2/../../../../nios2-elf/lib/mno-hw-mul\libc.a(lib_a-memchr.o)
 .bss           0x0202b810        0x0 c:/altera/11.1sp1/nios2eds/bin/gnu/h-i686-mingw32/bin/../lib/gcc/nios2-elf/4.1.2/../../../../nios2-elf/lib/mno-hw-mul\libc.a(lib_a-memmove.o)
 .bss           0x0202b810        0x0 c:/altera/11.1sp1/nios2eds/bin/gnu/h-i686-mingw32/bin/../lib/gcc/nios2-elf/4.1.2/../../../../nios2-elf/lib/mno-hw-mul\libc.a(lib_a-mprec.o)
 .bss           0x0202b810        0x0 c:/altera/11.1sp1/nios2eds/bin/gnu/h-i686-mingw32/bin/../lib/gcc/nios2-elf/4.1.2/../../../../nios2-elf/lib/mno-hw-mul\libc.a(lib_a-readr.o)
 .bss           0x0202b810        0x0 c:/altera/11.1sp1/nios2eds/bin/gnu/h-i686-mingw32/bin/../lib/gcc/nios2-elf/4.1.2/../../../../nios2-elf/lib/mno-hw-mul\libc.a(lib_a-reallocr.o)
 .bss           0x0202b810        0x0 c:/altera/11.1sp1/nios2eds/bin/gnu/h-i686-mingw32/bin/../lib/gcc/nios2-elf/4.1.2/../../../../nios2-elf/lib/mno-hw-mul\libc.a(lib_a-s_isinfd.o)
 .bss           0x0202b810        0x0 c:/altera/11.1sp1/nios2eds/bin/gnu/h-i686-mingw32/bin/../lib/gcc/nios2-elf/4.1.2/../../../../nios2-elf/lib/mno-hw-mul\libc.a(lib_a-s_isnand.o)
 .bss           0x0202b810        0x0 c:/altera/11.1sp1/nios2eds/bin/gnu/h-i686-mingw32/bin/../lib/gcc/nios2-elf/4.1.2/../../../../nios2-elf/lib/mno-hw-mul\libc.a(lib_a-strcmp.o)
 .bss           0x0202b810        0x0 c:/altera/11.1sp1/nios2eds/bin/gnu/h-i686-mingw32/bin/../lib/gcc/nios2-elf/4.1.2/../../../../nios2-elf/lib/mno-hw-mul\libc.a(lib_a-callocr.o)
 .bss           0x0202b810        0x0 c:/altera/11.1sp1/nios2eds/bin/gnu/h-i686-mingw32/bin/../lib/gcc/nios2-elf/4.1.2/mno-hw-mul\libgcc.a(_udivdi3.o)
 .bss           0x0202b810        0x0 c:/altera/11.1sp1/nios2eds/bin/gnu/h-i686-mingw32/bin/../lib/gcc/nios2-elf/4.1.2/mno-hw-mul\libgcc.a(_umoddi3.o)
 .bss           0x0202b810        0x0 c:/altera/11.1sp1/nios2eds/bin/gnu/h-i686-mingw32/bin/../lib/gcc/nios2-elf/4.1.2/mno-hw-mul\libgcc.a(_addsub_df.o)
 .bss           0x0202b810        0x0 c:/altera/11.1sp1/nios2eds/bin/gnu/h-i686-mingw32/bin/../lib/gcc/nios2-elf/4.1.2/mno-hw-mul\libgcc.a(_mul_df.o)
 .bss           0x0202b810        0x0 c:/altera/11.1sp1/nios2eds/bin/gnu/h-i686-mingw32/bin/../lib/gcc/nios2-elf/4.1.2/mno-hw-mul\libgcc.a(_div_df.o)
 .bss           0x0202b810        0x0 c:/altera/11.1sp1/nios2eds/bin/gnu/h-i686-mingw32/bin/../lib/gcc/nios2-elf/4.1.2/mno-hw-mul\libgcc.a(_eq_df.o)
 .bss           0x0202b810        0x0 c:/altera/11.1sp1/nios2eds/bin/gnu/h-i686-mingw32/bin/../lib/gcc/nios2-elf/4.1.2/mno-hw-mul\libgcc.a(_ne_df.o)
 .bss           0x0202b810        0x0 c:/altera/11.1sp1/nios2eds/bin/gnu/h-i686-mingw32/bin/../lib/gcc/nios2-elf/4.1.2/mno-hw-mul\libgcc.a(_gt_df.o)
 .bss           0x0202b810        0x0 c:/altera/11.1sp1/nios2eds/bin/gnu/h-i686-mingw32/bin/../lib/gcc/nios2-elf/4.1.2/mno-hw-mul\libgcc.a(_ge_df.o)
 .bss           0x0202b810        0x0 c:/altera/11.1sp1/nios2eds/bin/gnu/h-i686-mingw32/bin/../lib/gcc/nios2-elf/4.1.2/mno-hw-mul\libgcc.a(_lt_df.o)
 .bss           0x0202b810        0x0 c:/altera/11.1sp1/nios2eds/bin/gnu/h-i686-mingw32/bin/../lib/gcc/nios2-elf/4.1.2/mno-hw-mul\libgcc.a(_si_to_df.o)
 .bss           0x0202b810        0x0 c:/altera/11.1sp1/nios2eds/bin/gnu/h-i686-mingw32/bin/../lib/gcc/nios2-elf/4.1.2/mno-hw-mul\libgcc.a(_df_to_si.o)
 .bss           0x0202b810        0x0 c:/altera/11.1sp1/nios2eds/bin/gnu/h-i686-mingw32/bin/../lib/gcc/nios2-elf/4.1.2/mno-hw-mul\libgcc.a(_thenan_df.o)
 .bss           0x0202b810        0x0 c:/altera/11.1sp1/nios2eds/bin/gnu/h-i686-mingw32/bin/../lib/gcc/nios2-elf/4.1.2/mno-hw-mul\libgcc.a(_usi_to_df.o)
 .bss           0x0202b810        0x0 c:/altera/11.1sp1/nios2eds/bin/gnu/h-i686-mingw32/bin/../lib/gcc/nios2-elf/4.1.2/mno-hw-mul\libgcc.a(_muldi3.o)
 .bss           0x0202b810        0x0 c:/altera/11.1sp1/nios2eds/bin/gnu/h-i686-mingw32/bin/../lib/gcc/nios2-elf/4.1.2/mno-hw-mul\libgcc.a(_clz.o)
 .bss           0x0202b810        0x0 c:/altera/11.1sp1/nios2eds/bin/gnu/h-i686-mingw32/bin/../lib/gcc/nios2-elf/4.1.2/mno-hw-mul\libgcc.a(_clzsi2.o)
 .bss           0x0202b810        0x0 c:/altera/11.1sp1/nios2eds/bin/gnu/h-i686-mingw32/bin/../lib/gcc/nios2-elf/4.1.2/mno-hw-mul\libgcc.a(_pack_df.o)
 .bss           0x0202b810        0x0 c:/altera/11.1sp1/nios2eds/bin/gnu/h-i686-mingw32/bin/../lib/gcc/nios2-elf/4.1.2/mno-hw-mul\libgcc.a(_unpack_df.o)
 .bss           0x0202b810        0x0 c:/altera/11.1sp1/nios2eds/bin/gnu/h-i686-mingw32/bin/../lib/gcc/nios2-elf/4.1.2/mno-hw-mul\libgcc.a(_fpcmp_parts_df.o)
 .bss           0x0202b810        0x0 ../pc8001onDE0_subsystem_bsp/\libhal_bsp.a(alt_close.o)
 .bss           0x0202b810        0x0 ../pc8001onDE0_subsystem_bsp/\libhal_bsp.a(alt_dev.o)
 .bss           0x0202b810        0x0 ../pc8001onDE0_subsystem_bsp/\libhal_bsp.a(alt_errno.o)
 .bss           0x0202b810        0x0 ../pc8001onDE0_subsystem_bsp/\libhal_bsp.a(alt_fs_reg.o)
 .bss           0x0202b810        0x0 ../pc8001onDE0_subsystem_bsp/\libhal_bsp.a(alt_fstat.o)
 .bss           0x0202b810        0x0 ../pc8001onDE0_subsystem_bsp/\libhal_bsp.a(alt_irq_register.o)
 .bss           0x0202b810        0x0 ../pc8001onDE0_subsystem_bsp/\libhal_bsp.a(alt_irq_vars.o)
 .bss           0x0202b810        0x0 ../pc8001onDE0_subsystem_bsp/\libhal_bsp.a(alt_isatty.o)
 .bss           0x0202b810        0x0 ../pc8001onDE0_subsystem_bsp/\libhal_bsp.a(alt_load.o)
 .bss           0x0202b810        0x0 ../pc8001onDE0_subsystem_bsp/\libhal_bsp.a(alt_lseek.o)
 .bss           0x0202b810        0x0 ../pc8001onDE0_subsystem_bsp/\libhal_bsp.a(alt_main.o)
 .bss           0x0202b810        0x0 ../pc8001onDE0_subsystem_bsp/\libhal_bsp.a(alt_malloc_lock.o)
 .bss           0x0202b810        0x0 ../pc8001onDE0_subsystem_bsp/\libhal_bsp.a(alt_open.o)
 .bss           0x0202b810        0x0 ../pc8001onDE0_subsystem_bsp/\libhal_bsp.a(alt_read.o)
 .bss           0x0202b810        0x0 ../pc8001onDE0_subsystem_bsp/\libhal_bsp.a(alt_release_fd.o)
 .bss           0x0202b810        0x0 ../pc8001onDE0_subsystem_bsp/\libhal_bsp.a(alt_sbrk.o)
 .bss           0x0202b810        0x0 ../pc8001onDE0_subsystem_bsp/\libhal_bsp.a(alt_write.o)
 .bss           0x0202b810        0x0 ../pc8001onDE0_subsystem_bsp/\libhal_bsp.a(alt_sys_init.o)
 .bss           0x0202b810        0x0 ../pc8001onDE0_subsystem_bsp/\libhal_bsp.a(altera_avalon_epcs_flash_controller.o)
 .bss           0x0202b810        0x0 ../pc8001onDE0_subsystem_bsp/\libhal_bsp.a(altera_avalon_jtag_uart_fd.o)
 .bss           0x0202b810        0x0 ../pc8001onDE0_subsystem_bsp/\libhal_bsp.a(altera_avalon_jtag_uart_init.o)
 .bss           0x0202b810        0x0 ../pc8001onDE0_subsystem_bsp/\libhal_bsp.a(altera_avalon_jtag_uart_ioctl.o)
 .bss           0x0202b810        0x0 ../pc8001onDE0_subsystem_bsp/\libhal_bsp.a(altera_avalon_jtag_uart_read.o)
 .bss           0x0202b810        0x0 ../pc8001onDE0_subsystem_bsp/\libhal_bsp.a(altera_avalon_jtag_uart_write.o)
 .bss           0x0202b810        0x0 ../pc8001onDE0_subsystem_bsp/\libhal_bsp.a(altera_avalon_timer_sc.o)
 .bss           0x0202b810        0x0 ../pc8001onDE0_subsystem_bsp/\libhal_bsp.a(epcs_commands.o)
 .bss           0x0202b810        0x0 ../pc8001onDE0_subsystem_bsp/\libhal_bsp.a(alt_alarm_start.o)
 .bss           0x0202b810        0x0 ../pc8001onDE0_subsystem_bsp/\libhal_bsp.a(alt_dcache_flush_all.o)
 .bss           0x0202b810        0x0 ../pc8001onDE0_subsystem_bsp/\libhal_bsp.a(alt_dev_llist_insert.o)
 .bss           0x0202b810        0x0 ../pc8001onDE0_subsystem_bsp/\libhal_bsp.a(alt_do_ctors.o)
 .bss           0x0202b810        0x0 ../pc8001onDE0_subsystem_bsp/\libhal_bsp.a(alt_do_dtors.o)
 .bss           0x0202b810        0x0 ../pc8001onDE0_subsystem_bsp/\libhal_bsp.a(alt_find_dev.o)
 .bss           0x0202b810        0x0 ../pc8001onDE0_subsystem_bsp/\libhal_bsp.a(alt_find_file.o)
 .bss           0x0202b810        0x0 ../pc8001onDE0_subsystem_bsp/\libhal_bsp.a(alt_flash_dev.o)
 .bss           0x0202b810        0x0 ../pc8001onDE0_subsystem_bsp/\libhal_bsp.a(alt_get_fd.o)
 .bss           0x0202b810        0x0 ../pc8001onDE0_subsystem_bsp/\libhal_bsp.a(alt_icache_flush_all.o)
 .bss           0x0202b810        0x0 ../pc8001onDE0_subsystem_bsp/\libhal_bsp.a(alt_iic.o)
 .bss           0x0202b810        0x0 ../pc8001onDE0_subsystem_bsp/\libhal_bsp.a(alt_iic_isr_register.o)
 .bss           0x0202b810        0x0 ../pc8001onDE0_subsystem_bsp/\libhal_bsp.a(alt_io_redirect.o)
 .bss           0x0202b810        0x0 ../pc8001onDE0_subsystem_bsp/\libhal_bsp.a(alt_irq_entry.o)
 .bss           0x0202b810        0x0 ../pc8001onDE0_subsystem_bsp/\libhal_bsp.a(alt_irq_handler.o)
 .bss           0x0202b810        0x0 ../pc8001onDE0_subsystem_bsp/\libhal_bsp.a(alt_tick.o)
 .bss           0x0202b810        0x0 ../pc8001onDE0_subsystem_bsp/\libhal_bsp.a(altera_nios2_irq.o)
 .bss           0x0202b810        0x0 ../pc8001onDE0_subsystem_bsp/\libhal_bsp.a(altera_avalon_spi.o)
 .bss           0x0202b810        0x0 ../pc8001onDE0_subsystem_bsp/\libhal_bsp.a(alt_exception_entry.o)
 .bss           0x0202b810        0x0 c:/altera/11.1sp1/nios2eds/bin/gnu/h-i686-mingw32/bin/../lib/gcc/nios2-elf/4.1.2/../../../../nios2-elf/lib/mno-hw-mul\libc.a(lib_a-atexit.o)
 .bss           0x0202b810        0x0 c:/altera/11.1sp1/nios2eds/bin/gnu/h-i686-mingw32/bin/../lib/gcc/nios2-elf/4.1.2/../../../../nios2-elf/lib/mno-hw-mul\libc.a(lib_a-exit.o)
 .bss           0x0202b810        0x0 c:/altera/11.1sp1/nios2eds/bin/gnu/h-i686-mingw32/bin/../lib/gcc/nios2-elf/4.1.2/../../../../nios2-elf/lib/mno-hw-mul\libc.a(lib_a-memcmp.o)
 .bss           0x0202b810        0x0 c:/altera/11.1sp1/nios2eds/bin/gnu/h-i686-mingw32/bin/../lib/gcc/nios2-elf/4.1.2/../../../../nios2-elf/lib/mno-hw-mul\libc.a(lib_a-__atexit.o)
 .bss           0x0202b810        0x0 c:/altera/11.1sp1/nios2eds/bin/gnu/h-i686-mingw32/bin/../lib/gcc/nios2-elf/4.1.2/../../../../nios2-elf/lib/mno-hw-mul\libc.a(lib_a-__call_atexit.o)
 .bss           0x0202b810        0x0 ../pc8001onDE0_subsystem_bsp/\libhal_bsp.a(alt_exit.o)
 *(COMMON)
 COMMON         0x0202b810      0x100 ../pc8001onDE0_subsystem_bsp/\libhal_bsp.a(alt_irq_handler.o)
                0x0202b810                alt_irq
 COMMON         0x0202b910      0x190 c:/altera/11.1sp1/nios2eds/bin/gnu/h-i686-mingw32/bin/../lib/gcc/nios2-elf/4.1.2/../../../../nios2-elf/lib/mno-hw-mul\libc.a(lib_a-atexit.o)
                0x0202b910                _atexit0
                0x0202baa0                . = ALIGN (0x4)
                0x0202baa0                __bss_end = ABSOLUTE (.)

.epcs_flash_controller
                0x00001800        0x0 load address 0x0202baa0
                0x00001800                PROVIDE (_alt_partition_epcs_flash_controller_start, ABSOLUTE (.))
 *(.epcs_flash_controller. epcs_flash_controller.*)
                0x00001800                . = ALIGN (0x4)
                0x00001800                PROVIDE (_alt_partition_epcs_flash_controller_end, ABSOLUTE (.))
                0x0202baa0                PROVIDE (_alt_partition_epcs_flash_controller_load_addr, LOADADDR (.epcs_flash_controller))

.sdram          0x0202baa0        0x0
                0x0202baa0                PROVIDE (_alt_partition_sdram_start, ABSOLUTE (.))
 *(.sdram. sdram.*)
                0x0202baa0                . = ALIGN (0x4)
                0x0202baa0                PROVIDE (_alt_partition_sdram_end, ABSOLUTE (.))
                0x0202baa0                _end = ABSOLUTE (.)
                0x0202baa0                end = ABSOLUTE (.)
                0x0202baa0                __alt_stack_base = ABSOLUTE (.)
                0x0202baa0                PROVIDE (_alt_partition_sdram_load_addr, LOADADDR (.sdram))

.stab
 *(.stab)

.stabstr
 *(.stabstr)

.stab.excl
 *(.stab.excl)

.stab.exclstr
 *(.stab.exclstr)

.stab.index
 *(.stab.index)

.stab.indexstr
 *(.stab.indexstr)

.comment        0x00000000       0x26
 *(.comment)
 .comment       0x00000000       0x26 obj/default/src/main.o
                                 0x27 (size before relaxing)
 .comment       0x00000000       0x27 obj/default/src/mmcfs/fatfs/ff.o
 .comment       0x00000000       0x27 obj/default/src/mmcfs/fatfs/mmcbb.o
 .comment       0x00000000       0x27 obj/default/src/mmcfs/fatfs/option/cc932.o
 .comment       0x00000000       0x27 obj/default/src/mmcfs/gettime.o
 .comment       0x00000000       0x27 obj/default/src/mmcfs/mmc_spi.o
 .comment       0x00000000       0x27 obj/default/src/mmcfs/mmcfs.o
 .comment       0x00000000       0x27 c:/altera/11.1sp1/nios2eds/bin/gnu/h-i686-mingw32/bin/../lib/gcc/nios2-elf/4.1.2/mno-hw-mul\libgcc.a(lib2-divmod.o)
 .comment       0x00000000       0x27 c:/altera/11.1sp1/nios2eds/bin/gnu/h-i686-mingw32/bin/../lib/gcc/nios2-elf/4.1.2/mno-hw-mul\libgcc.a(lib2-mul.o)
 .comment       0x00000000       0x27 c:/altera/11.1sp1/nios2eds/bin/gnu/h-i686-mingw32/bin/../lib/gcc/nios2-elf/4.1.2/../../../../nios2-elf/lib/mno-hw-mul\libc.a(lib_a-fclose.o)
 .comment       0x00000000       0x27 c:/altera/11.1sp1/nios2eds/bin/gnu/h-i686-mingw32/bin/../lib/gcc/nios2-elf/4.1.2/../../../../nios2-elf/lib/mno-hw-mul\libc.a(lib_a-fflush.o)
 .comment       0x00000000       0x27 c:/altera/11.1sp1/nios2eds/bin/gnu/h-i686-mingw32/bin/../lib/gcc/nios2-elf/4.1.2/../../../../nios2-elf/lib/mno-hw-mul\libc.a(lib_a-fgetc.o)
 .comment       0x00000000       0x27 c:/altera/11.1sp1/nios2eds/bin/gnu/h-i686-mingw32/bin/../lib/gcc/nios2-elf/4.1.2/../../../../nios2-elf/lib/mno-hw-mul\libc.a(lib_a-findfp.o)
 .comment       0x00000000       0x27 c:/altera/11.1sp1/nios2eds/bin/gnu/h-i686-mingw32/bin/../lib/gcc/nios2-elf/4.1.2/../../../../nios2-elf/lib/mno-hw-mul\libc.a(lib_a-fopen.o)
 .comment       0x00000000       0x27 c:/altera/11.1sp1/nios2eds/bin/gnu/h-i686-mingw32/bin/../lib/gcc/nios2-elf/4.1.2/../../../../nios2-elf/lib/mno-hw-mul\libc.a(lib_a-freer.o)
 .comment       0x00000000       0x27 c:/altera/11.1sp1/nios2eds/bin/gnu/h-i686-mingw32/bin/../lib/gcc/nios2-elf/4.1.2/../../../../nios2-elf/lib/mno-hw-mul\libc.a(lib_a-fseek.o)
 .comment       0x00000000       0x27 c:/altera/11.1sp1/nios2eds/bin/gnu/h-i686-mingw32/bin/../lib/gcc/nios2-elf/4.1.2/../../../../nios2-elf/lib/mno-hw-mul\libc.a(lib_a-fstatr.o)
 .comment       0x00000000       0x27 c:/altera/11.1sp1/nios2eds/bin/gnu/h-i686-mingw32/bin/../lib/gcc/nios2-elf/4.1.2/../../../../nios2-elf/lib/mno-hw-mul\libc.a(lib_a-ftell.o)
 .comment       0x00000000       0x27 c:/altera/11.1sp1/nios2eds/bin/gnu/h-i686-mingw32/bin/../lib/gcc/nios2-elf/4.1.2/../../../../nios2-elf/lib/mno-hw-mul\libc.a(lib_a-fwalk.o)
 .comment       0x00000000       0x27 c:/altera/11.1sp1/nios2eds/bin/gnu/h-i686-mingw32/bin/../lib/gcc/nios2-elf/4.1.2/../../../../nios2-elf/lib/mno-hw-mul\libc.a(lib_a-impure.o)
 .comment       0x00000000       0x27 c:/altera/11.1sp1/nios2eds/bin/gnu/h-i686-mingw32/bin/../lib/gcc/nios2-elf/4.1.2/../../../../nios2-elf/lib/mno-hw-mul\libc.a(lib_a-int_errno.o)
 .comment       0x00000000       0x27 c:/altera/11.1sp1/nios2eds/bin/gnu/h-i686-mingw32/bin/../lib/gcc/nios2-elf/4.1.2/../../../../nios2-elf/lib/mno-hw-mul\libc.a(lib_a-makebuf.o)
 .comment       0x00000000       0x27 c:/altera/11.1sp1/nios2eds/bin/gnu/h-i686-mingw32/bin/../lib/gcc/nios2-elf/4.1.2/../../../../nios2-elf/lib/mno-hw-mul\libc.a(lib_a-mallocr.o)
 .comment       0x00000000       0x27 c:/altera/11.1sp1/nios2eds/bin/gnu/h-i686-mingw32/bin/../lib/gcc/nios2-elf/4.1.2/../../../../nios2-elf/lib/mno-hw-mul\libc.a(lib_a-memcpy.o)
 .comment       0x00000000       0x27 c:/altera/11.1sp1/nios2eds/bin/gnu/h-i686-mingw32/bin/../lib/gcc/nios2-elf/4.1.2/../../../../nios2-elf/lib/mno-hw-mul\libc.a(lib_a-memset.o)
 .comment       0x00000000       0x27 c:/altera/11.1sp1/nios2eds/bin/gnu/h-i686-mingw32/bin/../lib/gcc/nios2-elf/4.1.2/../../../../nios2-elf/lib/mno-hw-mul\libc.a(lib_a-openr.o)
 .comment       0x00000000       0x27 c:/altera/11.1sp1/nios2eds/bin/gnu/h-i686-mingw32/bin/../lib/gcc/nios2-elf/4.1.2/../../../../nios2-elf/lib/mno-hw-mul\libc.a(lib_a-printf.o)
 .comment       0x00000000       0x27 c:/altera/11.1sp1/nios2eds/bin/gnu/h-i686-mingw32/bin/../lib/gcc/nios2-elf/4.1.2/../../../../nios2-elf/lib/mno-hw-mul\libc.a(lib_a-puts.o)
 .comment       0x00000000       0x27 c:/altera/11.1sp1/nios2eds/bin/gnu/h-i686-mingw32/bin/../lib/gcc/nios2-elf/4.1.2/../../../../nios2-elf/lib/mno-hw-mul\libc.a(lib_a-refill.o)
 .comment       0x00000000       0x27 c:/altera/11.1sp1/nios2eds/bin/gnu/h-i686-mingw32/bin/../lib/gcc/nios2-elf/4.1.2/../../../../nios2-elf/lib/mno-hw-mul\libc.a(lib_a-rget.o)
 .comment       0x00000000       0x27 c:/altera/11.1sp1/nios2eds/bin/gnu/h-i686-mingw32/bin/../lib/gcc/nios2-elf/4.1.2/../../../../nios2-elf/lib/mno-hw-mul\libc.a(lib_a-sbrkr.o)
 .comment       0x00000000       0x27 c:/altera/11.1sp1/nios2eds/bin/gnu/h-i686-mingw32/bin/../lib/gcc/nios2-elf/4.1.2/../../../../nios2-elf/lib/mno-hw-mul\libc.a(lib_a-stdio.o)
 .comment       0x00000000       0x27 c:/altera/11.1sp1/nios2eds/bin/gnu/h-i686-mingw32/bin/../lib/gcc/nios2-elf/4.1.2/../../../../nios2-elf/lib/mno-hw-mul\libc.a(lib_a-strlen.o)
 .comment       0x00000000       0x27 c:/altera/11.1sp1/nios2eds/bin/gnu/h-i686-mingw32/bin/../lib/gcc/nios2-elf/4.1.2/../../../../nios2-elf/lib/mno-hw-mul\libc.a(lib_a-vfprintf.o)
 .comment       0x00000000       0x27 c:/altera/11.1sp1/nios2eds/bin/gnu/h-i686-mingw32/bin/../lib/gcc/nios2-elf/4.1.2/../../../../nios2-elf/lib/mno-hw-mul\libc.a(lib_a-writer.o)
 .comment       0x00000000       0x27 c:/altera/11.1sp1/nios2eds/bin/gnu/h-i686-mingw32/bin/../lib/gcc/nios2-elf/4.1.2/../../../../nios2-elf/lib/mno-hw-mul\libc.a(lib_a-wsetup.o)
 .comment       0x00000000       0x27 c:/altera/11.1sp1/nios2eds/bin/gnu/h-i686-mingw32/bin/../lib/gcc/nios2-elf/4.1.2/../../../../nios2-elf/lib/mno-hw-mul\libc.a(lib_a-closer.o)
 .comment       0x00000000       0x27 c:/altera/11.1sp1/nios2eds/bin/gnu/h-i686-mingw32/bin/../lib/gcc/nios2-elf/4.1.2/../../../../nios2-elf/lib/mno-hw-mul\libc.a(lib_a-dtoa.o)
 .comment       0x00000000       0x27 c:/altera/11.1sp1/nios2eds/bin/gnu/h-i686-mingw32/bin/../lib/gcc/nios2-elf/4.1.2/../../../../nios2-elf/lib/mno-hw-mul\libc.a(lib_a-flags.o)
 .comment       0x00000000       0x27 c:/altera/11.1sp1/nios2eds/bin/gnu/h-i686-mingw32/bin/../lib/gcc/nios2-elf/4.1.2/../../../../nios2-elf/lib/mno-hw-mul\libc.a(lib_a-fvwrite.o)
 .comment       0x00000000       0x27 c:/altera/11.1sp1/nios2eds/bin/gnu/h-i686-mingw32/bin/../lib/gcc/nios2-elf/4.1.2/../../../../nios2-elf/lib/mno-hw-mul\libc.a(lib_a-isattyr.o)
 .comment       0x00000000       0x27 c:/altera/11.1sp1/nios2eds/bin/gnu/h-i686-mingw32/bin/../lib/gcc/nios2-elf/4.1.2/../../../../nios2-elf/lib/mno-hw-mul\libc.a(lib_a-locale.o)
 .comment       0x00000000       0x27 c:/altera/11.1sp1/nios2eds/bin/gnu/h-i686-mingw32/bin/../lib/gcc/nios2-elf/4.1.2/../../../../nios2-elf/lib/mno-hw-mul\libc.a(lib_a-lseekr.o)
 .comment       0x00000000       0x27 c:/altera/11.1sp1/nios2eds/bin/gnu/h-i686-mingw32/bin/../lib/gcc/nios2-elf/4.1.2/../../../../nios2-elf/lib/mno-hw-mul\libc.a(lib_a-memchr.o)
 .comment       0x00000000       0x27 c:/altera/11.1sp1/nios2eds/bin/gnu/h-i686-mingw32/bin/../lib/gcc/nios2-elf/4.1.2/../../../../nios2-elf/lib/mno-hw-mul\libc.a(lib_a-memmove.o)
 .comment       0x00000000       0x27 c:/altera/11.1sp1/nios2eds/bin/gnu/h-i686-mingw32/bin/../lib/gcc/nios2-elf/4.1.2/../../../../nios2-elf/lib/mno-hw-mul\libc.a(lib_a-mprec.o)
 .comment       0x00000000       0x27 c:/altera/11.1sp1/nios2eds/bin/gnu/h-i686-mingw32/bin/../lib/gcc/nios2-elf/4.1.2/../../../../nios2-elf/lib/mno-hw-mul\libc.a(lib_a-readr.o)
 .comment       0x00000000       0x27 c:/altera/11.1sp1/nios2eds/bin/gnu/h-i686-mingw32/bin/../lib/gcc/nios2-elf/4.1.2/../../../../nios2-elf/lib/mno-hw-mul\libc.a(lib_a-reallocr.o)
 .comment       0x00000000       0x27 c:/altera/11.1sp1/nios2eds/bin/gnu/h-i686-mingw32/bin/../lib/gcc/nios2-elf/4.1.2/../../../../nios2-elf/lib/mno-hw-mul\libc.a(lib_a-s_isinfd.o)
 .comment       0x00000000       0x27 c:/altera/11.1sp1/nios2eds/bin/gnu/h-i686-mingw32/bin/../lib/gcc/nios2-elf/4.1.2/../../../../nios2-elf/lib/mno-hw-mul\libc.a(lib_a-s_isnand.o)
 .comment       0x00000000       0x27 c:/altera/11.1sp1/nios2eds/bin/gnu/h-i686-mingw32/bin/../lib/gcc/nios2-elf/4.1.2/../../../../nios2-elf/lib/mno-hw-mul\libc.a(lib_a-strcmp.o)
 .comment       0x00000000       0x27 c:/altera/11.1sp1/nios2eds/bin/gnu/h-i686-mingw32/bin/../lib/gcc/nios2-elf/4.1.2/../../../../nios2-elf/lib/mno-hw-mul\libc.a(lib_a-callocr.o)
 .comment       0x00000000       0x27 c:/altera/11.1sp1/nios2eds/bin/gnu/h-i686-mingw32/bin/../lib/gcc/nios2-elf/4.1.2/mno-hw-mul\libgcc.a(_udivdi3.o)
 .comment       0x00000000       0x27 c:/altera/11.1sp1/nios2eds/bin/gnu/h-i686-mingw32/bin/../lib/gcc/nios2-elf/4.1.2/mno-hw-mul\libgcc.a(_umoddi3.o)
 .comment       0x00000000       0x27 c:/altera/11.1sp1/nios2eds/bin/gnu/h-i686-mingw32/bin/../lib/gcc/nios2-elf/4.1.2/mno-hw-mul\libgcc.a(_addsub_df.o)
 .comment       0x00000000       0x27 c:/altera/11.1sp1/nios2eds/bin/gnu/h-i686-mingw32/bin/../lib/gcc/nios2-elf/4.1.2/mno-hw-mul\libgcc.a(_mul_df.o)
 .comment       0x00000000       0x27 c:/altera/11.1sp1/nios2eds/bin/gnu/h-i686-mingw32/bin/../lib/gcc/nios2-elf/4.1.2/mno-hw-mul\libgcc.a(_div_df.o)
 .comment       0x00000000       0x27 c:/altera/11.1sp1/nios2eds/bin/gnu/h-i686-mingw32/bin/../lib/gcc/nios2-elf/4.1.2/mno-hw-mul\libgcc.a(_eq_df.o)
 .comment       0x00000000       0x27 c:/altera/11.1sp1/nios2eds/bin/gnu/h-i686-mingw32/bin/../lib/gcc/nios2-elf/4.1.2/mno-hw-mul\libgcc.a(_ne_df.o)
 .comment       0x00000000       0x27 c:/altera/11.1sp1/nios2eds/bin/gnu/h-i686-mingw32/bin/../lib/gcc/nios2-elf/4.1.2/mno-hw-mul\libgcc.a(_gt_df.o)
 .comment       0x00000000       0x27 c:/altera/11.1sp1/nios2eds/bin/gnu/h-i686-mingw32/bin/../lib/gcc/nios2-elf/4.1.2/mno-hw-mul\libgcc.a(_ge_df.o)
 .comment       0x00000000       0x27 c:/altera/11.1sp1/nios2eds/bin/gnu/h-i686-mingw32/bin/../lib/gcc/nios2-elf/4.1.2/mno-hw-mul\libgcc.a(_lt_df.o)
 .comment       0x00000000       0x27 c:/altera/11.1sp1/nios2eds/bin/gnu/h-i686-mingw32/bin/../lib/gcc/nios2-elf/4.1.2/mno-hw-mul\libgcc.a(_si_to_df.o)
 .comment       0x00000000       0x27 c:/altera/11.1sp1/nios2eds/bin/gnu/h-i686-mingw32/bin/../lib/gcc/nios2-elf/4.1.2/mno-hw-mul\libgcc.a(_df_to_si.o)
 .comment       0x00000000       0x27 c:/altera/11.1sp1/nios2eds/bin/gnu/h-i686-mingw32/bin/../lib/gcc/nios2-elf/4.1.2/mno-hw-mul\libgcc.a(_thenan_df.o)
 .comment       0x00000000       0x27 c:/altera/11.1sp1/nios2eds/bin/gnu/h-i686-mingw32/bin/../lib/gcc/nios2-elf/4.1.2/mno-hw-mul\libgcc.a(_usi_to_df.o)
 .comment       0x00000000       0x27 c:/altera/11.1sp1/nios2eds/bin/gnu/h-i686-mingw32/bin/../lib/gcc/nios2-elf/4.1.2/mno-hw-mul\libgcc.a(_muldi3.o)
 .comment       0x00000000       0x27 c:/altera/11.1sp1/nios2eds/bin/gnu/h-i686-mingw32/bin/../lib/gcc/nios2-elf/4.1.2/mno-hw-mul\libgcc.a(_clz.o)