Archive member included because of file (symbol)

../pc-8001onDE0_subsystem_bsp/\libhal_bsp.a(alt_irq_register.o)
                              obj/default/main.o (alt_irq_register)
../pc-8001onDE0_subsystem_bsp/\libhal_bsp.a(alt_irq_vars.o)
                              ../pc-8001onDE0_subsystem_bsp/\libhal_bsp.a(alt_irq_register.o) (alt_irq_active)
../pc-8001onDE0_subsystem_bsp/\libhal_bsp.a(alt_load.o)
                              ../pc-8001onDE0_subsystem_bsp//obj/HAL/src/crt0.o (alt_load)
../pc-8001onDE0_subsystem_bsp/\libhal_bsp.a(alt_main.o)
                              ../pc-8001onDE0_subsystem_bsp//obj/HAL/src/crt0.o (alt_main)
../pc-8001onDE0_subsystem_bsp/\libhal_bsp.a(alt_printf.o)
                              obj/default/main.o (alt_printf)
../pc-8001onDE0_subsystem_bsp/\libhal_bsp.a(alt_putchar.o)
                              ../pc-8001onDE0_subsystem_bsp/\libhal_bsp.a(alt_printf.o) (alt_putchar)
../pc-8001onDE0_subsystem_bsp/\libhal_bsp.a(alt_putstr.o)
                              obj/default/main.o (alt_putstr)
../pc-8001onDE0_subsystem_bsp/\libhal_bsp.a(alt_sys_init.o)
                              ../pc-8001onDE0_subsystem_bsp/\libhal_bsp.a(alt_main.o) (alt_sys_init)
../pc-8001onDE0_subsystem_bsp/\libhal_bsp.a(altera_avalon_jtag_uart_write.o)
                              ../pc-8001onDE0_subsystem_bsp/\libhal_bsp.a(alt_putchar.o) (altera_avalon_jtag_uart_write)
../pc-8001onDE0_subsystem_bsp/\libhal_bsp.a(alt_dcache_flush_all.o)
                              ../pc-8001onDE0_subsystem_bsp/\libhal_bsp.a(alt_load.o) (alt_dcache_flush_all)
../pc-8001onDE0_subsystem_bsp/\libhal_bsp.a(alt_icache_flush_all.o)
                              ../pc-8001onDE0_subsystem_bsp/\libhal_bsp.a(alt_load.o) (alt_icache_flush_all)
../pc-8001onDE0_subsystem_bsp/\libhal_bsp.a(alt_irq_entry.o)
                              ../pc-8001onDE0_subsystem_bsp/\libhal_bsp.a(alt_irq_register.o) (alt_irq_entry)
../pc-8001onDE0_subsystem_bsp/\libhal_bsp.a(alt_irq_handler.o)
                              ../pc-8001onDE0_subsystem_bsp/\libhal_bsp.a(alt_irq_register.o) (alt_irq_handler)
../pc-8001onDE0_subsystem_bsp/\libhal_bsp.a(altera_nios2_irq.o)
                              ../pc-8001onDE0_subsystem_bsp/\libhal_bsp.a(alt_sys_init.o) (altera_nios2_irq_init)
../pc-8001onDE0_subsystem_bsp/\libhal_bsp.a(alt_exception_entry.o)
                              ../pc-8001onDE0_subsystem_bsp/\libhal_bsp.a(alt_irq_entry.o) (alt_exception)
c:/altera/11.1sp1/nios2eds/bin/gnu/h-i686-mingw32/bin/../lib/gcc/nios2-elf/4.1.2/../../../../nios2-elf/lib/mno-hw-mul\libsmallc.a(lib_a-strlen.o)
                              ../pc-8001onDE0_subsystem_bsp/\libhal_bsp.a(alt_putstr.o) (strlen)

Allocating common symbols
Common symbol       size              file

alt_irq             0x100             ../pc-8001onDE0_subsystem_bsp/\libhal_bsp.a(alt_irq_handler.o)
edge_capture_timer  0x4               obj/default/main.o

Memory Configuration

Name             Origin             Length             Attributes
reset            0x00002000         0x00000020
sram             0x00002020         0x00001fe0
*default*        0x00000000         0xffffffff

Linker script and memory map

LOAD ../pc-8001onDE0_subsystem_bsp//obj/HAL/src/crt0.o
                0x0000200c                exit = _exit
LOAD obj/default/main.o
LOAD c:/altera/11.1sp1/nios2eds/bin/gnu/h-i686-mingw32/bin/../lib/gcc/nios2-elf/4.1.2/../../../../nios2-elf/lib/mno-hw-mul\libstdc++.a
LOAD c:/altera/11.1sp1/nios2eds/bin/gnu/h-i686-mingw32/bin/../lib/gcc/nios2-elf/4.1.2/../../../../nios2-elf/lib/mno-hw-mul\libm.a
LOAD c:/altera/11.1sp1/nios2eds/bin/gnu/h-i686-mingw32/bin/../lib/gcc/nios2-elf/4.1.2/mno-hw-mul\libgcc.a
START GROUP
LOAD c:/altera/11.1sp1/nios2eds/bin/gnu/h-i686-mingw32/bin/../lib/gcc/nios2-elf/4.1.2/../../../../nios2-elf/lib/mno-hw-mul\libsmallc.a
LOAD c:/altera/11.1sp1/nios2eds/bin/gnu/h-i686-mingw32/bin/../lib/gcc/nios2-elf/4.1.2/mno-hw-mul\libgcc.a
LOAD ../pc-8001onDE0_subsystem_bsp/\libhal_bsp.a
END GROUP
LOAD c:/altera/11.1sp1/nios2eds/bin/gnu/h-i686-mingw32/bin/../lib/gcc/nios2-elf/4.1.2/mno-hw-mul\libgcc.a
                0x00002000                __alt_mem_sram = 0x2000

.entry          0x00002000       0x20
 *(.entry)
 .entry         0x00002000       0x20 ../pc-8001onDE0_subsystem_bsp//obj/HAL/src/crt0.o
                0x00002000                __reset
                0x0000200c                _exit

.exceptions     0x00002020      0x120
                0x00002020                PROVIDE (__ram_exceptions_start, ABSOLUTE (.))
                0x00002020                . = ALIGN (0x20)
 *(.irq)
 *(.exceptions.entry.label)
 .exceptions.entry.label
                0x00002020        0x0 ../pc-8001onDE0_subsystem_bsp/\libhal_bsp.a(alt_irq_entry.o)
                0x00002020                alt_irq_entry
 .exceptions.entry.label
                0x00002020        0x0 ../pc-8001onDE0_subsystem_bsp/\libhal_bsp.a(alt_exception_entry.o)
                0x00002020                alt_exception
 *(.exceptions.entry.user)
 *(.exceptions.entry)
 .exceptions.entry
                0x00002020       0x54 ../pc-8001onDE0_subsystem_bsp/\libhal_bsp.a(alt_exception_entry.o)
 *(.exceptions.irqtest.user)
 *(.exceptions.irqtest)
 .exceptions.irqtest
                0x00002074       0x10 ../pc-8001onDE0_subsystem_bsp/\libhal_bsp.a(alt_irq_entry.o)
 *(.exceptions.irqhandler.user)
 *(.exceptions.irqhandler)
 .exceptions.irqhandler
                0x00002084        0x4 ../pc-8001onDE0_subsystem_bsp/\libhal_bsp.a(alt_irq_entry.o)
 *(.exceptions.irqreturn.user)
 *(.exceptions.irqreturn)
 .exceptions.irqreturn
                0x00002088        0x4 ../pc-8001onDE0_subsystem_bsp/\libhal_bsp.a(alt_irq_entry.o)
 *(.exceptions.notirq.label)
 .exceptions.notirq.label
                0x0000208c        0x0 ../pc-8001onDE0_subsystem_bsp/\libhal_bsp.a(alt_irq_entry.o)
 *(.exceptions.notirq.user)
 *(.exceptions.notirq)
 .exceptions.notirq
                0x0000208c        0x8 ../pc-8001onDE0_subsystem_bsp/\libhal_bsp.a(alt_exception_entry.o)
 *(.exceptions.soft.user)
 *(.exceptions.soft)
 *(.exceptions.unknown.user)
 *(.exceptions.unknown)
 .exceptions.unknown
                0x00002094        0x4 ../pc-8001onDE0_subsystem_bsp/\libhal_bsp.a(alt_exception_entry.o)
 *(.exceptions.exit.label)
 .exceptions.exit.label
                0x00002098        0x0 ../pc-8001onDE0_subsystem_bsp/\libhal_bsp.a(alt_irq_entry.o)
 .exceptions.exit.label
                0x00002098        0x0 ../pc-8001onDE0_subsystem_bsp/\libhal_bsp.a(alt_exception_entry.o)
 *(.exceptions.exit.user)
 *(.exceptions.exit)
 .exceptions.exit
                0x00002098       0x54 ../pc-8001onDE0_subsystem_bsp/\libhal_bsp.a(alt_exception_entry.o)
 *(.exceptions)
 .exceptions    0x000020ec       0x54 ../pc-8001onDE0_subsystem_bsp/\libhal_bsp.a(alt_irq_handler.o)
                0x000020ec                alt_irq_handler
                0x00002140                PROVIDE (__ram_exceptions_end, ABSOLUTE (.))
                0x00002020                PROVIDE (__flash_exceptions_start, LOADADDR (.exceptions))

.text           0x00002140      0x534
                0x00002140                PROVIDE (stext, ABSOLUTE (.))
 *(.interp)
 *(.hash)
 *(.dynsym)
 *(.dynstr)
 *(.gnu.version)
 *(.gnu.version_d)
 *(.gnu.version_r)
 *(.rel.init)
 *(.rela.init)
 *(.rel.text .rel.text.* .rel.gnu.linkonce.t.*)
 *(.rela.text .rela.text.* .rela.gnu.linkonce.t.*)
 *(.rel.fini)
 *(.rela.fini)
 *(.rel.rodata .rel.rodata.* .rel.gnu.linkonce.r.*)
 *(.rela.rodata .rela.rodata.* .rela.gnu.linkonce.r.*)
 *(.rel.data .rel.data.* .rel.gnu.linkonce.d.*)
 *(.rela.data .rela.data.* .rela.gnu.linkonce.d.*)
 *(.rel.tdata .rel.tdata.* .rel.gnu.linkonce.td.*)
 *(.rela.tdata .rela.tdata.* .rela.gnu.linkonce.td.*)
 *(.rel.tbss .rel.tbss.* .rel.gnu.linkonce.tb.*)
 *(.rela.tbss .rela.tbss.* .rela.gnu.linkonce.tb.*)
 *(.rel.ctors)
 *(.rela.ctors)
 *(.rel.dtors)
 *(.rela.dtors)
 *(.rel.got)
 *(.rela.got)
 *(.rel.sdata .rel.sdata.* .rel.gnu.linkonce.s.*)
 *(.rela.sdata .rela.sdata.* .rela.gnu.linkonce.s.*)
 *(.rel.sbss .rel.sbss.* .rel.gnu.linkonce.sb.*)
 *(.rela.sbss .rela.sbss.* .rela.gnu.linkonce.sb.*)
 *(.rel.sdata2 .rel.sdata2.* .rel.gnu.linkonce.s2.*)
 *(.rela.sdata2 .rela.sdata2.* .rela.gnu.linkonce.s2.*)
 *(.rel.sbss2 .rel.sbss2.* .rel.gnu.linkonce.sb2.*)
 *(.rela.sbss2 .rela.sbss2.* .rela.gnu.linkonce.sb2.*)
 *(.rel.bss .rel.bss.* .rel.gnu.linkonce.b.*)
 *(.rela.bss .rela.bss.* .rela.gnu.linkonce.b.*)
 *(.rel.plt)
 *(.rela.plt)
 *(.rel.dyn)
 *(.init)
 *(.plt)
 *(.text .stub .text.* .gnu.linkonce.t.*)
 .text          0x00002140       0x3c ../pc-8001onDE0_subsystem_bsp//obj/HAL/src/crt0.o
                0x00002140                _start
 .text          0x0000217c      0x14c obj/default/main.o
                0x000021a0                main
 .text          0x000022c8       0xa0 ../pc-8001onDE0_subsystem_bsp/\libhal_bsp.a(alt_irq_register.o)
                0x000022c8                alt_irq_register
 .text          0x00002368        0x0 ../pc-8001onDE0_subsystem_bsp/\libhal_bsp.a(alt_irq_vars.o)
 .text          0x00002368       0x8c ../pc-8001onDE0_subsystem_bsp/\libhal_bsp.a(alt_load.o)
                0x00002388                alt_load
 .text          0x000023f4       0x2c ../pc-8001onDE0_subsystem_bsp/\libhal_bsp.a(alt_main.o)
                0x000023f4                alt_main
 .text          0x00002420      0x144 ../pc-8001onDE0_subsystem_bsp/\libhal_bsp.a(alt_printf.o)
                0x00002420                alt_printf
 .text          0x00002564       0x50 ../pc-8001onDE0_subsystem_bsp/\libhal_bsp.a(alt_putchar.o)
                0x00002564                alt_putchar
 .text          0x000025b4       0x38 ../pc-8001onDE0_subsystem_bsp/\libhal_bsp.a(alt_putstr.o)
                0x000025b4                alt_putstr
 .text          0x000025ec       0x24 ../pc-8001onDE0_subsystem_bsp/\libhal_bsp.a(alt_sys_init.o)
                0x000025ec                alt_sys_init
                0x000025f0                alt_irq_init
 .text          0x00002610       0x34 ../pc-8001onDE0_subsystem_bsp/\libhal_bsp.a(altera_avalon_jtag_uart_write.o)
                0x00002610                altera_avalon_jtag_uart_write
 .text          0x00002644        0x4 ../pc-8001onDE0_subsystem_bsp/\libhal_bsp.a(alt_dcache_flush_all.o)
                0x00002644                alt_dcache_flush_all
 .text          0x00002648        0x4 ../pc-8001onDE0_subsystem_bsp/\libhal_bsp.a(alt_icache_flush_all.o)
                0x00002648                alt_icache_flush_all
 .text          0x0000264c        0x0 ../pc-8001onDE0_subsystem_bsp/\libhal_bsp.a(alt_irq_entry.o)
 .text          0x0000264c        0x0 ../pc-8001onDE0_subsystem_bsp/\libhal_bsp.a(alt_irq_handler.o)
 .text          0x0000264c        0x8 ../pc-8001onDE0_subsystem_bsp/\libhal_bsp.a(altera_nios2_irq.o)
                0x0000264c                altera_nios2_irq_init
 .text          0x00002654        0x0 ../pc-8001onDE0_subsystem_bsp/\libhal_bsp.a(alt_exception_entry.o)
 .text          0x00002654       0x20 c:/altera/11.1sp1/nios2eds/bin/gnu/h-i686-mingw32/bin/../lib/gcc/nios2-elf/4.1.2/../../../../nios2-elf/lib/mno-hw-mul\libsmallc.a(lib_a-strlen.o)
                0x00002654                strlen
 *(.gnu.warning.*)
 *(.fini)
                0x00002674                PROVIDE (__etext, ABSOLUTE (.))
                0x00002674                PROVIDE (_etext, ABSOLUTE (.))
                0x00002674                PROVIDE (etext, ABSOLUTE (.))
 *(.eh_frame_hdr)
                0x00002674                . = ALIGN (0x4)
                0x00002674                PROVIDE (__preinit_array_start, ABSOLUTE (.))
 *(.preinit_array)
                0x00002674                PROVIDE (__preinit_array_end, ABSOLUTE (.))
                0x00002674                PROVIDE (__init_array_start, ABSOLUTE (.))
 *(.init_array)
                0x00002674                PROVIDE (__init_array_end, ABSOLUTE (.))
                0x00002674                PROVIDE (__fini_array_start, ABSOLUTE (.))
 *(.fini_array)
                0x00002674                PROVIDE (__fini_array_end, ABSOLUTE (.))
 *(.eh_frame)
 *(.gcc_except_table)
 *(.dynamic)
                0x00002674                PROVIDE (__CTOR_LIST__, ABSOLUTE (.))
 *(.ctors)
 *(SORT(.ctors.*))
                0x00002674                PROVIDE (__CTOR_END__, ABSOLUTE (.))
                0x00002674                PROVIDE (__DTOR_LIST__, ABSOLUTE (.))
 *(.dtors)
 *(SORT(.dtors.*))
                0x00002674                PROVIDE (__DTOR_END__, ABSOLUTE (.))
 *(.jcr)
                0x00002674                . = ALIGN (0x4)

.rodata         0x00002674       0x80
                0x00002674                PROVIDE (__ram_rodata_start, ABSOLUTE (.))
                0x00002674                . = ALIGN (0x4)
 *(.rodata .rodata.* .gnu.linkonce.r.*)
 .rodata.str1.4
                0x00002674       0x54 obj/default/main.o
 .rodata        0x000026c8       0x2a obj/default/main.o
 *(.rodata1)
                0x000026f4                . = ALIGN (0x4)
 *fill*         0x000026f2        0x2 00
                0x000026f4                PROVIDE (__ram_rodata_end, ABSOLUTE (.))
                0x00002674                PROVIDE (__flash_rodata_start, LOADADDR (.rodata))

.rwdata         0x000026f4        0x8 load address 0x000026fc
                0x000026f4                PROVIDE (__ram_rwdata_start, ABSOLUTE (.))
                0x000026f4                . = ALIGN (0x4)
 *(.got.plt)
 *(.got)
 *(.data1)
 *(.data .data.* .gnu.linkonce.d.*)
 .data          0x000026f4        0x0 ../pc-8001onDE0_subsystem_bsp//obj/HAL/src/crt0.o
 .data          0x000026f4        0x0 obj/default/main.o
 .data          0x000026f4        0x0 ../pc-8001onDE0_subsystem_bsp/\libhal_bsp.a(alt_irq_register.o)
 .data          0x000026f4        0x0 ../pc-8001onDE0_subsystem_bsp/\libhal_bsp.a(alt_irq_vars.o)
 .data          0x000026f4        0x0 ../pc-8001onDE0_subsystem_bsp/\libhal_bsp.a(alt_load.o)
 .data          0x000026f4        0x0 ../pc-8001onDE0_subsystem_bsp/\libhal_bsp.a(alt_main.o)
 .data          0x000026f4        0x0 ../pc-8001onDE0_subsystem_bsp/\libhal_bsp.a(alt_printf.o)
 .data          0x000026f4        0x0 ../pc-8001onDE0_subsystem_bsp/\libhal_bsp.a(alt_putchar.o)
 .data          0x000026f4        0x0 ../pc-8001onDE0_subsystem_bsp/\libhal_bsp.a(alt_putstr.o)
 .data          0x000026f4        0x0 ../pc-8001onDE0_subsystem_bsp/\libhal_bsp.a(alt_sys_init.o)
 .data          0x000026f4        0x0 ../pc-8001onDE0_subsystem_bsp/\libhal_bsp.a(altera_avalon_jtag_uart_write.o)
 .data          0x000026f4        0x0 ../pc-8001onDE0_subsystem_bsp/\libhal_bsp.a(alt_dcache_flush_all.o)
 .data          0x000026f4        0x0 ../pc-8001onDE0_subsystem_bsp/\libhal_bsp.a(alt_icache_flush_all.o)
 .data          0x000026f4        0x0 ../pc-8001onDE0_subsystem_bsp/\libhal_bsp.a(alt_irq_entry.o)
 .data          0x000026f4        0x0 ../pc-8001onDE0_subsystem_bsp/\libhal_bsp.a(alt_irq_handler.o)
 .data          0x000026f4        0x0 ../pc-8001onDE0_subsystem_bsp/\libhal_bsp.a(altera_nios2_irq.o)
 .data          0x000026f4        0x0 ../pc-8001onDE0_subsystem_bsp/\libhal_bsp.a(alt_exception_entry.o)
 .data          0x000026f4        0x0 c:/altera/11.1sp1/nios2eds/bin/gnu/h-i686-mingw32/bin/../lib/gcc/nios2-elf/4.1.2/../../../../nios2-elf/lib/mno-hw-mul\libsmallc.a(lib_a-strlen.o)
                0x0000a6f4                _gp = ABSOLUTE ((. + 0x8000))
                0x0000a6f4                PROVIDE (gp, _gp)
 *(.rwdata .rwdata.*)
 *(.sdata .sdata.* .gnu.linkonce.s.*)
 .sdata         0x000026f4        0x4 ../pc-8001onDE0_subsystem_bsp/\libhal_bsp.a(alt_irq_vars.o)
                0x000026f4                alt_priority_mask
 .sdata         0x000026f8        0x4 ../pc-8001onDE0_subsystem_bsp/\libhal_bsp.a(alt_sys_init.o)
                0x000026f8                jtag_uart
 *(.sdata2 .sdata2.* .gnu.linkonce.s2.*)
                0x000026fc                . = ALIGN (0x4)
                0x000026fc                _edata = ABSOLUTE (.)
                0x000026fc                PROVIDE (edata, ABSOLUTE (.))
                0x000026fc                PROVIDE (__ram_rwdata_end, ABSOLUTE (.))
                0x000026fc                PROVIDE (__flash_rwdata_start, LOADADDR (.rwdata))

.bss            0x00002704      0x118
                0x00002704                __bss_start = ABSOLUTE (.)
                0x00002704                PROVIDE (__sbss_start, ABSOLUTE (.))
                0x00002704                PROVIDE (___sbss_start, ABSOLUTE (.))
 *(.dynsbss)
 *(.sbss .sbss.* .gnu.linkonce.sb.*)
 .sbss          0x00002704        0x1 obj/default/main.o
 *fill*         0x00002705        0x3 00
 .sbss          0x00002708        0x4 obj/default/main.o
                0x00002708                edge_capture_timer
 .sbss          0x0000270c        0x4 ../pc-8001onDE0_subsystem_bsp/\libhal_bsp.a(alt_irq_vars.o)
                0x0000270c                alt_irq_active
 .sbss          0x00002710        0xc ../pc-8001onDE0_subsystem_bsp/\libhal_bsp.a(alt_main.o)
                0x00002710                alt_argc
                0x00002714                alt_argv
                0x00002718                alt_envp
 *(.sbss2 .sbss2.* .gnu.linkonce.sb2.*)
 *(.scommon)
                0x0000271c                PROVIDE (__sbss_end, ABSOLUTE (.))
                0x0000271c                PROVIDE (___sbss_end, ABSOLUTE (.))
 *(.dynbss)
 *(.bss .bss.* .gnu.linkonce.b.*)
 .bss           0x0000271c        0x0 ../pc-8001onDE0_subsystem_bsp//obj/HAL/src/crt0.o
 .bss           0x0000271c        0x0 obj/default/main.o
 .bss           0x0000271c        0x0 ../pc-8001onDE0_subsystem_bsp/\libhal_bsp.a(alt_irq_register.o)
 .bss           0x0000271c        0x0 ../pc-8001onDE0_subsystem_bsp/\libhal_bsp.a(alt_irq_vars.o)
 .bss           0x0000271c        0x0 ../pc-8001onDE0_subsystem_bsp/\libhal_bsp.a(alt_load.o)
 .bss           0x0000271c        0x0 ../pc-8001onDE0_subsystem_bsp/\libhal_bsp.a(alt_main.o)
 .bss           0x0000271c        0x0 ../pc-8001onDE0_subsystem_bsp/\libhal_bsp.a(alt_printf.o)
 .bss           0x0000271c        0x0 ../pc-8001onDE0_subsystem_bsp/\libhal_bsp.a(alt_putchar.o)
 .bss           0x0000271c        0x0 ../pc-8001onDE0_subsystem_bsp/\libhal_bsp.a(alt_putstr.o)
 .bss           0x0000271c        0x0 ../pc-8001onDE0_subsystem_bsp/\libhal_bsp.a(alt_sys_init.o)
 .bss           0x0000271c        0x0 ../pc-8001onDE0_subsystem_bsp/\libhal_bsp.a(altera_avalon_jtag_uart_write.o)
 .bss           0x0000271c        0x0 ../pc-8001onDE0_subsystem_bsp/\libhal_bsp.a(alt_dcache_flush_all.o)
 .bss           0x0000271c        0x0 ../pc-8001onDE0_subsystem_bsp/\libhal_bsp.a(alt_icache_flush_all.o)
 .bss           0x0000271c        0x0 ../pc-8001onDE0_subsystem_bsp/\libhal_bsp.a(alt_irq_entry.o)
 .bss           0x0000271c        0x0 ../pc-8001onDE0_subsystem_bsp/\libhal_bsp.a(alt_irq_handler.o)
 .bss           0x0000271c        0x0 ../pc-8001onDE0_subsystem_bsp/\libhal_bsp.a(altera_nios2_irq.o)
 .bss           0x0000271c        0x0 ../pc-8001onDE0_subsystem_bsp/\libhal_bsp.a(alt_exception_entry.o)
 .bss           0x0000271c        0x0 c:/altera/11.1sp1/nios2eds/bin/gnu/h-i686-mingw32/bin/../lib/gcc/nios2-elf/4.1.2/../../../../nios2-elf/lib/mno-hw-mul\libsmallc.a(lib_a-strlen.o)
 *(COMMON)
 COMMON         0x0000271c      0x100 ../pc-8001onDE0_subsystem_bsp/\libhal_bsp.a(alt_irq_handler.o)
                0x0000271c                alt_irq
                0x0000281c                . = ALIGN (0x4)
                0x0000281c                __bss_end = ABSOLUTE (.)

.sram           0x0000281c        0x0
                0x0000281c                PROVIDE (_alt_partition_sram_start, ABSOLUTE (.))
 *(.sram. sram.*)
                0x0000281c                . = ALIGN (0x4)
                0x0000281c                PROVIDE (_alt_partition_sram_end, ABSOLUTE (.))
                0x0000281c                _end = ABSOLUTE (.)
                0x0000281c                end = ABSOLUTE (.)
                0x0000281c                __alt_stack_base = ABSOLUTE (.)
                0x0000281c                PROVIDE (_alt_partition_sram_load_addr, LOADADDR (.sram))

.stab
 *(.stab)

.stabstr
 *(.stabstr)

.stab.excl
 *(.stab.excl)

.stab.exclstr
 *(.stab.exclstr)

.stab.index
 *(.stab.index)

.stab.indexstr
 *(.stab.indexstr)

.comment        0x00000000       0x26
 *(.comment)
 .comment       0x00000000       0x26 obj/default/main.o
                                 0x27 (size before relaxing)
 .comment       0x00000000       0x27 ../pc-8001onDE0_subsystem_bsp/\libhal_bsp.a(alt_irq_register.o)
 .comment       0x00000000       0x27 ../pc-8001onDE0_subsystem_bsp/\libhal_bsp.a(alt_irq_vars.o)
 .comment       0x00000000       0x27 ../pc-8001onDE0_subsystem_bsp/\libhal_bsp.a(alt_load.o)
 .comment       0x00000000       0x27 ../pc-8001onDE0_subsystem_bsp/\libhal_bsp.a(alt_main.o)
 .comment       0x00000000       0x27 ../pc-8001onDE0_subsystem_bsp/\libhal_bsp.a(alt_printf.o)
 .comment       0x00000000       0x27 ../pc-8001onDE0_subsystem_bsp/\libhal_bsp.a(alt_putchar.o)
 .comment       0x00000000       0x27 ../pc-8001onDE0_subsystem_bsp/\libhal_bsp.a(alt_putstr.o)
 .comment       0x00000000       0x27 ../pc-8001onDE0_subsystem_bsp/\libhal_bsp.a(alt_sys_init.o)
 .comment       0x00000000       0x27 ../pc-8001onDE0_subsystem_bsp/\libhal_bsp.a(altera_avalon_jtag_uart_write.o)
 .comment       0x00000000       0x27 ../pc-8001onDE0_subsystem_bsp/\libhal_bsp.a(alt_dcache_flush_all.o)
 .comment       0x00000000       0x27 ../pc-8001onDE0_subsystem_bsp/\libhal_bsp.a(alt_icache_flush_all.o)
 .comment       0x00000000       0x27 ../pc-8001onDE0_subsystem_bsp/\libhal_bsp.a(alt_irq_handler.o)
 .comment       0x00000000       0x27 ../pc-8001onDE0_subsystem_bsp/\libhal_bsp.a(altera_nios2_irq.o)
 .comment       0x00000000       0x27 c:/altera/11.1sp1/nios2eds/bin/gnu/h-i686-mingw32/bin/../lib/gcc/nios2-elf/4.1.2/../../../../nios2-elf/lib/mno-hw-mul\libsmallc.a(lib_a-strlen.o)

.debug
 *(.debug)

.line
 *(.line)

.debug_srcinfo
 *(.debug_srcinfo)

.debug_sfnames
 *(.debug_sfnames)

.debug_aranges  0x00000000      0x258
 *(.debug_aranges)
 .debug_aranges
                0x00000000       0x28 ../pc-8001onDE0_subsystem_bsp//obj/HAL/src/crt0.o
 .debug_aranges
                0x00000028       0x20 obj/default/main.o
 .debug_aranges
                0x00000048       0x20 ../pc-8001onDE0_subsystem_bsp/\libhal_bsp.a(alt_irq_register.o)
 .debug_aranges
                0x00000068       0x20 ../pc-8001onDE0_subsystem_bsp/\libhal_bsp.a(alt_load.o)
 .debug_aranges
                0x00000088       0x20 ../pc-8001onDE0_subsystem_bsp/\libhal_bsp.a(alt_main.o)
 .debug_aranges
                0x000000a8       0x20 ../pc-8001onDE0_subsystem_bsp/\libhal_bsp.a(alt_printf.o)
 .debug_aranges
                0x000000c8       0x20 ../pc-8001onDE0_subsystem_bsp/\libhal_bsp.a(alt_putchar.o)
 .debug_aranges
                0x000000e8       0x20 ../pc-8001onDE0_subsystem_bsp/\libhal_bsp.a(alt_putstr.o)
 .debug_aranges
                0x00000108       0x20 ../pc-8001onDE0_subsystem_bsp/\libhal_bsp.a(alt_sys_init.o)
 .debug_aranges
                0x00000128       0x20 ../pc-8001onDE0_subsystem_bsp/\libhal_bsp.a(altera_avalon_jtag_uart_write.o)
 .debug_aranges
                0x00000148       0x20 ../pc-8001onDE0_subsystem_bsp/\libhal_bsp.a(alt_dcache_flush_all.o)
 .debug_aranges
                0x00000168       0x20 ../pc-8001onDE0_subsystem_bsp/\libhal_bsp.a(alt_icache_flush_all.o)
 .debug_aranges
                0x00000188       0x30 ../pc-8001onDE0_subsystem_bsp/\libhal_bsp.a(alt_irq_entry.o)
 .debug_aranges
                0x000001b8       0x28 ../pc-8001onDE0_subsystem_bsp/\libhal_bsp.a(alt_irq_handler.o)
 .debug_aranges
                0x000001e0       0x20 ../pc-8001onDE0_subsystem_bsp/\libhal_bsp.a(altera_nios2_irq.o)
 .debug_aranges
                0x00000200       0x38 ../pc-8001onDE0_subsystem_bsp/\libhal_bsp.a(alt_exception_entry.o)
 .debug_aranges
                0x00000238       0x20 c:/altera/11.1sp1/nios2eds/bin/gnu/h-i686-mingw32/bin/../lib/gcc/nios2-elf/4.1.2/../../../../nios2-elf/lib/mno-hw-mul\libsmallc.a(lib_a-strlen.o)

.debug_pubnames
                0x00000000      0x2a4
 *(.debug_pubnames)
 .debug_pubnames
                0x00000000       0x32 obj/default/main.o
 .debug_pubnames
                0x00000032       0x27 ../pc-8001onDE0_subsystem_bsp/\libhal_bsp.a(alt_irq_register.o)
 .debug_pubnames
                0x00000059       0x3b ../pc-8001onDE0_subsystem_bsp/\libhal_bsp.a(alt_irq_vars.o)
 .debug_pubnames
                0x00000094       0x1f ../pc-8001onDE0_subsystem_bsp/\libhal_bsp.a(alt_load.o)
 .debug_pubnames
                0x000000b3       0x46 ../pc-8001onDE0_subsystem_bsp/\libhal_bsp.a(alt_main.o)
 .debug_pubnames
                0x000000f9       0x21 ../pc-8001onDE0_subsystem_bsp/\libhal_bsp.a(alt_printf.o)
 .debug_pubnames
                0x0000011a       0x22 ../pc-8001onDE0_subsystem_bsp/\libhal_bsp.a(alt_putchar.o)
 .debug_pubnames
                0x0000013c       0x21 ../pc-8001onDE0_subsystem_bsp/\libhal_bsp.a(alt_putstr.o)
 .debug_pubnames
                0x0000015d       0x42 ../pc-8001onDE0_subsystem_bsp/\libhal_bsp.a(alt_sys_init.o)
 .debug_pubnames
                0x0000019f       0x34 ../pc-8001onDE0_subsystem_bsp/\libhal_bsp.a(altera_avalon_jtag_uart_write.o)
 .debug_pubnames
                0x000001d3       0x2b ../pc-8001onDE0_subsystem_bsp/\libhal_bsp.a(alt_dcache_flush_all.o)
 .debug_pubnames
                0x000001fe       0x2b ../pc-8001onDE0_subsystem_bsp/\libhal_bsp.a(alt_icache_flush_all.o)
 .debug_pubnames
                0x00000229       0x32 ../pc-8001onDE0_subsystem_bsp/\libhal_bsp.a(alt_irq_handler.o)
 .debug_pubnames
                0x0000025b       0x2c ../pc-8001onDE0_subsystem_bsp/\libhal_bsp.a(altera_nios2_irq.o)
 .debug_pubnames
                0x00000287       0x1d c:/altera/11.1sp1/nios2eds/bin/gnu/h-i686-mingw32/bin/../lib/gcc/nios2-elf/4.1.2/../../../../nios2-elf/lib/mno-hw-mul\libsmallc.a(lib_a-strlen.o)

.debug_info     0x00000000     0x1300
 *(.debug_info .gnu.linkonce.wi.*)
 .debug_info    0x00000000       0x92 ../pc-8001onDE0_subsystem_bsp//obj/HAL/src/crt0.o
 .debug_info    0x00000092      0x1a6 obj/default/main.o
 .debug_info    0x00000238      0x2f4 ../pc-8001onDE0_subsystem_bsp/\libhal_bsp.a(alt_irq_register.o)
 .debug_info    0x0000052c       0x92 ../pc-8001onDE0_subsystem_bsp/\libhal_bsp.a(alt_irq_vars.o)
 .debug_info    0x000005be      0x12e ../pc-8001onDE0_subsystem_bsp/\libhal_bsp.a(alt_load.o)
 .debug_info    0x000006ec      0x125 ../pc-8001onDE0_subsystem_bsp/\libhal_bsp.a(alt_main.o)
 .debug_info    0x00000811      0x11d ../pc-8001onDE0_subsystem_bsp/\libhal_bsp.a(alt_printf.o)
 .debug_info    0x0000092e       0xc5 ../pc-8001onDE0_subsystem_bsp/\libhal_bsp.a(alt_putchar.o)
 .debug_info    0x000009f3       0xc5 ../pc-8001onDE0_subsystem_bsp/\libhal_bsp.a(alt_putstr.o)
 .debug_info    0x00000ab8      0x199 ../pc-8001onDE0_subsystem_bsp/\libhal_bsp.a(alt_sys_init.o)
 .debug_info    0x00000c51      0x18f ../pc-8001onDE0_subsystem_bsp/\libhal_bsp.a(altera_avalon_jtag_uart_write.o)
 .debug_info    0x00000de0       0x8d ../pc-8001onDE0_subsystem_bsp/\libhal_bsp.a(alt_dcache_flush_all.o)
 .debug_info    0x00000e6d       0x8d ../pc-8001onDE0_subsystem_bsp/\libhal_bsp.a(alt_icache_flush_all.o)
 .debug_info    0x00000efa       0x9b ../pc-8001onDE0_subsystem_bsp/\libhal_bsp.a(alt_irq_entry.o)
 .debug_info    0x00000f95      0x17b ../pc-8001onDE0_subsystem_bsp/\libhal_bsp.a(alt_irq_handler.o)
 .debug_info    0x00001110       0x8d ../pc-8001onDE0_subsystem_bsp/\libhal_bsp.a(altera_nios2_irq.o)
 .debug_info    0x0000119d       0xa1 ../pc-8001onDE0_subsystem_bsp/\libhal_bsp.a(alt_exception_entry.o)
 .debug_info    0x0000123e       0xc2 c:/altera/11.1sp1/nios2eds/bin/gnu/h-i686-mingw32/bin/../lib/gcc/nios2-elf/4.1.2/../../../../nios2-elf/lib/mno-hw-mul\libsmallc.a(lib_a-strlen.o)

.debug_abbrev   0x00000000      0xa49
 *(.debug_abbrev)
 .debug_abbrev  0x00000000       0x12 ../pc-8001onDE0_subsystem_bsp//obj/HAL/src/crt0.o
 .debug_abbrev  0x00000012      0x11c obj/default/main.o
 .debug_abbrev  0x0000012e      0x190 ../pc-8001onDE0_subsystem_bsp/\libhal_bsp.a(alt_irq_register.o)
 .debug_abbrev  0x000002be       0x44 ../pc-8001onDE0_subsystem_bsp/\libhal_bsp.a(alt_irq_vars.o)
 .debug_abbrev  0x00000302       0x97 ../pc-8001onDE0_subsystem_bsp/\libhal_bsp.a(alt_load.o)
 .debug_abbrev  0x00000399       0xa6 ../pc-8001onDE0_subsystem_bsp/\libhal_bsp.a(alt_main.o)
 .debug_abbrev  0x0000043f       0xc7 ../pc-8001onDE0_subsystem_bsp/\libhal_bsp.a(alt_printf.o)
 .debug_abbrev  0x00000506       0x7b ../pc-8001onDE0_subsystem_bsp/\libhal_bsp.a(alt_putchar.o)
 .debug_abbrev  0x00000581       0x7c ../pc-8001onDE0_subsystem_bsp/\libhal_bsp.a(alt_putstr.o)
 .debug_abbrev  0x000005fd       0xea ../pc-8001onDE0_subsystem_bsp/\libhal_bsp.a(alt_sys_init.o)
 .debug_abbrev  0x000006e7       0xf0 ../pc-8001onDE0_subsystem_bsp/\libhal_bsp.a(altera_avalon_jtag_uart_write.o)
 .debug_abbrev  0x000007d7       0x3f ../pc-8001onDE0_subsystem_bsp/\libhal_bsp.a(alt_dcache_flush_all.o)
 .debug_abbrev  0x00000816       0x3f ../pc-8001onDE0_subsystem_bsp/\libhal_bsp.a(alt_icache_flush_all.o)
 .debug_abbrev  0x00000855       0x12 ../pc-8001onDE0_subsystem_bsp/\libhal_bsp.a(alt_irq_entry.o)
 .debug_abbrev  0x00000867      0x117 ../pc-8001onDE0_subsystem_bsp/\libhal_bsp.a(alt_irq_handler.o)
 .debug_abbrev  0x0000097e       0x3f ../pc-8001onDE0_subsystem_bsp/\libhal_bsp.a(altera_nios2_irq.o)
 .debug_abbrev  0x000009bd       0x12 ../pc-8001onDE0_subsystem_bsp/\libhal_bsp.a(alt_exception_entry.o)
 .debug_abbrev  0x000009cf       0x7a c:/altera/11.1sp1/nios2eds/bin/gnu/h-i686-mingw32/bin/../lib/gcc/nios2-elf/4.1.2/../../../../nios2-elf/lib/mno-hw-mul\libsmallc.a(lib_a-strlen.o)

.debug_line     0x00000000     0x2162
 *(.debug_line)
 .debug_line    0x00000000       0x66 ../pc-8001onDE0_subsystem_bsp//obj/HAL/src/crt0.o
 .debug_line    0x00000066      0x317 obj/default/main.o
 .debug_line    0x0000037d      0x292 ../pc-8001onDE0_subsystem_bsp/\libhal_bsp.a(alt_irq_register.o)
 .debug_line    0x0000060f       0x72 ../pc-8001onDE0_subsystem_bsp/\libhal_bsp.a(alt_irq_vars.o)
 .debug_line    0x00000681      0x217 ../pc-8001onDE0_subsystem_bsp/\libhal_bsp.a(alt_load.o)
 .debug_line    0x00000898      0x2c2 ../pc-8001onDE0_subsystem_bsp/\libhal_bsp.a(alt_main.o)
 .debug_line    0x00000b5a      0x1f2 ../pc-8001onDE0_subsystem_bsp/\libhal_bsp.a(alt_printf.o)
 .debug_line    0x00000d4c      0x1f2 ../pc-8001onDE0_subsystem_bsp/\libhal_bsp.a(alt_putchar.o)
 .debug_line    0x00000f3e      0x1d9 ../pc-8001onDE0_subsystem_bsp/\libhal_bsp.a(alt_putstr.o)
 .debug_line    0x00001117      0x29f ../pc-8001onDE0_subsystem_bsp/\libhal_bsp.a(alt_sys_init.o)
 .debug_line    0x000013b6      0x2f4 ../pc-8001onDE0_subsystem_bsp/\libhal_bsp.a(altera_avalon_jtag_uart_write.o)
 .debug_line    0x000016aa      0x1b5 ../pc-8001onDE0_subsystem_bsp/\libhal_bsp.a(alt_dcache_flush_all.o)
 .debug_line    0x0000185f      0x1b5 ../pc-8001onDE0_subsystem_bsp/\libhal_bsp.a(alt_icache_flush_all.o)
 .debug_line    0x00001a14       0x6b ../pc-8001onDE0_subsystem_bsp/\libhal_bsp.a(alt_irq_entry.o)
 .debug_line    0x00001a7f      0x21f ../pc-8001onDE0_subsystem_bsp/\libhal_bsp.a(alt_irq_handler.o)
 .debug_line    0x00001c9e      0x1c9 ../pc-8001onDE0_subsystem_bsp/\libhal_bsp.a(altera_nios2_irq.o)
 .debug_line    0x00001e67       0xab ../pc-8001onDE0_subsystem_bsp/\libhal_bsp.a(alt_exception_entry.o)
 .debug_line    0x00001f12      0x250 c:/altera/11.1sp1/nios2eds/bin/gnu/h-i686-mingw32/bin/../lib/gcc/nios2-elf/4.1.2/../../../../nios2-elf/lib/mno-hw-mul\libsmallc.a(lib_a-strlen.o)

.debug_frame    0x00000000      0x238
 *(.debug_frame)
 .debug_frame   0x00000000       0x38 obj/default/main.o
 .debug_frame   0x00000038       0x20 ../pc-8001onDE0_subsystem_bsp/\libhal_bsp.a(alt_irq_register.o)
 .debug_frame   0x00000058       0x38 ../pc-8001onDE0_subsystem_bsp/\libhal_bsp.a(alt_load.o)
 .debug_frame   0x00000090       0x28 ../pc-8001onDE0_subsystem_bsp/\libhal_bsp.a(alt_main.o)
 .debug_frame   0x000000b8       0x2c ../pc-8001onDE0_subsystem_bsp/\libhal_bsp.a(alt_printf.o)
 .debug_frame   0x000000e4       0x2c ../pc-8001onDE0_subsystem_bsp/\libhal_bsp.a(alt_putchar.o)
 .debug_frame   0x00000110       0x28 ../pc-8001onDE0_subsystem_bsp/\libhal_bsp.a(alt_putstr.o)
 .debug_frame   0x00000138       0x38 ../pc-8001onDE0_subsystem_bsp/\libhal_bsp.a(alt_sys_init.o)
 .debug_frame   0x00000170       0x20 ../pc-8001onDE0_subsystem_bsp/\libhal_bsp.a(altera_avalon_jtag_uart_write.o)
 .debug_frame   0x00000190       0x20 ../pc-8001onDE0_subsystem_bsp/\libhal_bsp.a(alt_dcache_flush_all.o)
 .debug_frame   0x000001b0       0x20 ../pc-8001onDE0_subsystem_bsp/\libhal_bsp.a(alt_icache_flush_all.o)
 .debug_frame   0x000001d0       0x28 ../pc-8001onDE0_subsystem_bsp/\libhal_bsp.a(alt_irq_handler.o)
 .debug_frame   0x000001f8       0x20 ../pc-8001onDE0_subsystem_bsp/\libhal_bsp.a(altera_nios2_irq.o)
 .debug_frame   0x00000218       0x20 c:/altera/11.1sp1/nios2eds/bin/gnu/h-i686-mingw32/bin/../lib/gcc/nios2-elf/4.1.2/../../../../nios2-elf/lib/mno-hw-mul\libsmallc.a(lib_a-strlen.o)

.debug_str      0x00000000      0x718
 *(.debug_str)
 .debug_str     0x00000000      0x149 obj/default/main.o
                                0x196 (size before relaxing)
 .debug_str     0x00000149      0x10f ../pc-8001onDE0_subsystem_bsp/\libhal_bsp.a(alt_irq_register.o)
                                0x1dd (size before relaxing)
 .debug_str     0x00000258       0x17 ../pc-8001onDE0_subsystem_bsp/\libhal_bsp.a(alt_irq_vars.o)
                                0x124 (size before relaxing)
 .debug_str     0x0000026f       0xe9 ../pc-8001onDE0_subsystem_bsp/\libhal_bsp.a(alt_load.o)
                                0x1e7 (size before relaxing)
 .debug_str     0x00000358       0x44 ../pc-8001onDE0_subsystem_bsp/\libhal_bsp.a(alt_main.o)
                                0x16b (size before relaxing)
 .debug_str     0x0000039c       0x46 ../pc-8001onDE0_subsystem_bsp/\libhal_bsp.a(alt_printf.o)
                                 0xd2 (size before relaxing)
 .debug_str     0x000003e2       0x4c ../pc-8001onDE0_subsystem_bsp/\libhal_bsp.a(alt_putchar.o)
                                0x142 (size before relaxing)
 .debug_str     0x0000042e       0x20 ../pc-8001onDE0_subsystem_bsp/\libhal_bsp.a(alt_putstr.o)
                                0x140 (size before relaxing)
 .debug_str     0x0000044e       0xb8 ../pc-8001onDE0_subsystem_bsp/\libhal_bsp.a(alt_sys_init.o)
                                0x216 (size before relaxing)
 .debug_str     0x00000506       0x56 ../pc-8001onDE0_subsystem_bsp/\libhal_bsp.a(altera_avalon_jtag_uart_write.o)
                                0x1e3 (size before relaxing)
 .debug_str     0x0000055c       0x34 ../pc-8001onDE0_subsystem_bsp/\libhal_bsp.a(alt_dcache_flush_all.o)
                                0x12a (size before relaxing)
 .debug_str     0x00000590       0x34 ../pc-8001onDE0_subsystem_bsp/\libhal_bsp.a(alt_icache_flush_all.o)
                                0x12a (size before relaxing)
 .debug_str     0x000005c4       0x3a ../pc-8001onDE0_subsystem_bsp/\libhal_bsp.a(alt_irq_handler.o)
                                0x16c (size before relaxing)
 .debug_str     0x000005fe       0x31 ../pc-8001onDE0_subsystem_bsp/\libhal_bsp.a(altera_nios2_irq.o)
                                0x127 (size before relaxing)
 .debug_str     0x0000062f       0xe9 c:/altera/11.1sp1/nios2eds/bin/gnu/h-i686-mingw32/bin/../lib/gcc/nios2-elf/4.1.2/../../../../nios2-elf/lib/mno-hw-mul\libsmallc.a(lib_a-strlen.o)
                                0x184 (size before relaxing)

.debug_loc      0x00000000      0x37a
 *(.debug_loc)
 .debug_loc     0x00000000       0x1f obj/default/main.o
 .debug_loc     0x0000001f       0x52 ../pc-8001onDE0_subsystem_bsp/\libhal_bsp.a(alt_irq_register.o)
 .debug_loc     0x00000071       0x1f ../pc-8001onDE0_subsystem_bsp/\libhal_bsp.a(alt_load.o)
 .debug_loc     0x00000090       0x1f ../pc-8001onDE0_subsystem_bsp/\libhal_bsp.a(alt_main.o)
 .debug_loc     0x000000af      0x175 ../pc-8001onDE0_subsystem_bsp/\libhal_bsp.a(alt_printf.o)
 .debug_loc     0x00000224       0x3d ../pc-8001onDE0_subsystem_bsp/\libhal_bsp.a(alt_putchar.o)
 .debug_loc     0x00000261       0x48 ../pc-8001onDE0_subsystem_bsp/\libhal_bsp.a(alt_putstr.o)
 .debug_loc     0x000002a9       0x32 ../pc-8001onDE0_subsystem_bsp/\libhal_bsp.a(alt_sys_init.o)
 .debug_loc     0x000002db       0x26 ../pc-8001onDE0_subsystem_bsp/\libhal_bsp.a(altera_avalon_jtag_uart_write.o)
 .debug_loc     0x00000301       0x5b ../pc-8001onDE0_subsystem_bsp/\libhal_bsp.a(alt_irq_handler.o)
 .debug_loc     0x0000035c       0x1e c:/altera/11.1sp1/nios2eds/bin/gnu/h-i686-mingw32/bin/../lib/gcc/nios2-elf/4.1.2/../../../../nios2-elf/lib/mno-hw-mul\libsmallc.a(lib_a-strlen.o)

.debug_macinfo
 *(.debug_macinfo)

.debug_weaknames
 *(.debug_weaknames)

.debug_funcnames
 *(.debug_funcnames)

.debug_typenames
 *(.debug_typenames)

.debug_varnames
 *(.debug_varnames)

.debug_alt_sim_info
                0x00000000       0x10
 *(.debug_alt_sim_info)
 .debug_alt_sim_info
                0x00000000       0x10 ../pc-8001onDE0_subsystem_bsp//obj/HAL/src/crt0.o
                0x00004000                __alt_data_end = 0x4000
                0x00004000                PROVIDE (__alt_stack_pointer, __alt_data_end)
                0x0000281c                PROVIDE (__alt_stack_limit, __alt_stack_base)
                0x0000281c                PROVIDE (__alt_heap_start, end)
                0x00004000                PROVIDE (__alt_heap_limit, 0x4000)
OUTPUT(pc-8001onDE0_subsystem.elf elf32-littlenios2)

.debug_ranges   0x00000000       0x90
 .debug_ranges  0x00000000       0x20 ../pc-8001onDE0_subsystem_bsp//obj/HAL/src/crt0.o
 .debug_ranges  0x00000020       0x28 ../pc-8001onDE0_subsystem_bsp/\libhal_bsp.a(alt_irq_entry.o)
 .debug_ranges  0x00000048       0x18 ../pc-8001onDE0_subsystem_bsp/\libhal_bsp.a(alt_irq_handler.o)
 .debug_ranges  0x00000060       0x30 ../pc-8001onDE0_subsystem_bsp/\libhal_bsp.a(alt_exception_entry.o)
